Archive member included to satisfy reference by file (symbol)

app/libapp.a(main.c.obj)      (--whole-archive)
app/libapp.a(cdc_handler.c.obj)
                              (--whole-archive)
app/libapp.a(pfet_control.c.obj)
                              (--whole-archive)
app/libapp.a(gs_usb_can.c.obj)
                              (--whole-archive)
app/libapp.a(usb_gs_usb_class.c.obj)
                              (--whole-archive)
zephyr/libzephyr.a(validate_libc.c.obj)
                              (--whole-archive)
zephyr/libzephyr.a(heap.c.obj)
                              (--whole-archive)
zephyr/libzephyr.a(cbprintf_packaged.c.obj)
                              (--whole-archive)
zephyr/libzephyr.a(clock.c.obj)
                              (--whole-archive)
zephyr/libzephyr.a(printk.c.obj)
                              (--whole-archive)
zephyr/libzephyr.a(sem.c.obj)
                              (--whole-archive)
zephyr/libzephyr.a(thread_entry.c.obj)
                              (--whole-archive)
zephyr/libzephyr.a(cbprintf_complete.c.obj)
                              (--whole-archive)
zephyr/libzephyr.a(assert.c.obj)
                              (--whole-archive)
zephyr/libzephyr.a(mpsc_pbuf.c.obj)
                              (--whole-archive)
zephyr/libzephyr.a(dec.c.obj)
                              (--whole-archive)
zephyr/libzephyr.a(hex.c.obj)
                              (--whole-archive)
zephyr/libzephyr.a(rb.c.obj)  (--whole-archive)
zephyr/libzephyr.a(timeutil.c.obj)
                              (--whole-archive)
zephyr/libzephyr.a(bitarray.c.obj)
                              (--whole-archive)
zephyr/libzephyr.a(bitmask.c.obj)
                              (--whole-archive)
zephyr/libzephyr.a(ring_buffer.c.obj)
                              (--whole-archive)
zephyr/libzephyr.a(last_section_id.c.obj)
                              (--whole-archive)
zephyr/libzephyr.a(configs.c.obj)
                              (--whole-archive)
zephyr/libzephyr.a(stm32cube_hal.c.obj)
                              (--whole-archive)
zephyr/libzephyr.a(soc_config.c.obj)
                              (--whole-archive)
zephyr/libzephyr.a(stm32_backup_domain.c.obj)
                              (--whole-archive)
zephyr/libzephyr.a(soc.c.obj)
                              (--whole-archive)
zephyr/libzephyr.a(log_core.c.obj)
                              (--whole-archive)
zephyr/libzephyr.a(log_mgmt.c.obj)
                              (--whole-archive)
zephyr/libzephyr.a(log_cache.c.obj)
                              (--whole-archive)
zephyr/libzephyr.a(log_msg.c.obj)
                              (--whole-archive)
zephyr/libzephyr.a(log_output.c.obj)
                              (--whole-archive)
zephyr/libzephyr.a(log_backend_uart.c.obj)
                              (--whole-archive)
zephyr/libzephyr.a(tracing_none.c.obj)
                              (--whole-archive)
zephyr/libzephyr.a(usb_device.c.obj)
                              (--whole-archive)
zephyr/libzephyr.a(usb_descriptor.c.obj)
                              (--whole-archive)
zephyr/libzephyr.a(usb_transfer.c.obj)
                              (--whole-archive)
zephyr/arch/common/libarch__common.a(sw_isr_common.c.obj)
                              (--whole-archive)
zephyr/arch/common/libarch__common.a(init.c.obj)
                              (--whole-archive)
zephyr/arch/common/libarch__common.a(xip.c.obj)
                              (--whole-archive)
zephyr/arch/arch/arm/core/libarch__arm__core.a(fatal.c.obj)
                              (--whole-archive)
zephyr/arch/arch/arm/core/libarch__arm__core.a(nmi.c.obj)
                              (--whole-archive)
zephyr/arch/arch/arm/core/libarch__arm__core.a(nmi_on_reset.S.obj)
                              (--whole-archive)
zephyr/arch/arch/arm/core/libarch__arm__core.a(tls.c.obj)
                              (--whole-archive)
zephyr/arch/arch/arm/core/cortex_m/libarch__arm__core__cortex_m.a(exc_exit.c.obj)
                              (--whole-archive)
zephyr/arch/arch/arm/core/cortex_m/libarch__arm__core__cortex_m.a(fault.c.obj)
                              (--whole-archive)
zephyr/arch/arch/arm/core/cortex_m/libarch__arm__core__cortex_m.a(fault_s.S.obj)
                              (--whole-archive)
zephyr/arch/arch/arm/core/cortex_m/libarch__arm__core__cortex_m.a(fpu.c.obj)
                              (--whole-archive)
zephyr/arch/arch/arm/core/cortex_m/libarch__arm__core__cortex_m.a(reset.S.obj)
                              (--whole-archive)
zephyr/arch/arch/arm/core/cortex_m/libarch__arm__core__cortex_m.a(scb.c.obj)
                              (--whole-archive)
zephyr/arch/arch/arm/core/cortex_m/libarch__arm__core__cortex_m.a(thread_abort.c.obj)
                              (--whole-archive)
zephyr/arch/arch/arm/core/cortex_m/libarch__arm__core__cortex_m.a(vector_table.S.obj)
                              (--whole-archive)
[...]
Memory Configuration

Name             Origin             Length             Attributes
FLASH            0x0000000008000000 0x0000000000080000 xr
RAM              0x0000000020000000 0x0000000000024000 xw
SRAM0            0x0000000020000000 0x0000000000024000 rw
IDT_LIST         0x00000000ffff7fff 0x0000000000008000 xw
*default*        0x0000000000000000 0xffffffffffffffff

Linker script and memory map

                0x0000000008007174                vfprintf = __l_vfprintf
                0x0000000000000000                vfscanf = __l_vfscanf
LOAD zephyr/CMakeFiles/zephyr_pre0.dir/misc/empty_file.c.obj
LOAD zephyr/CMakeFiles/offsets.dir/./arch/arm/core/offsets/offsets.c.obj
LOAD app/libapp.a
LOAD zephyr/libzephyr.a
LOAD zephyr/arch/common/libarch__common.a
LOAD zephyr/arch/arch/arm/core/libarch__arm__core.a
LOAD zephyr/arch/arch/arm/core/cortex_m/libarch__arm__core__cortex_m.a
LOAD zephyr/lib/libc/picolibc/liblib__libc__picolibc.a
LOAD zephyr/lib/libc/common/liblib__libc__common.a
LOAD zephyr/lib/posix/c_lib_ext/liblib__posix__c_lib_ext.a
LOAD zephyr/drivers/interrupt_controller/libdrivers__interrupt_controller.a
LOAD zephyr/drivers/usb/device/libdrivers__usb__device.a
LOAD zephyr/drivers/can/libdrivers__can.a
LOAD zephyr/drivers/clock_control/libdrivers__clock_control.a
LOAD zephyr/drivers/console/libdrivers__console.a
LOAD zephyr/drivers/gpio/libdrivers__gpio.a
LOAD zephyr/drivers/hwinfo/libdrivers__hwinfo.a
LOAD zephyr/drivers/pinctrl/libdrivers__pinctrl.a
LOAD zephyr/drivers/reset/libdrivers__reset.a
LOAD zephyr/drivers/serial/libdrivers__serial.a
LOAD zephyr/drivers/timer/libdrivers__timer.a
LOAD modules/hal_stm32/stm32cube/lib..__modules__hal__stm32__stm32cube.a
LOAD zephyr/kernel/libkernel.a
LOAD zephyr/arch/common/libisr_tables.a
LOAD c:\users\iteedi\zephyr-sdk-0.17.4\arm-zephyr-eabi\bin\../lib/gcc/../../picolibc/arm-zephyr-eabi/lib/thumb/v6-m/nofp\libc.a
LOAD c:/users/iteedi/zephyr-sdk-0.17.4/arm-zephyr-eabi/bin/../lib/gcc/arm-zephyr-eabi/12.2.0/thumb/v6-m/nofp\libgcc.a
                0x0000000000000004                _region_min_align = 0x4

.rel.plt        0x0000000008000000        0x0
 *(SORT_BY_ALIGNMENT(.rel.plt))
                [!provide]                        PROVIDE (__rel_iplt_start = .)
 *(SORT_BY_ALIGNMENT(.rel.iplt))
 .rel.iplt      0x0000000008000000        0x0 app/libapp.a(main.c.obj)
                [!provide]                        PROVIDE (__rel_iplt_end = .)

.rela.plt       0x0000000000000000        0x0
 *(SORT_BY_ALIGNMENT(.rela.plt))
                [!provide]                        PROVIDE (__rela_iplt_start = .)
 *(SORT_BY_ALIGNMENT(.rela.iplt))
                [!provide]                        PROVIDE (__rela_iplt_end = .)

.rel.dyn
 *(SORT_BY_ALIGNMENT(.rel.*))

.rela.dyn
 *(SORT_BY_ALIGNMENT(.rela.*))

/DISCARD/
 *(SORT_BY_ALIGNMENT(.plt))

/DISCARD/
 *(SORT_BY_ALIGNMENT(.iplt))
                0x0000000008000000                __rom_region_start = 0x8000000

rom_start       0x0000000008000000       0xbc
                0x0000000008000000                __rom_start_address = .
 FILL mask 0x00
                0x0000000008000000                . = (. + (0x0 - (. - __rom_start_address)))
                0x0000000008000000                . = ALIGN (0x4)
                0x0000000008000000                . = ALIGN (0x100)
                0x0000000008000000                . = ALIGN (0x100)
                0x0000000008000000                _vector_start = .
 *(SORT_BY_ALIGNMENT(.exc_vector_table))
 *(SORT_BY_ALIGNMENT(.exc_vector_table.*))
 .exc_vector_table._vector_table_section
                0x0000000008000000       0x40 zephyr/arch/arch/arm/core/cortex_m/libarch__arm__core__cortex_m.a(vector_table.S.obj)
                0x0000000008000000                _vector_table
 *(SORT_BY_ALIGNMENT(.vectors))
                0x00000000080000bc                _vector_end = .
                0x0000000008000040                . = ALIGN (0x4)
 *(SORT_BY_ALIGNMENT(.gnu.linkonce.irq_vector_table*))
 .gnu.linkonce.irq_vector_table
                0x0000000008000040       0x7c zephyr/arch/common/libisr_tables.a(isr_tables.c.obj)
                0x0000000008000040                _irq_vector_table
                0x00000000080000bc                _vector_end = .

text            0x00000000080000bc     0x8c40
                0x00000000080000bc                __text_region_start = .
 *(SORT_BY_ALIGNMENT(.text))
 .text          0x00000000080000bc       0x14 c:/users/iteedi/zephyr-sdk-0.17.4/arm-zephyr-eabi/bin/../lib/gcc/arm-zephyr-eabi/12.2.0/thumb/v6-m/nofp\libgcc.a(_thumb1_case_sqi.o)
                0x00000000080000bc                __gnu_thumb1_case_sqi
 .text          0x00000000080000d0       0x14 c:/users/iteedi/zephyr-sdk-0.17.4/arm-zephyr-eabi/bin/../lib/gcc/arm-zephyr-eabi/12.2.0/thumb/v6-m/nofp\libgcc.a(_thumb1_case_uqi.o)
                0x00000000080000d0                __gnu_thumb1_case_uqi
 .text          0x00000000080000e4       0x8c c:/users/iteedi/zephyr-sdk-0.17.4/arm-zephyr-eabi/bin/../lib/gcc/arm-zephyr-eabi/12.2.0/thumb/v6-m/nofp\libgcc.a(_udivsi3.o)
                0x00000000080000e4                __aeabi_uidiv
                0x00000000080000e4                __udivsi3
                0x000000000800015c                __aeabi_uidivmod
 .text          0x0000000008000170        0x4 c:/users/iteedi/zephyr-sdk-0.17.4/arm-zephyr-eabi/bin/../lib/gcc/arm-zephyr-eabi/12.2.0/thumb/v6-m/nofp\libgcc.a(_dvmd_tls.o)
                0x0000000008000170                __aeabi_idiv0
                0x0000000008000170                __aeabi_ldiv0
 .text          0x0000000008000174       0x3c c:/users/iteedi/zephyr-sdk-0.17.4/arm-zephyr-eabi/bin/../lib/gcc/arm-zephyr-eabi/12.2.0/thumb/v6-m/nofp\libgcc.a(_clzsi2.o)
                0x0000000008000174                __clzsi2
 .text          0x00000000080001b0       0x40 c:/users/iteedi/zephyr-sdk-0.17.4/arm-zephyr-eabi/bin/../lib/gcc/arm-zephyr-eabi/12.2.0/thumb/v6-m/nofp\libgcc.a(_ctzsi2.o)
                0x00000000080001b0                __ctzsi2
 .text          0x00000000080001f0       0x40 c:/users/iteedi/zephyr-sdk-0.17.4/arm-zephyr-eabi/bin/../lib/gcc/arm-zephyr-eabi/12.2.0/thumb/v6-m/nofp\libgcc.a(_aeabi_uldivmod.o)
                0x00000000080001f0                __aeabi_uldivmod
 .text          0x0000000008000230       0x18 c:/users/iteedi/zephyr-sdk-0.17.4/arm-zephyr-eabi/bin/../lib/gcc/arm-zephyr-eabi/12.2.0/thumb/v6-m/nofp\libgcc.a(_lshrdi3.o)
                0x0000000008000230                __lshrdi3
                0x0000000008000230                __aeabi_llsr
 .text          0x0000000008000248       0x18 c:/users/iteedi/zephyr-sdk-0.17.4/arm-zephyr-eabi/bin/../lib/gcc/arm-zephyr-eabi/12.2.0/thumb/v6-m/nofp\libgcc.a(_ashldi3.o)
                0x0000000008000248                __aeabi_llsl
                0x0000000008000248                __ashldi3
 .text          0x0000000008000260       0x18 c:/users/iteedi/zephyr-sdk-0.17.4/arm-zephyr-eabi/bin/../lib/gcc/arm-zephyr-eabi/12.2.0/thumb/v6-m/nofp\libgcc.a(_clzdi2.o)
                0x0000000008000260                __clzdi2
 .text          0x0000000008000278       0x10 c:\users\iteedi\zephyr-sdk-0.17.4\arm-zephyr-eabi\bin\../lib/gcc/../../picolibc/arm-zephyr-eabi/lib/thumb/v6-m/nofp\libc.a(strcpy.S.o)
                0x0000000008000278                strcpy
 .text          0x0000000008000288        0xe c:\users\iteedi\zephyr-sdk-0.17.4\arm-zephyr-eabi\bin\../lib/gcc/../../picolibc/arm-zephyr-eabi/lib/thumb/v6-m/nofp\libc.a(strlen.S.o)
                0x0000000008000288                strlen
 .text          0x0000000008000296       0xde c:/users/iteedi/zephyr-sdk-0.17.4/arm-zephyr-eabi/bin/../lib/gcc/arm-zephyr-eabi/12.2.0/thumb/v6-m/nofp\libgcc.a(_udivmoddi4.o)
                0x0000000008000296                __udivmoddi4
 *(SORT_BY_ALIGNMENT(.text.*))
 .text.main     0x0000000008000374       0xd4 app/libapp.a(main.c.obj)
                0x0000000008000374                main
 .text.cdc_handler_init
                0x0000000008000448       0x38 app/libapp.a(cdc_handler.c.obj)
                0x0000000008000448                cdc_handler_init
 .text.cdc_handler_process
                0x0000000008000480      0x158 app/libapp.a(cdc_handler.c.obj)
                0x0000000008000480                cdc_handler_process
 .text.gpio_pin_configure_dt.constprop.0
                0x00000000080005d8       0x4c app/libapp.a(pfet_control.c.obj)
 .text.pfet_control_init
                0x0000000008000624       0x84 app/libapp.a(pfet_control.c.obj)
                0x0000000008000624                pfet_control_init
 .text.pfet_set_state
                0x00000000080006a8       0xa0 app/libapp.a(pfet_control.c.obj)
                0x00000000080006a8                pfet_set_state
 .text.pfet_get_state
                0x0000000008000748       0x20 app/libapp.a(pfet_control.c.obj)
                0x0000000008000748                pfet_get_state
 .text.can_rx_callback
                0x0000000008000768       0xb8 app/libapp.a(gs_usb_can.c.obj)
 .text.gs_usb_can_init
                0x0000000008000820       0x98 app/libapp.a(gs_usb_can.c.obj)
                0x0000000008000820                gs_usb_can_init
 .text.gs_usb_send_frame_to_host
                0x00000000080008b8       0x38 app/libapp.a(usb_gs_usb_class.c.obj)
                0x00000000080008b8                gs_usb_send_frame_to_host
 .text.usb_gs_usb_init
                0x00000000080008f0       0x18 app/libapp.a(usb_gs_usb_class.c.obj)
                0x00000000080008f0                usb_gs_usb_init
 .text.cbvprintf_package
                0x0000000008000908      0x3b8 zephyr/libzephyr.a(cbprintf_packaged.c.obj)
                0x0000000008000908                cbvprintf_package
 .text.cbprintf_package_convert
                0x0000000008000cc0      0x430 zephyr/libzephyr.a(cbprintf_packaged.c.obj)
                0x0000000008000cc0                cbprintf_package_convert
 .text.__printk_hook_install
                0x00000000080010f0        0xc zephyr/libzephyr.a(printk.c.obj)
                0x00000000080010f0                __printk_hook_install
 .text.z_thread_entry
                0x00000000080010fc       0x30 zephyr/libzephyr.a(thread_entry.c.obj)
                0x00000000080010fc                z_thread_entry
 .text.st_stm32_common_config
                0x000000000800112c       0x3c zephyr/libzephyr.a(soc_config.c.obj)
 .text.soc_early_init_hook
                0x0000000008001168       0x4c zephyr/libzephyr.a(soc.c.obj)
                0x0000000008001168                soc_early_init_hook
 .text.activate_foreach_backend
                0x00000000080011b4       0x58 zephyr/libzephyr.a(log_core.c.obj)
 .text.enable_logger
                0x000000000800120c       0x5c zephyr/libzephyr.a(log_core.c.obj)
 .text.log_process_thread_timer_expiry_fn
                0x0000000008001268       0x10 zephyr/libzephyr.a(log_core.c.obj)
 .text.z_log_init
                0x0000000008001278       0x90 zephyr/libzephyr.a(log_core.c.obj)
 .text.log_format_func_t_get
                0x0000000008001308        0xc zephyr/libzephyr.a(log_core.c.obj)
                0x0000000008001308                log_format_func_t_get
 .text.log_set_timestamp_func
                0x0000000008001314       0x20 zephyr/libzephyr.a(log_core.c.obj)
                0x0000000008001314                log_set_timestamp_func
 .text.z_log_notify_backend_enabled
                0x0000000008001334       0x20 zephyr/libzephyr.a(log_core.c.obj)
                0x0000000008001334                z_log_notify_backend_enabled
 .text.z_log_dropped
                0x0000000008001354       0x34 zephyr/libzephyr.a(log_core.c.obj)
                0x0000000008001354                z_log_dropped
 .text.z_log_dropped_read_and_clear
                0x0000000008001388       0x10 zephyr/libzephyr.a(log_core.c.obj)
                0x0000000008001388                z_log_dropped_read_and_clear
 .text.dropped_notify
                0x0000000008001398       0x34 zephyr/libzephyr.a(log_core.c.obj)
                0x0000000008001398                dropped_notify
 .text.z_log_msg_init
                0x00000000080013cc       0x20 zephyr/libzephyr.a(log_core.c.obj)
                0x00000000080013cc                z_log_msg_init
 .text.log_core_init
                0x00000000080013ec       0x50 zephyr/libzephyr.a(log_core.c.obj)
                0x00000000080013ec                log_core_init
 .text.z_log_msg_alloc
                0x000000000800143c       0x18 zephyr/libzephyr.a(log_core.c.obj)
                0x000000000800143c                z_log_msg_alloc
 .text.z_log_msg_local_claim
                0x0000000008001454       0x10 zephyr/libzephyr.a(log_core.c.obj)
                0x0000000008001454                z_log_msg_local_claim
 .text.z_log_msg_free
                0x0000000008001464       0x14 zephyr/libzephyr.a(log_core.c.obj)
                0x0000000008001464                z_log_msg_free
 .text.z_log_msg_pending
                0x0000000008001478       0x10 zephyr/libzephyr.a(log_core.c.obj)
                0x0000000008001478                z_log_msg_pending
 .text.z_impl_log_process
                0x0000000008001488       0x9c zephyr/libzephyr.a(log_core.c.obj)
                0x0000000008001488                z_impl_log_process
 .text.z_impl_log_panic
                0x0000000008001524       0x48 zephyr/libzephyr.a(log_core.c.obj)
                0x0000000008001524                z_impl_log_panic
 .text.log_process_thread_func
                0x000000000800156c       0xa4 zephyr/libzephyr.a(log_core.c.obj)
 .text.z_log_msg_post_finalize
                0x0000000008001610       0x70 zephyr/libzephyr.a(log_core.c.obj)
 .text.z_log_msg_commit
                0x0000000008001680       0x24 zephyr/libzephyr.a(log_core.c.obj)
                0x0000000008001680                z_log_msg_commit
 .text.log_source_name_get
                0x00000000080016a4       0x1c zephyr/libzephyr.a(log_mgmt.c.obj)
                0x00000000080016a4                log_source_name_get
 .text.z_log_msg_simple_create
                0x00000000080016c0       0x70 zephyr/libzephyr.a(log_msg.c.obj)
 .text.z_impl_z_log_msg_static_create
                0x0000000008001730      0x130 zephyr/libzephyr.a(log_msg.c.obj)
                0x0000000008001730                z_impl_z_log_msg_static_create
 .text.z_log_msg_runtime_vcreate
                0x0000000008001860       0x9c zephyr/libzephyr.a(log_msg.c.obj)
                0x0000000008001860                z_log_msg_runtime_vcreate
 .text.log_msg_get_source_id
                0x00000000080018fc       0x1c zephyr/libzephyr.a(log_msg.c.obj)
                0x00000000080018fc                log_msg_get_source_id
 .text.print_formatted
                0x0000000008001918       0x20 zephyr/libzephyr.a(log_output.c.obj)
 .text.newline_print
                0x0000000008001938       0x20 zephyr/libzephyr.a(log_output.c.obj)
 .text.log_output_process
                0x0000000008001958      0x2cc zephyr/libzephyr.a(log_output.c.obj)
                0x0000000008001958                log_output_process
 .text.log_output_dropped_process
                0x0000000008001c24       0x58 zephyr/libzephyr.a(log_output.c.obj)
                0x0000000008001c24                log_output_dropped_process
 .text.log_output_timestamp_freq_set
                0x0000000008001c7c       0x34 zephyr/libzephyr.a(log_output.c.obj)
                0x0000000008001c7c                log_output_timestamp_freq_set
 .text.char_out
                0x0000000008001cb0       0x24 zephyr/libzephyr.a(log_backend_uart.c.obj)
 .text.arch_bss_zero
                0x0000000008001cd4       0x18 zephyr/arch/common/libarch__common.a(init.c.obj)
                0x0000000008001cd4                arch_bss_zero
 .text.arch_data_copy
                0x0000000008001cec       0x34 zephyr/arch/common/libarch__common.a(xip.c.obj)
                0x0000000008001cec                arch_data_copy
 .text.z_arm_fatal_error
                0x0000000008001d20       0xb8 zephyr/arch/arch/arm/core/libarch__arm__core.a(fatal.c.obj)
                0x0000000008001d20                z_arm_fatal_error
 .text.z_SysNmiOnReset
                0x0000000008001dd8        0x4 zephyr/arch/arch/arm/core/libarch__arm__core.a(nmi_on_reset.S.obj)
                0x0000000008001dd8                z_SysNmiOnReset
 .text.arch_tls_stack_setup
                0x0000000008001ddc       0x38 zephyr/arch/arch/arm/core/libarch__arm__core.a(tls.c.obj)
                0x0000000008001ddc                arch_tls_stack_setup
 .text._HandlerModeExit
                0x0000000008001e14       0x20 zephyr/arch/arch/arm/core/cortex_m/libarch__arm__core__cortex_m.a(exc_exit.c.obj)
                0x0000000008001e14                z_arm_int_exit
                0x0000000008001e14                z_arm_exc_exit
 .text.z_arm_fault
                0x0000000008001e34      0x138 zephyr/arch/arch/arm/core/cortex_m/libarch__arm__core__cortex_m.a(fault.c.obj)
                0x0000000008001e34                z_arm_fault
 .text.z_arm_fault_init
                0x0000000008001f6c       0x10 zephyr/arch/arch/arm/core/cortex_m/libarch__arm__core__cortex_m.a(fault.c.obj)
                0x0000000008001f6c                z_arm_fault_init
 .text.__fault  0x0000000008001f7c       0x14 zephyr/arch/arch/arm/core/cortex_m/libarch__arm__core__cortex_m.a(fault_s.S.obj)
                0x0000000008001f7c                z_arm_hard_fault
                0x0000000008001f7c                z_arm_exc_spurious
 .text._reset_section
                0x0000000008001f90       0x34 zephyr/arch/arch/arm/core/cortex_m/libarch__arm__core__cortex_m.a(reset.S.obj)
                0x0000000008001f90                __start
                0x0000000008001f90                z_arm_reset
 .text.z_impl_k_thread_abort
                0x0000000008001fc4       0x38 zephyr/arch/arch/arm/core/cortex_m/libarch__arm__core__cortex_m.a(thread_abort.c.obj)
                0x0000000008001fc4                z_impl_k_thread_abort
 .text.z_arm_pendsv
                0x0000000008001ffc       0x70 zephyr/arch/arch/arm/core/cortex_m/libarch__arm__core__cortex_m.a(swap_helper.S.obj)
                0x0000000008001ffc                z_arm_pendsv
 .text.z_arm_svc
                0x000000000800206c       0x28 zephyr/arch/arch/arm/core/cortex_m/libarch__arm__core__cortex_m.a(swap_helper.S.obj)
                0x000000000800206c                z_arm_svc
 .text.arm_irq_enable
                0x0000000008002094       0x18 zephyr/arch/arch/arm/core/cortex_m/libarch__arm__core__cortex_m.a(irq_manage.c.obj)
                0x0000000008002094                arm_irq_enable
 .text.arm_irq_priority_set
                0x00000000080020ac       0x54 zephyr/arch/arch/arm/core/cortex_m/libarch__arm__core__cortex_m.a(irq_manage.c.obj)
                0x00000000080020ac                arm_irq_priority_set
 .text.relocate_vector_table
                0x0000000008002100       0x1c zephyr/arch/arch/arm/core/cortex_m/libarch__arm__core__cortex_m.a(prep_c.c.obj)
                0x0000000008002100                relocate_vector_table
 .text.arch_new_thread
                0x000000000800211c       0x2c zephyr/arch/arch/arm/core/cortex_m/libarch__arm__core__cortex_m.a(thread.c.obj)
                0x000000000800211c                arch_new_thread
 .text.arch_switch_to_main_thread
                0x0000000008002148       0x38 zephyr/arch/arch/arm/core/cortex_m/libarch__arm__core__cortex_m.a(thread.c.obj)
                0x0000000008002148                arch_switch_to_main_thread
 .text.z_arm_cpu_idle_init
                0x0000000008002180        0xc zephyr/arch/arch/arm/core/cortex_m/libarch__arm__core__cortex_m.a(cpu_idle.c.obj)
                0x0000000008002180                z_arm_cpu_idle_init
 .text.z_arm_interrupt_init
                0x000000000800218c       0x30 zephyr/arch/arch/arm/core/cortex_m/libarch__arm__core__cortex_m.a(irq_init.c.obj)
                0x000000000800218c                z_arm_interrupt_init
 .text._isr_wrapper
                0x00000000080021bc       0x20 zephyr/arch/arch/arm/core/cortex_m/libarch__arm__core__cortex_m.a(isr_wrapper.c.obj)
                0x00000000080021bc                _isr_wrapper
 .text.cbvprintf
                0x00000000080021dc       0x38 zephyr/lib/libc/picolibc/liblib__libc__picolibc.a(cbprintf.c.obj)
                0x00000000080021dc                cbvprintf
 .text.z_impl_zephyr_fputc
                0x0000000008002214       0x10 zephyr/lib/libc/picolibc/liblib__libc__picolibc.a(stdio.c.obj)
                0x0000000008002214                z_impl_zephyr_fputc
 .text.__stdout_hook_install
                0x0000000008002224       0x18 zephyr/lib/libc/picolibc/liblib__libc__picolibc.a(stdio.c.obj)
                0x0000000008002224                __stdout_hook_install
 .text.malloc_prepare
                0x000000000800223c       0x24 zephyr/lib/libc/common/liblib__libc__common.a(malloc.c.obj)
 .text.stm32_intc_gpio_isr
                0x0000000008002260       0x48 zephyr/drivers/interrupt_controller/libdrivers__interrupt_controller.a(intc_gpio_stm32.c.obj)
 .text.stm32_exti_gpio_intc_init
                0x00000000080022a8       0x40 zephyr/drivers/interrupt_controller/libdrivers__interrupt_controller.a(intc_gpio_stm32.c.obj)
 .text.stm32_gpio_intc_enable_line
                0x00000000080022e8       0x30 zephyr/drivers/interrupt_controller/libdrivers__interrupt_controller.a(intc_gpio_stm32.c.obj)
                0x00000000080022e8                stm32_gpio_intc_enable_line
 .text.stm32_gpio_intc_disable_line
                0x0000000008002318       0x10 zephyr/drivers/interrupt_controller/libdrivers__interrupt_controller.a(intc_gpio_stm32.c.obj)
                0x0000000008002318                stm32_gpio_intc_disable_line
 .text.stm32_gpio_intc_select_line_trigger
                0x0000000008002328       0x48 zephyr/drivers/interrupt_controller/libdrivers__interrupt_controller.a(intc_gpio_stm32.c.obj)
                0x0000000008002328                stm32_gpio_intc_select_line_trigger
 .text.stm32_gpio_intc_set_irq_callback
                0x0000000008002370       0x40 zephyr/drivers/interrupt_controller/libdrivers__interrupt_controller.a(intc_gpio_stm32.c.obj)
                0x0000000008002370                stm32_gpio_intc_set_irq_callback
 .text.stm32_gpio_intc_remove_irq_callback
                0x00000000080023b0       0x24 zephyr/drivers/interrupt_controller/libdrivers__interrupt_controller.a(intc_gpio_stm32.c.obj)
                0x00000000080023b0                stm32_gpio_intc_remove_irq_callback
 .text.stm32_exti_set_line_src_port
                0x00000000080023d4       0x30 zephyr/drivers/interrupt_controller/libdrivers__interrupt_controller.a(intc_gpio_stm32.c.obj)
                0x00000000080023d4                stm32_exti_set_line_src_port
 .text.stm32_exti_get_line_src_port
                0x0000000008002404       0x28 zephyr/drivers/interrupt_controller/libdrivers__interrupt_controller.a(intc_gpio_stm32.c.obj)
                0x0000000008002404                stm32_exti_get_line_src_port
 .text.stm32_exti_init
                0x000000000800242c       0x48 zephyr/drivers/interrupt_controller/libdrivers__interrupt_controller.a(intc_exti_stm32.c.obj)
 .text.stm32_exti_is_pending
                0x0000000008002474       0x54 zephyr/drivers/interrupt_controller/libdrivers__interrupt_controller.a(intc_exti_stm32.c.obj)
                0x0000000008002474                stm32_exti_is_pending
 .text.stm32_exti_clear_pending
                0x00000000080024c8       0x40 zephyr/drivers/interrupt_controller/libdrivers__interrupt_controller.a(intc_exti_stm32.c.obj)
                0x00000000080024c8                stm32_exti_clear_pending
 .text.usb_dc_stm32_get_ep_state
                0x0000000008002508       0x2c zephyr/drivers/usb/device/libdrivers__usb__device.a(usb_dc_stm32.c.obj)
 .text.usb_dc_stm32_isr
                0x0000000008002534       0x10 zephyr/drivers/usb/device/libdrivers__usb__device.a(usb_dc_stm32.c.obj)
 .text.usb_dc_ep_get_read_count.part.0
                0x0000000008002544       0x1c zephyr/drivers/usb/device/libdrivers__usb__device.a(usb_dc_stm32.c.obj)
 .text.usb_dc_ep_start_read
                0x0000000008002560       0x70 zephyr/drivers/usb/device/libdrivers__usb__device.a(usb_dc_stm32.c.obj)
                0x0000000008002560                usb_dc_ep_start_read
 .text.usb_dc_ep_get_read_count
                0x00000000080025d0       0x28 zephyr/drivers/usb/device/libdrivers__usb__device.a(usb_dc_stm32.c.obj)
                0x00000000080025d0                usb_dc_ep_get_read_count
 .text.HAL_PCD_ResetCallback
                0x00000000080025f8       0x4c zephyr/drivers/usb/device/libdrivers__usb__device.a(usb_dc_stm32.c.obj)
                0x00000000080025f8                HAL_PCD_ResetCallback
 .text.HAL_PCD_SuspendCallback
                0x0000000008002644       0x1c zephyr/drivers/usb/device/libdrivers__usb__device.a(usb_dc_stm32.c.obj)
                0x0000000008002644                HAL_PCD_SuspendCallback
 .text.HAL_PCD_ResumeCallback
                0x0000000008002660       0x1c zephyr/drivers/usb/device/libdrivers__usb__device.a(usb_dc_stm32.c.obj)
                0x0000000008002660                HAL_PCD_ResumeCallback
 .text.HAL_PCD_SetupStageCallback
                0x000000000800267c       0x58 zephyr/drivers/usb/device/libdrivers__usb__device.a(usb_dc_stm32.c.obj)
                0x000000000800267c                HAL_PCD_SetupStageCallback
 .text.can_calc_timing_internal
                0x00000000080026d4      0x1f0 zephyr/drivers/can/libdrivers__can.a(can_common.c.obj)
 .text.can_add_rx_filter
                0x00000000080028c4       0x9c zephyr/drivers/can/libdrivers__can.a(can_common.c.obj)
                0x00000000080028c4                can_add_rx_filter
 .text.z_impl_can_calc_timing
                0x0000000008002960       0x28 zephyr/drivers/can/libdrivers__can.a(can_common.c.obj)
                0x0000000008002960                z_impl_can_calc_timing
 .text.z_impl_can_calc_timing_data
                0x0000000008002988       0x28 zephyr/drivers/can/libdrivers__can.a(can_common.c.obj)
                0x0000000008002988                z_impl_can_calc_timing_data
 .text.can_mcan_read_reg
                0x00000000080029b0       0x2c zephyr/drivers/can/libdrivers__can.a(can_mcan.c.obj)
                0x00000000080029b0                can_mcan_read_reg
 .text.can_mcan_write_reg
                0x00000000080029dc       0x2c zephyr/drivers/can/libdrivers__can.a(can_mcan.c.obj)
                0x00000000080029dc                can_mcan_write_reg
 .text.can_mcan_get_message
                0x0000000008002a08      0x158 zephyr/drivers/can/libdrivers__can.a(can_mcan.c.obj)
 .text.can_mcan_exit_sleep_mode
                0x0000000008002b60       0x94 zephyr/drivers/can/libdrivers__can.a(can_mcan.c.obj)
 .text.can_mcan_set_timing
                0x0000000008002bf4       0x64 zephyr/drivers/can/libdrivers__can.a(can_mcan.c.obj)
                0x0000000008002bf4                can_mcan_set_timing
 .text.can_mcan_start
                0x0000000008002c58       0xfc zephyr/drivers/can/libdrivers__can.a(can_mcan.c.obj)
                0x0000000008002c58                can_mcan_start
 .text.can_mcan_set_mode
                0x0000000008002d54       0xc8 zephyr/drivers/can/libdrivers__can.a(can_mcan.c.obj)
                0x0000000008002d54                can_mcan_set_mode
 .text.can_mcan_line_1_isr
                0x0000000008002e1c       0x8c zephyr/drivers/can/libdrivers__can.a(can_mcan.c.obj)
                0x0000000008002e1c                can_mcan_line_1_isr
 .text.can_mcan_line_0_isr
                0x0000000008002ea8      0x1b0 zephyr/drivers/can/libdrivers__can.a(can_mcan.c.obj)
                0x0000000008002ea8                can_mcan_line_0_isr
 .text.can_mcan_send
                0x0000000008003058      0x220 zephyr/drivers/can/libdrivers__can.a(can_mcan.c.obj)
                0x0000000008003058                can_mcan_send
 .text.can_mcan_add_rx_filter_std
                0x0000000008003278       0xcc zephyr/drivers/can/libdrivers__can.a(can_mcan.c.obj)
                0x0000000008003278                can_mcan_add_rx_filter_std
 .text.can_mcan_add_rx_filter
                0x0000000008003344      0x114 zephyr/drivers/can/libdrivers__can.a(can_mcan.c.obj)
                0x0000000008003344                can_mcan_add_rx_filter
 .text.can_mcan_remove_rx_filter
                0x0000000008003458       0xa4 zephyr/drivers/can/libdrivers__can.a(can_mcan.c.obj)
                0x0000000008003458                can_mcan_remove_rx_filter
 .text.can_mcan_stop
                0x00000000080034fc       0xb0 zephyr/drivers/can/libdrivers__can.a(can_mcan.c.obj)
                0x00000000080034fc                can_mcan_stop
 .text.can_mcan_init
                0x00000000080035ac      0x1b4 zephyr/drivers/can/libdrivers__can.a(can_mcan.c.obj)
                0x00000000080035ac                can_mcan_init
 .text.can_stm32fd_remap_reg
                0x0000000008003760       0xc0 zephyr/drivers/can/libdrivers__can.a(can_stm32_fdcan.c.obj)
 .text.can_stm32fd_read_reg
                0x0000000008003820       0x8c zephyr/drivers/can/libdrivers__can.a(can_stm32_fdcan.c.obj)
 .text.can_stm32fd_write_reg
                0x00000000080038ac       0x8c zephyr/drivers/can/libdrivers__can.a(can_stm32_fdcan.c.obj)
 .text.can_stm32fd_init
                0x0000000008003938      0x118 zephyr/drivers/can/libdrivers__can.a(can_stm32_fdcan.c.obj)
 .text.can_stm32fd_get_core_clock
                0x0000000008003a50       0x88 zephyr/drivers/can/libdrivers__can.a(can_stm32_fdcan.c.obj)
 .text.LL_RCC_HSI_IsReady
                0x0000000008003ad8       0x10 zephyr/drivers/clock_control/libdrivers__clock_control.a(clock_stm32_ll_common.c.obj)
 .text.stm32_clock_control_on
                0x0000000008003ae8       0x40 zephyr/drivers/clock_control/libdrivers__clock_control.a(clock_stm32_ll_common.c.obj)
 .text.stm32_clock_control_off
                0x0000000008003b28       0x30 zephyr/drivers/clock_control/libdrivers__clock_control.a(clock_stm32_ll_common.c.obj)
 .text.stm32_clock_control_get_subsys_rate
                0x0000000008003b58       0x98 zephyr/drivers/clock_control/libdrivers__clock_control.a(clock_stm32_ll_common.c.obj)
 .text.enabled_clock
                0x0000000008003bf0       0x1c zephyr/drivers/clock_control/libdrivers__clock_control.a(clock_stm32_ll_common.c.obj)
                0x0000000008003bf0                enabled_clock
 .text.stm32_clock_control_configure
                0x0000000008003c0c       0x58 zephyr/drivers/clock_control/libdrivers__clock_control.a(clock_stm32_ll_common.c.obj)
 .text.stm32_clock_control_get_status
                0x0000000008003c64       0x34 zephyr/drivers/clock_control/libdrivers__clock_control.a(clock_stm32_ll_common.c.obj)
 .text.stm32_clock_control_init
                0x0000000008003c98      0x178 zephyr/drivers/clock_control/libdrivers__clock_control.a(clock_stm32_ll_common.c.obj)
                0x0000000008003c98                stm32_clock_control_init
 .text.get_pllsrc_frequency
                0x0000000008003e10        0x8 zephyr/drivers/clock_control/libdrivers__clock_control.a(clock_stm32g0_u0.c.obj)
                0x0000000008003e10                get_pllsrc_frequency
 .text.config_pll_sysclock
                0x0000000008003e18       0x28 zephyr/drivers/clock_control/libdrivers__clock_control.a(clock_stm32g0_u0.c.obj)
                0x0000000008003e18                config_pll_sysclock
 .text.config_enable_default_clocks
                0x0000000008003e40       0x48 zephyr/drivers/clock_control/libdrivers__clock_control.a(clock_stm32g0_u0.c.obj)
                0x0000000008003e40                config_enable_default_clocks
 .text.uart_console_init
                0x0000000008003e88       0x2c zephyr/drivers/console/libdrivers__console.a(uart_console.c.obj)
 .text.console_out
                0x0000000008003eb4       0x28 zephyr/drivers/console/libdrivers__console.a(uart_console.c.obj)
 .text.gpio_stm32_pin_interrupt_configure
                0x0000000008003edc       0xb0 zephyr/drivers/gpio/libdrivers__gpio.a(gpio_stm32.c.obj)
 .text.gpio_stm32_init
                0x0000000008003f8c       0x3c zephyr/drivers/gpio/libdrivers__gpio.a(gpio_stm32.c.obj)
 .text.pinctrl_configure_pins
                0x0000000008003fc8       0x8c zephyr/drivers/pinctrl/libdrivers__pinctrl.a(pinctrl_stm32.c.obj)
                0x0000000008003fc8                pinctrl_configure_pins
 .text.uart_stm32_config_get
                0x0000000008004054       0xa4 zephyr/drivers/serial/libdrivers__serial.a(uart_stm32.c.obj)
 .text.uart_stm32_set_baudrate
                0x00000000080040f8       0xac zephyr/drivers/serial/libdrivers__serial.a(uart_stm32.c.obj)
 .text.uart_stm32_parameters_set
                0x00000000080041a4      0x168 zephyr/drivers/serial/libdrivers__serial.a(uart_stm32.c.obj)
 .text.uart_stm32_init
                0x000000000800430c      0x220 zephyr/drivers/serial/libdrivers__serial.a(uart_stm32.c.obj)
 .text.uart_stm32_configure
                0x000000000800452c      0x17c zephyr/drivers/serial/libdrivers__serial.a(uart_stm32.c.obj)
 .text.elapsed  0x00000000080046a8       0x54 zephyr/drivers/timer/libdrivers__timer.a(cortex_m_systick.c.obj)
 .text.sys_clock_driver_init
                0x00000000080046fc       0x40 zephyr/drivers/timer/libdrivers__timer.a(cortex_m_systick.c.obj)
 .text.sys_clock_isr
                0x000000000800473c       0x58 zephyr/drivers/timer/libdrivers__timer.a(cortex_m_systick.c.obj)
                0x000000000800473c                sys_clock_isr
 .text.sys_clock_set_timeout
                0x0000000008004794      0x114 zephyr/drivers/timer/libdrivers__timer.a(cortex_m_systick.c.obj)
                0x0000000008004794                sys_clock_set_timeout
 .text.sys_clock_elapsed
                0x00000000080048a8       0x34 zephyr/drivers/timer/libdrivers__timer.a(cortex_m_systick.c.obj)
                0x00000000080048a8                sys_clock_elapsed
 .text.sys_clock_cycle_get_32
                0x00000000080048dc       0x24 zephyr/drivers/timer/libdrivers__timer.a(cortex_m_systick.c.obj)
                0x00000000080048dc                sys_clock_cycle_get_32
 .text.HAL_RCC_GetSysClockFreq
                0x0000000008004900       0x88 modules/hal_stm32/stm32cube/lib..__modules__hal__stm32__stm32cube.a(stm32g0xx_hal_rcc.c.obj)
                0x0000000008004900                HAL_RCC_GetSysClockFreq
 .text.PCD_GET_EP_DBUF0_CNT.constprop.0
                0x0000000008004988       0x28 modules/hal_stm32/stm32cube/lib..__modules__hal__stm32__stm32cube.a(stm32g0xx_hal_pcd.c.obj)
 .text.PCD_GET_EP_RX_CNT.constprop.0
                0x00000000080049b0       0x28 modules/hal_stm32/stm32cube/lib..__modules__hal__stm32__stm32cube.a(stm32g0xx_hal_pcd.c.obj)
 .text.HAL_PCD_IRQHandler
                0x00000000080049d8      0x9d8 modules/hal_stm32/stm32cube/lib..__modules__hal__stm32__stm32cube.a(stm32g0xx_hal_pcd.c.obj)
                0x00000000080049d8                HAL_PCD_IRQHandler
 .text.USB_ActivateEndpoint
                0x00000000080053b0      0x2ac modules/hal_stm32/stm32cube/lib..__modules__hal__stm32__stm32cube.a(stm32g0xx_ll_usb.c.obj)
                0x00000000080053b0                USB_ActivateEndpoint
 .text.USB_WritePMA
                0x000000000800565c       0x68 modules/hal_stm32/stm32cube/lib..__modules__hal__stm32__stm32cube.a(stm32g0xx_ll_usb.c.obj)
                0x000000000800565c                USB_WritePMA
 .text.USB_EPStartXfer
                0x00000000080056c4      0x588 modules/hal_stm32/stm32cube/lib..__modules__hal__stm32__stm32cube.a(stm32g0xx_ll_usb.c.obj)
                0x00000000080056c4                USB_EPStartXfer
 .text.USB_ReadPMA
                0x0000000008005c4c       0x5c modules/hal_stm32/stm32cube/lib..__modules__hal__stm32__stm32cube.a(stm32g0xx_ll_usb.c.obj)
                0x0000000008005c4c                USB_ReadPMA
 .text.LL_SetFlashLatency
                0x0000000008005ca8       0x50 modules/hal_stm32/stm32cube/lib..__modules__hal__stm32__stm32cube.a(stm32g0xx_ll_utils.c.obj)
                0x0000000008005ca8                LL_SetFlashLatency
 .text.k_sys_fatal_error_handler
                0x0000000008005cf8       0x20 zephyr/kernel/libkernel.a(fatal.c.obj)
                0x0000000008005cf8                k_sys_fatal_error_handler
 .text.z_fatal_error
                0x0000000008005d18       0xf4 zephyr/kernel/libkernel.a(fatal.c.obj)
                0x0000000008005d18                z_fatal_error
 .text.z_sys_init_run_level
                0x0000000008005e0c       0x34 zephyr/kernel/libkernel.a(init.c.obj)
 .text.bg_thread_main
                0x0000000008005e40       0xa8 zephyr/kernel/libkernel.a(init.c.obj)
 .text.z_init_cpu
                0x0000000008005ee8       0x68 zephyr/kernel/libkernel.a(init.c.obj)
                0x0000000008005ee8                z_init_cpu
 .text.z_cstart
                0x0000000008005f50       0xb4 zephyr/kernel/libkernel.a(init.c.obj)
                0x0000000008005f50                z_cstart
 .text.z_impl_k_mutex_lock
                0x0000000008006004       0xf0 zephyr/kernel/libkernel.a(mutex.c.obj)
                0x0000000008006004                z_impl_k_mutex_lock
 .text.z_impl_k_mutex_unlock
                0x00000000080060f4       0x98 zephyr/kernel/libkernel.a(mutex.c.obj)
                0x00000000080060f4                z_impl_k_mutex_unlock
 .text.z_impl_k_sem_give
                0x000000000800618c       0x64 zephyr/kernel/libkernel.a(sem.c.obj)
                0x000000000800618c                z_impl_k_sem_give
 .text.z_impl_k_sem_take
                0x00000000080061f0       0x4c zephyr/kernel/libkernel.a(sem.c.obj)
                0x00000000080061f0                z_impl_k_sem_take
 .text.k_sys_work_q_init
                0x000000000800623c       0x28 zephyr/kernel/libkernel.a(system_work_q.c.obj)
 .text.work_queue_main
                0x0000000008006264      0x144 zephyr/kernel/libkernel.a(work.c.obj)
 .text.k_work_queue_start
                0x00000000080063a8       0x88 zephyr/kernel/libkernel.a(work.c.obj)
                0x00000000080063a8                k_work_queue_start
 .text.z_setup_new_thread
                0x0000000008006430       0x74 zephyr/kernel/libkernel.a(thread.c.obj)
                0x0000000008006430                z_setup_new_thread
 .text.z_impl_k_thread_create
                0x00000000080064a4       0x58 zephyr/kernel/libkernel.a(thread.c.obj)
                0x00000000080064a4                z_impl_k_thread_create
 .text.z_dummy_thread_init
                0x00000000080064fc       0x18 zephyr/kernel/libkernel.a(thread.c.obj)
                0x00000000080064fc                z_dummy_thread_init
 .text.z_swap_irqlock
                0x0000000008006514       0x2c zephyr/kernel/libkernel.a(sched.c.obj)
 .text.ready_thread
                0x0000000008006540       0x8c zephyr/kernel/libkernel.a(sched.c.obj)
 .text.unready_thread
                0x00000000080065cc       0x58 zephyr/kernel/libkernel.a(sched.c.obj)
 .text.add_thread_timeout
                0x0000000008006624       0x18 zephyr/kernel/libkernel.a(sched.c.obj)
 .text.move_thread_to_end_of_prio_q
                0x000000000800663c       0x98 zephyr/kernel/libkernel.a(sched.c.obj)
                0x000000000800663c                move_thread_to_end_of_prio_q
 .text.z_pend_curr
                0x00000000080066d4       0x38 zephyr/kernel/libkernel.a(sched.c.obj)
                0x00000000080066d4                z_pend_curr
 .text.z_thread_prio_set
                0x000000000800670c       0xe8 zephyr/kernel/libkernel.a(sched.c.obj)
                0x000000000800670c                z_thread_prio_set
 .text.z_reschedule
                0x00000000080067f4       0x2c zephyr/kernel/libkernel.a(sched.c.obj)
                0x00000000080067f4                z_reschedule
 .text.z_reschedule_irqlock
                0x0000000008006820       0x2c zephyr/kernel/libkernel.a(sched.c.obj)
                0x0000000008006820                z_reschedule_irqlock
 .text.k_sched_lock
                0x000000000800684c       0x20 zephyr/kernel/libkernel.a(sched.c.obj)
                0x000000000800684c                k_sched_lock
 .text.k_sched_unlock
                0x000000000800686c       0x60 zephyr/kernel/libkernel.a(sched.c.obj)
                0x000000000800686c                k_sched_unlock
 .text.z_sched_init
                0x00000000080068cc       0x14 zephyr/kernel/libkernel.a(sched.c.obj)
                0x00000000080068cc                z_sched_init
 .text.z_impl_k_yield
                0x00000000080068e0       0x84 zephyr/kernel/libkernel.a(sched.c.obj)
                0x00000000080068e0                z_impl_k_yield
 .text.z_tick_sleep
                0x0000000008006964       0x74 zephyr/kernel/libkernel.a(sched.c.obj)
 .text.z_impl_k_sleep
                0x00000000080069d8       0x40 zephyr/kernel/libkernel.a(sched.c.obj)
                0x00000000080069d8                z_impl_k_sleep
 .text.z_impl_k_wakeup
                0x0000000008006a18       0x40 zephyr/kernel/libkernel.a(sched.c.obj)
                0x0000000008006a18                z_impl_k_wakeup
 .text.z_impl_k_sched_current_thread_query
                0x0000000008006a58        0xc zephyr/kernel/libkernel.a(sched.c.obj)
                0x0000000008006a58                z_impl_k_sched_current_thread_query
 .text.z_thread_abort
                0x0000000008006a64      0x12c zephyr/kernel/libkernel.a(sched.c.obj)
                0x0000000008006a64                z_thread_abort
 .text.z_sched_wait
                0x0000000008006b90       0x24 zephyr/kernel/libkernel.a(sched.c.obj)
                0x0000000008006b90                z_sched_wait
 .text.slice_timeout
                0x0000000008006bb4       0x20 zephyr/kernel/libkernel.a(timeslicing.c.obj)
 .text.thread_is_sliceable
                0x0000000008006bd4       0x40 zephyr/kernel/libkernel.a(timeslicing.c.obj)
                0x0000000008006bd4                thread_is_sliceable
 .text.z_reset_time_slice
                0x0000000008006c14       0x4c zephyr/kernel/libkernel.a(timeslicing.c.obj)
                0x0000000008006c14                z_reset_time_slice
 .text.z_time_slice
                0x0000000008006c60       0x58 zephyr/kernel/libkernel.a(timeslicing.c.obj)
                0x0000000008006c60                z_time_slice
 .text.first    0x0000000008006cb8       0x10 zephyr/kernel/libkernel.a(timeout.c.obj)
 .text.next_timeout
                0x0000000008006cc8       0x38 zephyr/kernel/libkernel.a(timeout.c.obj)
 .text.elapsed  0x0000000008006d00       0x18 zephyr/kernel/libkernel.a(timeout.c.obj)
 .text.remove_timeout
                0x0000000008006d18       0x38 zephyr/kernel/libkernel.a(timeout.c.obj)
 .text.z_add_timeout
                0x0000000008006d50      0x120 zephyr/kernel/libkernel.a(timeout.c.obj)
                0x0000000008006d50                z_add_timeout
 .text.sys_clock_announce
                0x0000000008006e70       0xd4 zephyr/kernel/libkernel.a(timeout.c.obj)
                0x0000000008006e70                sys_clock_announce
 .text.sys_clock_tick_get
                0x0000000008006f44       0x2c zephyr/kernel/libkernel.a(timeout.c.obj)
                0x0000000008006f44                sys_clock_tick_get
 .text.z_timer_expiration_handler
                0x0000000008006f70      0x108 zephyr/kernel/libkernel.a(timer.c.obj)
                0x0000000008006f70                z_timer_expiration_handler
 .text.z_impl_k_timer_start
                0x0000000008007078       0x68 zephyr/kernel/libkernel.a(timer.c.obj)
                0x0000000008007078                z_impl_k_timer_start
 .text.k_thread_system_pool_assign
                0x00000000080070e0        0xc zephyr/kernel/libkernel.a(mempool.c.obj)
                0x00000000080070e0                k_thread_system_pool_assign
 .text.boot_banner
                0x00000000080070ec       0x10 zephyr/kernel/libkernel.a(banner.c.obj)
                0x00000000080070ec                boot_banner
 .text.statics_init
                0x00000000080070fc       0x24 zephyr/kernel/libkernel.a(kheap.c.obj)
 .text.snprintf
                0x0000000008007120       0x54 c:\users\iteedi\zephyr-sdk-0.17.4\arm-zephyr-eabi\bin\../lib/gcc/../../picolibc/arm-zephyr-eabi/lib/thumb/v6-m/nofp\libc.a(libc_tinystdio_snprintf.c.o)
                0x0000000008007120                snprintf
 .text.__l_vfprintf
                0x0000000008007174      0x4d0 c:\users\iteedi\zephyr-sdk-0.17.4\arm-zephyr-eabi\bin\../lib/gcc/../../picolibc/arm-zephyr-eabi/lib/thumb/v6-m/nofp\libc.a(libc_tinystdio_vflprintf.c.o)
                0x0000000008007174                __l_vfprintf
 .text._OffsetAbsSyms
                0x0000000008007644        0x2 zephyr/CMakeFiles/offsets.dir/./arch/arm/core/offsets/offsets.c.obj
                0x0000000008007644                _OffsetAbsSyms
 .text.gpio_pin_set_dt
                0x0000000008007646       0x2e app/libapp.a(pfet_control.c.obj)
 .text.chunk_size
                0x0000000008007674        0xa zephyr/libzephyr.a(heap.c.obj)
 .text.free_list_add
                0x000000000800767e       0x4e zephyr/libzephyr.a(heap.c.obj)
 .text.sys_heap_init
                0x00000000080076cc       0x74 zephyr/libzephyr.a(heap.c.obj)
                0x00000000080076cc                sys_heap_init
 .text.cbpprintf_external
                0x0000000008007740       0x68 zephyr/libzephyr.a(cbprintf_packaged.c.obj)
                0x0000000008007740                cbpprintf_external
 .text.is_ptr   0x00000000080077a8       0x4a zephyr/libzephyr.a(cbprintf_packaged.c.obj)
                0x00000000080077a8                is_ptr
 .text.arch_printk_char_out
                0x00000000080077f2        0x4 zephyr/libzephyr.a(printk.c.obj)
                0x00000000080077f2                arch_printk_char_out
 .text.printk   0x00000000080077f6       0x16 zephyr/libzephyr.a(printk.c.obj)
                0x00000000080077f6                printk
 .text.free_space
                0x000000000800780c       0x2c zephyr/libzephyr.a(mpsc_pbuf.c.obj)
 .text.get_usage
                0x0000000008007838       0x22 zephyr/libzephyr.a(mpsc_pbuf.c.obj)
 .text.idx_inc  0x000000000800785a       0x1c zephyr/libzephyr.a(mpsc_pbuf.c.obj)
 .text.rd_idx_inc
                0x0000000008007876       0x18 zephyr/libzephyr.a(mpsc_pbuf.c.obj)
 .text.add_skip_item
                0x000000000800788e       0x3a zephyr/libzephyr.a(mpsc_pbuf.c.obj)
 .text.drop_item_locked
                0x00000000080078c8       0xf0 zephyr/libzephyr.a(mpsc_pbuf.c.obj)
 .text.post_drop_action
                0x00000000080079b8       0x38 zephyr/libzephyr.a(mpsc_pbuf.c.obj)
 .text.max_utilization_update
                0x00000000080079f0       0x1a zephyr/libzephyr.a(mpsc_pbuf.c.obj)
 .text.mpsc_pbuf_init
                0x0000000008007a0a       0x42 zephyr/libzephyr.a(mpsc_pbuf.c.obj)
                0x0000000008007a0a                mpsc_pbuf_init
 .text.mpsc_pbuf_alloc
                0x0000000008007a4c       0xfc zephyr/libzephyr.a(mpsc_pbuf.c.obj)
                0x0000000008007a4c                mpsc_pbuf_alloc
 .text.mpsc_pbuf_commit
                0x0000000008007b48       0x38 zephyr/libzephyr.a(mpsc_pbuf.c.obj)
                0x0000000008007b48                mpsc_pbuf_commit
 .text.mpsc_pbuf_claim
                0x0000000008007b80       0xa2 zephyr/libzephyr.a(mpsc_pbuf.c.obj)
                0x0000000008007b80                mpsc_pbuf_claim
 .text.mpsc_pbuf_free
                0x0000000008007c22       0x72 zephyr/libzephyr.a(mpsc_pbuf.c.obj)
                0x0000000008007c22                mpsc_pbuf_free
 .text.mpsc_pbuf_is_pending
                0x0000000008007c94       0x2e zephyr/libzephyr.a(mpsc_pbuf.c.obj)
                0x0000000008007c94                mpsc_pbuf_is_pending
 .text._ConfigAbsSyms
                0x0000000008007cc2        0x2 zephyr/libzephyr.a(configs.c.obj)
                0x0000000008007cc2                _ConfigAbsSyms
 .text.log_msg_generic_get_wlen
                0x0000000008007cc4       0x22 zephyr/libzephyr.a(log_core.c.obj)
 .text.dummy_timestamp
                0x0000000008007ce6        0x4 zephyr/libzephyr.a(log_core.c.obj)
 .text.atomic_inc
                0x0000000008007cea        0xa zephyr/libzephyr.a(log_core.c.obj)
 .text.default_lf_get_timestamp
                0x0000000008007cf4       0x10 zephyr/libzephyr.a(log_core.c.obj)
 .text.z_log_vprintk
                0x0000000008007d04       0x1a zephyr/libzephyr.a(log_core.c.obj)
                0x0000000008007d04                z_log_vprintk
 .text.z_log_notify_drop
                0x0000000008007d1e        0xa zephyr/libzephyr.a(log_core.c.obj)
 .text.z_log_get_tag
                0x0000000008007d28        0x4 zephyr/libzephyr.a(log_core.c.obj)
                0x0000000008007d28                z_log_get_tag
 .text.log_backend_enable
                0x0000000008007d2c       0x16 zephyr/libzephyr.a(log_mgmt.c.obj)
                0x0000000008007d2c                log_backend_enable
 .text.z_cbprintf_cpy
                0x0000000008007d42       0x32 zephyr/libzephyr.a(log_msg.c.obj)
 .text.z_log_msg_finalize
                0x0000000008007d74       0x32 zephyr/libzephyr.a(log_msg.c.obj)
                0x0000000008007d74                z_log_msg_finalize
 .text.z_impl_z_log_msg_simple_create_0
                0x0000000008007da6        0xe zephyr/libzephyr.a(log_msg.c.obj)
                0x0000000008007da6                z_impl_z_log_msg_simple_create_0
 .text.z_impl_z_log_msg_simple_create_1
                0x0000000008007db4       0x10 zephyr/libzephyr.a(log_msg.c.obj)
                0x0000000008007db4                z_impl_z_log_msg_simple_create_1
 .text.z_impl_z_log_msg_simple_create_2
                0x0000000008007dc4       0x16 zephyr/libzephyr.a(log_msg.c.obj)
                0x0000000008007dc4                z_impl_z_log_msg_simple_create_2
 .text.log_output_write
                0x0000000008007dda       0x1e zephyr/libzephyr.a(log_output.c.obj)
 .text.log_output_flush
                0x0000000008007df8       0x18 zephyr/libzephyr.a(log_output.c.obj)
 .text.out_func
                0x0000000008007e10       0x26 zephyr/libzephyr.a(log_output.c.obj)
 .text.cr_out_func
                0x0000000008007e36       0x1c zephyr/libzephyr.a(log_output.c.obj)
 .text.log_output_msg_process
                0x0000000008007e52       0x62 zephyr/libzephyr.a(log_output.c.obj)
                0x0000000008007e52                log_output_msg_process
 .text.format_set
                0x0000000008007eb4        0xc zephyr/libzephyr.a(log_backend_uart.c.obj)
 .text.log_backend_uart_init
                0x0000000008007ec0        0xc zephyr/libzephyr.a(log_backend_uart.c.obj)
 .text.panic    0x0000000008007ecc       0x32 zephyr/libzephyr.a(log_backend_uart.c.obj)
 .text.dropped  0x0000000008007efe        0xe zephyr/libzephyr.a(log_backend_uart.c.obj)
 .text.process  0x0000000008007f0c       0x1c zephyr/libzephyr.a(log_backend_uart.c.obj)
 .text.arch_early_memset
                0x0000000008007f28        0x8 zephyr/arch/common/libarch__common.a(init.c.obj)
                0x0000000008007f28                arch_early_memset
 .text.arch_early_memcpy
                0x0000000008007f30        0x8 zephyr/arch/common/libarch__common.a(init.c.obj)
                0x0000000008007f30                arch_early_memcpy
 .text.z_do_kernel_oops
                0x0000000008007f38        0xc zephyr/arch/arch/arm/core/libarch__arm__core.a(fatal.c.obj)
                0x0000000008007f38                z_do_kernel_oops
 .text.z_arm_nmi
                0x0000000008007f44        0xc zephyr/arch/arch/arm/core/libarch__arm__core.a(nmi.c.obj)
                0x0000000008007f44                z_arm_nmi
 .text.z_irq_spurious
                0x0000000008007f50        0xc zephyr/arch/arch/arm/core/cortex_m/libarch__arm__core__cortex_m.a(irq_manage.c.obj)
                0x0000000008007f50                z_irq_spurious
 .text.z_prep_c
                0x0000000008007f5c       0x16 zephyr/arch/arch/arm/core/cortex_m/libarch__arm__core__cortex_m.a(prep_c.c.obj)
                0x0000000008007f5c                z_prep_c
 .text.arch_coprocessors_disable
                0x0000000008007f72        0x6 zephyr/arch/arch/arm/core/cortex_m/libarch__arm__core__cortex_m.a(thread.c.obj)
                0x0000000008007f72                arch_coprocessors_disable
 .text.arch_irq_unlock_outlined
                0x0000000008007f78        0xc zephyr/arch/arch/arm/core/cortex_m/libarch__arm__core__cortex_m.a(thread.c.obj)
                0x0000000008007f78                arch_irq_unlock_outlined
 .text.arch_cpu_idle
                0x0000000008007f84        0xe zephyr/arch/arch/arm/core/cortex_m/libarch__arm__core__cortex_m.a(cpu_idle.c.obj)
                0x0000000008007f84                arch_cpu_idle
 .text.cbputc   0x0000000008007f92        0xc zephyr/lib/libc/picolibc/liblib__libc__picolibc.a(cbprintf.c.obj)
 .text.picolibc_put
                0x0000000008007f9e        0xa zephyr/lib/libc/picolibc/liblib__libc__picolibc.a(stdio.c.obj)
 .text.stm32_gpio_intc_get_pin_irq_line
                0x0000000008007fa8        0xa zephyr/drivers/interrupt_controller/libdrivers__interrupt_controller.a(intc_gpio_stm32.c.obj)
                0x0000000008007fa8                stm32_gpio_intc_get_pin_irq_line
 .text.z_log_msg_simple_create_1.constprop.0
                0x0000000008007fb2        0xe zephyr/drivers/usb/device/libdrivers__usb__device.a(usb_dc_stm32.c.obj)
 .text.HAL_PCD_DataOutStageCallback
                0x0000000008007fc0       0x2a zephyr/drivers/usb/device/libdrivers__usb__device.a(usb_dc_stm32.c.obj)
                0x0000000008007fc0                HAL_PCD_DataOutStageCallback
 .text.HAL_PCD_DataInStageCallback
                0x0000000008007fea       0x22 zephyr/drivers/usb/device/libdrivers__usb__device.a(usb_dc_stm32.c.obj)
                0x0000000008007fea                HAL_PCD_DataInStageCallback
 .text.check_timing_in_range
                0x000000000800800c       0x5c zephyr/drivers/can/libdrivers__can.a(can_common.c.obj)
 .text.z_impl_can_set_timing
                0x0000000008008068       0x24 zephyr/drivers/can/libdrivers__can.a(can_common.c.obj)
                0x0000000008008068                z_impl_can_set_timing
 .text.z_impl_can_set_timing_data
                0x000000000800808c       0x2e zephyr/drivers/can/libdrivers__can.a(can_common.c.obj)
                0x000000000800808c                z_impl_can_set_timing_data
 .text.can_mcan_read_mram
                0x00000000080080ba        0xc zephyr/drivers/can/libdrivers__can.a(can_mcan.c.obj)
 .text.can_mcan_write_mram
                0x00000000080080c6        0xc zephyr/drivers/can/libdrivers__can.a(can_mcan.c.obj)
 .text.can_mcan_clear_mram
                0x00000000080080d2        0xc zephyr/drivers/can/libdrivers__can.a(can_mcan.c.obj)
 .text.z_log_msg_simple_create_0
                0x00000000080080de        0x8 zephyr/drivers/can/libdrivers__can.a(can_mcan.c.obj)
 .text.z_log_msg_simple_create_1.constprop.0
                0x00000000080080e6        0xe zephyr/drivers/can/libdrivers__can.a(can_mcan.c.obj)
 .text.k_mutex_lock.constprop.0.isra.0
                0x00000000080080f4        0x8 zephyr/drivers/can/libdrivers__can.a(can_mcan.c.obj)
 .text.k_mutex_unlock.isra.0
                0x00000000080080fc        0x8 zephyr/drivers/can/libdrivers__can.a(can_mcan.c.obj)
 .text.can_mcan_enter_init_mode.constprop.0
                0x0000000008008104       0xa4 zephyr/drivers/can/libdrivers__can.a(can_mcan.c.obj)
 .text.can_mcan_set_timing_data
                0x00000000080081a8       0x98 zephyr/drivers/can/libdrivers__can.a(can_mcan.c.obj)
                0x00000000080081a8                can_mcan_set_timing_data
 .text.can_mcan_get_capabilities
                0x0000000008008240        0x8 zephyr/drivers/can/libdrivers__can.a(can_mcan.c.obj)
                0x0000000008008240                can_mcan_get_capabilities
 .text.can_mcan_get_state
                0x0000000008008248       0x6a zephyr/drivers/can/libdrivers__can.a(can_mcan.c.obj)
                0x0000000008008248                can_mcan_get_state
 .text.can_mcan_get_max_filters
                0x00000000080082b2       0x10 zephyr/drivers/can/libdrivers__can.a(can_mcan.c.obj)
                0x00000000080082b2                can_mcan_get_max_filters
 .text.can_mcan_set_state_change_callback
                0x00000000080082c2        0x8 zephyr/drivers/can/libdrivers__can.a(can_mcan.c.obj)
                0x00000000080082c2                can_mcan_set_state_change_callback
 .text.can_mcan_enable_configuration_change
                0x00000000080082ca       0x3a zephyr/drivers/can/libdrivers__can.a(can_mcan.c.obj)
                0x00000000080082ca                can_mcan_enable_configuration_change
 .text.can_stm32fd_read_mram
                0x0000000008008304       0x20 zephyr/drivers/can/libdrivers__can.a(can_stm32_fdcan.c.obj)
 .text.can_stm32fd_write_mram
                0x0000000008008324       0x1e zephyr/drivers/can/libdrivers__can.a(can_stm32_fdcan.c.obj)
 .text.can_stm32fd_clear_mram
                0x0000000008008342       0x1c zephyr/drivers/can/libdrivers__can.a(can_stm32_fdcan.c.obj)
 .text.config_can_0_irq
                0x000000000800835e       0x24 zephyr/drivers/can/libdrivers__can.a(can_stm32_fdcan.c.obj)
 .text.config_regulator_voltage
                0x0000000008008382        0x2 zephyr/drivers/clock_control/libdrivers__clock_control.a(clock_stm32_ll_common.c.obj)
                0x0000000008008382                config_regulator_voltage
 .text.gpio_stm32_port_get_raw
                0x0000000008008384        0xc zephyr/drivers/gpio/libdrivers__gpio.a(gpio_stm32.c.obj)
 .text.gpio_stm32_port_set_masked_raw
                0x0000000008008390       0x12 zephyr/drivers/gpio/libdrivers__gpio.a(gpio_stm32.c.obj)
 .text.gpio_stm32_port_set_bits_raw
                0x00000000080083a2        0xa zephyr/drivers/gpio/libdrivers__gpio.a(gpio_stm32.c.obj)
 .text.gpio_stm32_port_clear_bits_raw
                0x00000000080083ac        0xa zephyr/drivers/gpio/libdrivers__gpio.a(gpio_stm32.c.obj)
 .text.gpio_stm32_port_toggle_bits
                0x00000000080083b6        0xe zephyr/drivers/gpio/libdrivers__gpio.a(gpio_stm32.c.obj)
 .text.gpio_stm32_manage_callback
                0x00000000080083c4       0x58 zephyr/drivers/gpio/libdrivers__gpio.a(gpio_stm32.c.obj)
 .text.gpio_stm32_configure_raw.isra.0
                0x000000000800841c       0xa0 zephyr/drivers/gpio/libdrivers__gpio.a(gpio_stm32.c.obj)
 .text.gpio_stm32_config
                0x00000000080084bc       0xee zephyr/drivers/gpio/libdrivers__gpio.a(gpio_stm32.c.obj)
 .text.gpio_stm32_isr
                0x00000000080085aa       0x32 zephyr/drivers/gpio/libdrivers__gpio.a(gpio_stm32.c.obj)
 .text.gpio_stm32_configure
                0x00000000080085dc       0x2a zephyr/drivers/gpio/libdrivers__gpio.a(gpio_stm32.c.obj)
                0x00000000080085dc                gpio_stm32_configure
 .text.pinctrl_lookup_state
                0x0000000008008606       0x26 zephyr/drivers/pinctrl/libdrivers__pinctrl.a(common.c.obj)
                0x0000000008008606                pinctrl_lookup_state
 .text.reset_stm32_status
                0x000000000800862c       0x20 zephyr/drivers/reset/libdrivers__reset.a(reset_stm32.c.obj)
 .text.reset_stm32_line_assert
                0x000000000800864c       0x1c zephyr/drivers/reset/libdrivers__reset.a(reset_stm32.c.obj)
 .text.reset_stm32_line_deassert
                0x0000000008008668       0x1c zephyr/drivers/reset/libdrivers__reset.a(reset_stm32.c.obj)
 .text.reset_stm32_line_toggle
                0x0000000008008684       0x16 zephyr/drivers/reset/libdrivers__reset.a(reset_stm32.c.obj)
 .text.uart_stm32_ll2cfg_databits
                0x000000000800869a       0x2c zephyr/drivers/serial/libdrivers__serial.a(uart_stm32.c.obj)
 .text.uart_stm32_err_check
                0x00000000080086c6       0x5e zephyr/drivers/serial/libdrivers__serial.a(uart_stm32.c.obj)
 .text.uart_stm32_poll_out
                0x0000000008008724       0x36 zephyr/drivers/serial/libdrivers__serial.a(uart_stm32.c.obj)
 .text.uart_stm32_poll_in
                0x000000000800875a       0x22 zephyr/drivers/serial/libdrivers__serial.a(uart_stm32.c.obj)
 .text.HAL_PCD_SOFCallback
                0x000000000800877c        0x2 modules/hal_stm32/stm32cube/lib..__modules__hal__stm32__stm32cube.a(stm32g0xx_hal_pcd.c.obj)
                0x000000000800877c                HAL_PCD_SOFCallback
 .text.HAL_PCD_SetAddress
                0x000000000800877e       0x22 modules/hal_stm32/stm32cube/lib..__modules__hal__stm32__stm32cube.a(stm32g0xx_hal_pcd.c.obj)
                0x000000000800877e                HAL_PCD_SetAddress
 .text.HAL_PCD_EP_Open
                0x00000000080087a0       0x58 modules/hal_stm32/stm32cube/lib..__modules__hal__stm32__stm32cube.a(stm32g0xx_hal_pcd.c.obj)
                0x00000000080087a0                HAL_PCD_EP_Open
 .text.HAL_PCD_EP_Receive
                0x00000000080087f8       0x36 modules/hal_stm32/stm32cube/lib..__modules__hal__stm32__stm32cube.a(stm32g0xx_hal_pcd.c.obj)
                0x00000000080087f8                HAL_PCD_EP_Receive
 .text.HAL_PCD_EP_GetRxCount
                0x000000000800882e       0x10 modules/hal_stm32/stm32cube/lib..__modules__hal__stm32__stm32cube.a(stm32g0xx_hal_pcd.c.obj)
                0x000000000800882e                HAL_PCD_EP_GetRxCount
 .text.HAL_PCDEx_LPM_Callback
                0x000000000800883e        0x2 modules/hal_stm32/stm32cube/lib..__modules__hal__stm32__stm32cube.a(stm32g0xx_hal_pcd_ex.c.obj)
                0x000000000800883e                HAL_PCDEx_LPM_Callback
 .text.USB_SetDevAddress
                0x0000000008008840        0xc modules/hal_stm32/stm32cube/lib..__modules__hal__stm32__stm32cube.a(stm32g0xx_ll_usb.c.obj)
                0x0000000008008840                USB_SetDevAddress
 .text.USB_ReadInterrupts
                0x000000000800884c        0x4 modules/hal_stm32/stm32cube/lib..__modules__hal__stm32__stm32cube.a(stm32g0xx_ll_usb.c.obj)
                0x000000000800884c                USB_ReadInterrupts
 .text.do_device_init
                0x0000000008008850       0x32 zephyr/kernel/libkernel.a(device.c.obj)
                0x0000000008008850                do_device_init
 .text.z_impl_device_is_ready
                0x0000000008008882       0x1a zephyr/kernel/libkernel.a(device.c.obj)
                0x0000000008008882                z_impl_device_is_ready
 .text.arch_system_halt
                0x000000000800889c        0x8 zephyr/kernel/libkernel.a(fatal.c.obj)
                0x000000000800889c                arch_system_halt
 .text.idle     0x00000000080088a4        0xe zephyr/kernel/libkernel.a(idle.c.obj)
                0x00000000080088a4                idle
 .text.adjust_owner_prio.isra.0
                0x00000000080088b2       0x16 zephyr/kernel/libkernel.a(mutex.c.obj)
 .text.z_impl_k_mutex_init
                0x00000000080088c8        0xe zephyr/kernel/libkernel.a(mutex.c.obj)
                0x00000000080088c8                z_impl_k_mutex_init
 .text.z_impl_k_sem_init
                0x00000000080088d6       0x1a zephyr/kernel/libkernel.a(sem.c.obj)
                0x00000000080088d6                z_impl_k_sem_init
 .text.flag_test_and_clear
                0x00000000080088f0       0x18 zephyr/kernel/libkernel.a(work.c.obj)
 .text.k_is_in_isr
                0x0000000008008908        0xc zephyr/kernel/libkernel.a(thread.c.obj)
                0x0000000008008908                k_is_in_isr
 .text.z_impl_k_thread_name_set
                0x0000000008008914        0x6 zephyr/kernel/libkernel.a(thread.c.obj)
                0x0000000008008914                z_impl_k_thread_name_set
 .text.k_thread_name_get
                0x000000000800891a        0x4 zephyr/kernel/libkernel.a(thread.c.obj)
                0x000000000800891a                k_thread_name_get
 .text.sys_dlist_remove
                0x000000000800891e       0x10 zephyr/kernel/libkernel.a(sched.c.obj)
 .text.unpend_thread_no_timeout
                0x000000000800892e       0x16 zephyr/kernel/libkernel.a(sched.c.obj)
 .text.add_to_waitq_locked
                0x0000000008008944       0x52 zephyr/kernel/libkernel.a(sched.c.obj)
 .text.z_ready_thread
                0x0000000008008996       0x18 zephyr/kernel/libkernel.a(sched.c.obj)
                0x0000000008008996                z_ready_thread
 .text.z_unpend_thread_no_timeout
                0x00000000080089ae       0x1e zephyr/kernel/libkernel.a(sched.c.obj)
                0x00000000080089ae                z_unpend_thread_no_timeout
 .text.z_sched_wake_thread
                0x00000000080089cc       0x36 zephyr/kernel/libkernel.a(sched.c.obj)
                0x00000000080089cc                z_sched_wake_thread
 .text.z_thread_timeout
                0x0000000008008a02        0xc zephyr/kernel/libkernel.a(sched.c.obj)
                0x0000000008008a02                z_thread_timeout
 .text.z_unpend1_no_timeout
                0x0000000008008a0e       0x2a zephyr/kernel/libkernel.a(sched.c.obj)
                0x0000000008008a0e                z_unpend1_no_timeout
 .text.z_sched_wake
                0x0000000008008a38       0x3c zephyr/kernel/libkernel.a(sched.c.obj)
                0x0000000008008a38                z_sched_wake
 .text.z_abort_timeout
                0x0000000008008a74       0x4c zephyr/kernel/libkernel.a(timeout.c.obj)
                0x0000000008008a74                z_abort_timeout
 .text.sys_clock_tick_get_32
                0x0000000008008ac0        0x8 zephyr/kernel/libkernel.a(timeout.c.obj)
                0x0000000008008ac0                sys_clock_tick_get_32
 .text.z_impl_k_uptime_ticks
                0x0000000008008ac8        0x8 zephyr/kernel/libkernel.a(timeout.c.obj)
                0x0000000008008ac8                z_impl_k_uptime_ticks
 .text.k_timer_init
                0x0000000008008ad0       0x18 zephyr/kernel/libkernel.a(timer.c.obj)
                0x0000000008008ad0                k_timer_init
 .text.z_impl_k_timer_stop
                0x0000000008008ae8       0x32 zephyr/kernel/libkernel.a(timer.c.obj)
                0x0000000008008ae8                z_impl_k_timer_stop
 .text.z_impl_atomic_add
                0x0000000008008b1a       0x1a zephyr/kernel/libkernel.a(atomic_c.c.obj)
                0x0000000008008b1a                z_impl_atomic_add
 .text.z_impl_atomic_sub
                0x0000000008008b34       0x1a zephyr/kernel/libkernel.a(atomic_c.c.obj)
                0x0000000008008b34                z_impl_atomic_sub
 .text.z_impl_atomic_set
                0x0000000008008b4e       0x18 zephyr/kernel/libkernel.a(atomic_c.c.obj)
                0x0000000008008b4e                z_impl_atomic_set
 .text.k_heap_init
                0x0000000008008b66       0x10 zephyr/kernel/libkernel.a(kheap.c.obj)
                0x0000000008008b66                k_heap_init
 .text.memcpy   0x0000000008008b76       0x12 c:\users\iteedi\zephyr-sdk-0.17.4\arm-zephyr-eabi\bin\../lib/gcc/../../picolibc/arm-zephyr-eabi/lib/thumb/v6-m/nofp\libc.a(memcpy.c.o)
                0x0000000008008b76                __aeabi_memcpy
                0x0000000008008b76                __aeabi_memcpy4
                0x0000000008008b76                __aeabi_memcpy8
                0x0000000008008b76                memcpy
 .text.memset   0x0000000008008b88       0x10 c:\users\iteedi\zephyr-sdk-0.17.4\arm-zephyr-eabi\bin\../lib/gcc/../../picolibc/arm-zephyr-eabi/lib/thumb/v6-m/nofp\libc.a(memset.c.o)
                0x0000000008008b88                memset
 .text.strncmp  0x0000000008008b98       0x22 c:\users\iteedi\zephyr-sdk-0.17.4\arm-zephyr-eabi\bin\../lib/gcc/../../picolibc/arm-zephyr-eabi/lib/thumb/v6-m/nofp\libc.a(libc_string_strncmp.c.o)
                0x0000000008008b98                strncmp
 .text.strnlen  0x0000000008008bba       0x16 c:\users\iteedi\zephyr-sdk-0.17.4\arm-zephyr-eabi\bin\../lib/gcc/../../picolibc/arm-zephyr-eabi/lib/thumb/v6-m/nofp\libc.a(libc_string_strnlen.c.o)
                0x0000000008008bba                strnlen
 .text.__ultoa_invert
                0x0000000008008bd0      0x10e c:\users\iteedi\zephyr-sdk-0.17.4\arm-zephyr-eabi\bin\../lib/gcc/../../picolibc/arm-zephyr-eabi/lib/thumb/v6-m/nofp\libc.a(libc_tinystdio_vflprintf.c.o)
 .text.__file_str_put
                0x0000000008008cde       0x10 c:\users\iteedi\zephyr-sdk-0.17.4\arm-zephyr-eabi\bin\../lib/gcc/../../picolibc/arm-zephyr-eabi/lib/thumb/v6-m/nofp\libc.a(libc_tinystdio_filestrput.c.o)
                0x0000000008008cde                __file_str_put
 *(SORT_BY_ALIGNMENT(.TEXT.*))
 *fill*         0x0000000008008cee        0x2 
 .TEXT.__aeabi_read_tp
                0x0000000008008cf0        0xc zephyr/arch/arch/arm/core/cortex_m/libarch__arm__core__cortex_m.a(__aeabi_read_tp.S.obj)
                0x0000000008008cf0                __aeabi_read_tp
 *(SORT_BY_ALIGNMENT(.gnu.linkonce.t.*))
 *(SORT_BY_ALIGNMENT(.glue_7t))
 .glue_7t       0x0000000008008cfc        0x0 linker stubs
 *(SORT_BY_ALIGNMENT(.glue_7))
 .glue_7        0x0000000008008cfc        0x0 linker stubs
 *(SORT_BY_ALIGNMENT(.vfp11_veneer))
 .vfp11_veneer  0x0000000008008cfc        0x0 linker stubs
 *(SORT_BY_ALIGNMENT(.v4_bx))
 .v4_bx         0x0000000008008cfc        0x0 linker stubs
                0x0000000008008cfc                . = ALIGN (0x4)
                0x0000000008008cfc                __text_region_end = .

.ARM.exidx      0x0000000008008cfc        0x8
                0x0000000008008cfc                __exidx_start = .
 *(SORT_BY_ALIGNMENT(.ARM.exidx*) SORT_BY_ALIGNMENT(gnu.linkonce.armexidx.*))
 .ARM.exidx     0x0000000008008cfc        0x8 c:/users/iteedi/zephyr-sdk-0.17.4/arm-zephyr-eabi/bin/../lib/gcc/arm-zephyr-eabi/12.2.0/thumb/v6-m/nofp\libgcc.a(_udivmoddi4.o)
                0x0000000008008d04                __exidx_end = .
                0x0000000008008d04                __rodata_region_start = .

initlevel       0x0000000008008d04       0x98
                0x0000000008008d04                __init_start = .
                0x0000000008008d04                __init_EARLY_start = .
 *(SORT_BY_NAME(SORT_BY_ALIGNMENT(.z_init_EARLY_P_?_*)))
 *(SORT_BY_NAME(SORT_BY_ALIGNMENT(.z_init_EARLY_P_??_*)))
 *(SORT_BY_NAME(SORT_BY_ALIGNMENT(.z_init_EARLY_P_???_*)))
                0x0000000008008d04                __init_PRE_KERNEL_1_start = .
 *(SORT_BY_NAME(SORT_BY_ALIGNMENT(.z_init_PRE_KERNEL_1_P_?_*)))
 .z_init_PRE_KERNEL_1_P_1_SUB_00008_
                0x0000000008008d04        0x8 zephyr/drivers/clock_control/libdrivers__clock_control.a(clock_stm32_ll_common.c.obj)
 .z_init_PRE_KERNEL_1_P_1_SUB_0_
                0x0000000008008d0c        0x8 zephyr/libzephyr.a(soc_config.c.obj)
 *(SORT_BY_NAME(SORT_BY_ALIGNMENT(.z_init_PRE_KERNEL_1_P_??_*)))
 .z_init_PRE_KERNEL_1_P_30_SUB_0_
                0x0000000008008d14        0x8 zephyr/kernel/libkernel.a(kheap.c.obj)
 .z_init_PRE_KERNEL_1_P_35_SUB_00049_
                0x0000000008008d1c        0x8 zephyr/drivers/reset/libdrivers__reset.a(reset_stm32.c.obj)
 .z_init_PRE_KERNEL_1_P_40_SUB_00030_
                0x0000000008008d24        0x8 zephyr/drivers/gpio/libdrivers__gpio.a(gpio_stm32.c.obj)
 .z_init_PRE_KERNEL_1_P_40_SUB_00031_
                0x0000000008008d2c        0x8 zephyr/drivers/gpio/libdrivers__gpio.a(gpio_stm32.c.obj)
 .z_init_PRE_KERNEL_1_P_40_SUB_00048_
                0x0000000008008d34        0x8 zephyr/drivers/interrupt_controller/libdrivers__interrupt_controller.a(intc_exti_stm32.c.obj)
 .z_init_PRE_KERNEL_1_P_40_SUB_00079_
                0x0000000008008d3c        0x8 zephyr/drivers/gpio/libdrivers__gpio.a(gpio_stm32.c.obj)
 .z_init_PRE_KERNEL_1_P_40_SUB_00080_
                0x0000000008008d44        0x8 zephyr/drivers/gpio/libdrivers__gpio.a(gpio_stm32.c.obj)
 .z_init_PRE_KERNEL_1_P_40_SUB_00081_
                0x0000000008008d4c        0x8 zephyr/drivers/gpio/libdrivers__gpio.a(gpio_stm32.c.obj)
 .z_init_PRE_KERNEL_1_P_40_SUB_00082_
                0x0000000008008d54        0x8 zephyr/drivers/gpio/libdrivers__gpio.a(gpio_stm32.c.obj)
 .z_init_PRE_KERNEL_1_P_40_SUB_0_
                0x0000000008008d5c        0x8 zephyr/drivers/interrupt_controller/libdrivers__interrupt_controller.a(intc_gpio_stm32.c.obj)
 .z_init_PRE_KERNEL_1_P_50_SUB_00058_
                0x0000000008008d64        0x8 zephyr/drivers/serial/libdrivers__serial.a(uart_stm32.c.obj)
 .z_init_PRE_KERNEL_1_P_60_SUB_0_
                0x0000000008008d6c        0x8 zephyr/drivers/console/libdrivers__console.a(uart_console.c.obj)
 *(SORT_BY_NAME(SORT_BY_ALIGNMENT(.z_init_PRE_KERNEL_1_P_???_*)))
                0x0000000008008d74                __init_PRE_KERNEL_2_start = .
 *(SORT_BY_NAME(SORT_BY_ALIGNMENT(.z_init_PRE_KERNEL_2_P_?_*)))
 .z_init_PRE_KERNEL_2_P_0_SUB_0_
                0x0000000008008d74        0x8 zephyr/drivers/timer/libdrivers__timer.a(cortex_m_systick.c.obj)
 *(SORT_BY_NAME(SORT_BY_ALIGNMENT(.z_init_PRE_KERNEL_2_P_??_*)))
 *(SORT_BY_NAME(SORT_BY_ALIGNMENT(.z_init_PRE_KERNEL_2_P_???_*)))
                0x0000000008008d7c                __init_POST_KERNEL_start = .
 *(SORT_BY_NAME(SORT_BY_ALIGNMENT(.z_init_POST_KERNEL_P_?_*)))
 .z_init_POST_KERNEL_P_0_SUB_0_
                0x0000000008008d7c        0x8 zephyr/libzephyr.a(log_core.c.obj)
 *(SORT_BY_NAME(SORT_BY_ALIGNMENT(.z_init_POST_KERNEL_P_??_*)))
 .z_init_POST_KERNEL_P_35_SUB_0_
                0x0000000008008d84        0x8 zephyr/lib/libc/common/liblib__libc__common.a(malloc.c.obj)
 .z_init_POST_KERNEL_P_40_SUB_0_
                0x0000000008008d8c        0x8 zephyr/kernel/libkernel.a(system_work_q.c.obj)
 .z_init_POST_KERNEL_P_80_SUB_00043_
                0x0000000008008d94        0x8 zephyr/drivers/can/libdrivers__can.a(can_stm32_fdcan.c.obj)
 *(SORT_BY_NAME(SORT_BY_ALIGNMENT(.z_init_POST_KERNEL_P_???_*)))
                0x0000000008008d9c                __init_APPLICATION_start = .
 *(SORT_BY_NAME(SORT_BY_ALIGNMENT(.z_init_APPLICATION_P_?_*)))
 *(SORT_BY_NAME(SORT_BY_ALIGNMENT(.z_init_APPLICATION_P_??_*)))
 *(SORT_BY_NAME(SORT_BY_ALIGNMENT(.z_init_APPLICATION_P_???_*)))
                0x0000000008008d9c                __init_SMP_start = .
 *(SORT_BY_NAME(SORT_BY_ALIGNMENT(.z_init_SMP_P_?_*)))
 *(SORT_BY_NAME(SORT_BY_ALIGNMENT(.z_init_SMP_P_??_*)))
 *(SORT_BY_NAME(SORT_BY_ALIGNMENT(.z_init_SMP_P_???_*)))
                0x0000000008008d9c                __init_end = .

device_area     0x0000000008008d9c      0x160
                0x0000000008008d9c                _device_list_start = .
 *(SORT_BY_NAME(SORT_BY_ALIGNMENT(._device.static.*_?_*)))
 ._device.static.1_1_
                0x0000000008008d9c       0x20 zephyr/drivers/clock_control/libdrivers__clock_control.a(clock_stm32_ll_common.c.obj)
                0x0000000008008d9c                __device_dts_ord_8
 *(SORT_BY_NAME(SORT_BY_ALIGNMENT(._device.static.*_??_*)))
 ._device.static.1_35_
                0x0000000008008dbc       0x20 zephyr/drivers/reset/libdrivers__reset.a(reset_stm32.c.obj)
                0x0000000008008dbc                __device_dts_ord_49
 ._device.static.1_40_
                0x0000000008008ddc       0x20 zephyr/drivers/interrupt_controller/libdrivers__interrupt_controller.a(intc_exti_stm32.c.obj)
                0x0000000008008ddc                __device_dts_ord_48
 ._device.static.1_40_
                0x0000000008008dfc       0xc0 zephyr/drivers/gpio/libdrivers__gpio.a(gpio_stm32.c.obj)
                0x0000000008008dfc                __device_dts_ord_80
                0x0000000008008e1c                __device_dts_ord_82
                0x0000000008008e3c                __device_dts_ord_79
                0x0000000008008e5c                __device_dts_ord_81
                0x0000000008008e7c                __device_dts_ord_31
                0x0000000008008e9c                __device_dts_ord_30
 ._device.static.1_50_
                0x0000000008008ebc       0x20 zephyr/drivers/serial/libdrivers__serial.a(uart_stm32.c.obj)
                0x0000000008008ebc                __device_dts_ord_58
 ._device.static.3_80_
                0x0000000008008edc       0x20 zephyr/drivers/can/libdrivers__can.a(can_stm32_fdcan.c.obj)
                0x0000000008008edc                __device_dts_ord_43
 *(SORT_BY_NAME(SORT_BY_ALIGNMENT(._device.static.*_???_*)))
 *(SORT_BY_NAME(SORT_BY_ALIGNMENT(._device.static.*_????_*)))
 *(SORT_BY_NAME(SORT_BY_ALIGNMENT(._device.static.*_?????_*)))
                0x0000000008008efc                _device_list_end = .

sw_isr_table    0x0000000008008efc       0xf8
                0x0000000008008efc                . = ALIGN (0x4)
 *(SORT_BY_ALIGNMENT(.gnu.linkonce.sw_isr_table*))
 .gnu.linkonce.sw_isr_table
                0x0000000008008efc       0xf8 zephyr/arch/common/libisr_tables.a(isr_tables.c.obj)
                0x0000000008008efc                _sw_isr_table

initlevel_error
                0x0000000008008d04        0x0
 *(SORT_BY_NAME(SORT_BY_ALIGNMENT(.z_init_*)))
                0x0000000000000001                ASSERT ((SIZEOF (initlevel_error) == 0x0), Undefined initialization levels used.)

app_shmem_regions
                0x0000000008008ff4        0x0
                0x0000000008008ff4                __app_shmem_regions_start = .
 *(SORT_BY_NAME(SORT_BY_ALIGNMENT(.app_regions.*)))
                0x0000000008008ff4                __app_shmem_regions_end = .

k_p4wq_initparam_area
                0x0000000008008ff4        0x0
                0x0000000008008ff4                _k_p4wq_initparam_list_start = .
 *(SORT_BY_NAME(SORT_BY_ALIGNMENT(._k_p4wq_initparam.static.*)))
                0x0000000008008ff4                _k_p4wq_initparam_list_end = .

_static_thread_data_area
                0x0000000008008ff4        0x0
                0x0000000008008ff4                __static_thread_data_list_start = .
 *(SORT_BY_NAME(SORT_BY_ALIGNMENT(.__static_thread_data.static.*)))
                0x0000000008008ff4                __static_thread_data_list_end = .

device_deps     0x0000000008008ff4        0x0
                0x0000000008008ff4                __device_deps_start = .
 *(SORT_BY_NAME(SORT_BY_ALIGNMENT(.__device_deps_pass2*)))
                0x0000000008008ff4                __device_deps_end = .

can_driver_api_area
                0x0000000008008ff4       0x5c
                0x0000000008008ff4                _can_driver_api_list_start = .
 *(SORT_BY_NAME(SORT_BY_ALIGNMENT(._can_driver_api.static.*)))
 ._can_driver_api.static.can_stm32fd_driver_api_
                0x0000000008008ff4       0x5c zephyr/drivers/can/libdrivers__can.a(can_stm32_fdcan.c.obj)
                0x0000000008009050                _can_driver_api_list_end = .

gpio_driver_api_area
                0x0000000008009050       0x24
                0x0000000008009050                _gpio_driver_api_list_start = .
 *(SORT_BY_NAME(SORT_BY_ALIGNMENT(._gpio_driver_api.static.*)))
 ._gpio_driver_api.static.gpio_stm32_driver_
                0x0000000008009050       0x24 zephyr/drivers/gpio/libdrivers__gpio.a(gpio_stm32.c.obj)
                0x0000000008009074                _gpio_driver_api_list_end = .

reset_driver_api_area
                0x0000000008009074       0x10
                0x0000000008009074                _reset_driver_api_list_start = .
 *(SORT_BY_NAME(SORT_BY_ALIGNMENT(._reset_driver_api.static.*)))
 ._reset_driver_api.static.reset_stm32_driver_api_
                0x0000000008009074       0x10 zephyr/drivers/reset/libdrivers__reset.a(reset_stm32.c.obj)
                0x0000000008009084                _reset_driver_api_list_end = .

shared_irq_driver_api_area
                0x0000000008009084        0x0
                0x0000000008009084                _shared_irq_driver_api_list_start = .
 *(SORT_BY_NAME(SORT_BY_ALIGNMENT(._shared_irq_driver_api.static.*)))
                0x0000000008009084                _shared_irq_driver_api_list_end = .

crypto_driver_api_area
                0x0000000008009084        0x0
                0x0000000008009084                _crypto_driver_api_list_start = .
 *(SORT_BY_NAME(SORT_BY_ALIGNMENT(._crypto_driver_api.static.*)))
                0x0000000008009084                _crypto_driver_api_list_end = .

adc_driver_api_area
                0x0000000008009084        0x0
                0x0000000008009084                _adc_driver_api_list_start = .
 *(SORT_BY_NAME(SORT_BY_ALIGNMENT(._adc_driver_api.static.*)))
                0x0000000008009084                _adc_driver_api_list_end = .

auxdisplay_driver_api_area
                0x0000000008009084        0x0
                0x0000000008009084                _auxdisplay_driver_api_list_start = .
 *(SORT_BY_NAME(SORT_BY_ALIGNMENT(._auxdisplay_driver_api.static.*)))
                0x0000000008009084                _auxdisplay_driver_api_list_end = .

bbram_driver_api_area
                0x0000000008009084        0x0
                0x0000000008009084                _bbram_driver_api_list_start = .
 *(SORT_BY_NAME(SORT_BY_ALIGNMENT(._bbram_driver_api.static.*)))
                0x0000000008009084                _bbram_driver_api_list_end = .

bt_hci_driver_api_area
                0x0000000008009084        0x0
                0x0000000008009084                _bt_hci_driver_api_list_start = .
 *(SORT_BY_NAME(SORT_BY_ALIGNMENT(._bt_hci_driver_api.static.*)))
                0x0000000008009084                _bt_hci_driver_api_list_end = .

cellular_driver_api_area
                0x0000000008009084        0x0
                0x0000000008009084                _cellular_driver_api_list_start = .
 *(SORT_BY_NAME(SORT_BY_ALIGNMENT(._cellular_driver_api.static.*)))
                0x0000000008009084                _cellular_driver_api_list_end = .

charger_driver_api_area
                0x0000000008009084        0x0
                0x0000000008009084                _charger_driver_api_list_start = .
 *(SORT_BY_NAME(SORT_BY_ALIGNMENT(._charger_driver_api.static.*)))
                0x0000000008009084                _charger_driver_api_list_end = .

clock_control_driver_api_area
                0x0000000008009084       0x1c
                0x0000000008009084                _clock_control_driver_api_list_start = .
 *(SORT_BY_NAME(SORT_BY_ALIGNMENT(._clock_control_driver_api.static.*)))
 ._clock_control_driver_api.static.stm32_clock_control_api_
                0x0000000008009084       0x1c zephyr/drivers/clock_control/libdrivers__clock_control.a(clock_stm32_ll_common.c.obj)
                0x00000000080090a0                _clock_control_driver_api_list_end = .

comparator_driver_api_area
                0x00000000080090a0        0x0
                0x00000000080090a0                _comparator_driver_api_list_start = .
 *(SORT_BY_NAME(SORT_BY_ALIGNMENT(._comparator_driver_api.static.*)))
                0x00000000080090a0                _comparator_driver_api_list_end = .

coredump_driver_api_area
                0x00000000080090a0        0x0
                0x00000000080090a0                _coredump_driver_api_list_start = .
 *(SORT_BY_NAME(SORT_BY_ALIGNMENT(._coredump_driver_api.static.*)))
                0x00000000080090a0                _coredump_driver_api_list_end = .

counter_driver_api_area
                0x00000000080090a0        0x0
                0x00000000080090a0                _counter_driver_api_list_start = .
 *(SORT_BY_NAME(SORT_BY_ALIGNMENT(._counter_driver_api.static.*)))
                0x00000000080090a0                _counter_driver_api_list_end = .

crc_driver_api_area
                0x00000000080090a0        0x0
                0x00000000080090a0                _crc_driver_api_list_start = .
 *(SORT_BY_NAME(SORT_BY_ALIGNMENT(._crc_driver_api.static.*)))
                0x00000000080090a0                _crc_driver_api_list_end = .

dac_driver_api_area
                0x00000000080090a0        0x0
                0x00000000080090a0                _dac_driver_api_list_start = .
 *(SORT_BY_NAME(SORT_BY_ALIGNMENT(._dac_driver_api.static.*)))
                0x00000000080090a0                _dac_driver_api_list_end = .

dai_driver_api_area
                0x00000000080090a0        0x0
                0x00000000080090a0                _dai_driver_api_list_start = .
 *(SORT_BY_NAME(SORT_BY_ALIGNMENT(._dai_driver_api.static.*)))
                0x00000000080090a0                _dai_driver_api_list_end = .

display_driver_api_area
                0x00000000080090a0        0x0
                0x00000000080090a0                _display_driver_api_list_start = .
 *(SORT_BY_NAME(SORT_BY_ALIGNMENT(._display_driver_api.static.*)))
                0x00000000080090a0                _display_driver_api_list_end = .

dma_driver_api_area
                0x00000000080090a0        0x0
                0x00000000080090a0                _dma_driver_api_list_start = .
 *(SORT_BY_NAME(SORT_BY_ALIGNMENT(._dma_driver_api.static.*)))
                0x00000000080090a0                _dma_driver_api_list_end = .

edac_driver_api_area
                0x00000000080090a0        0x0
                0x00000000080090a0                _edac_driver_api_list_start = .
 *(SORT_BY_NAME(SORT_BY_ALIGNMENT(._edac_driver_api.static.*)))
                0x00000000080090a0                _edac_driver_api_list_end = .

eeprom_driver_api_area
                0x00000000080090a0        0x0
                0x00000000080090a0                _eeprom_driver_api_list_start = .
 *(SORT_BY_NAME(SORT_BY_ALIGNMENT(._eeprom_driver_api.static.*)))
                0x00000000080090a0                _eeprom_driver_api_list_end = .

emul_bbram_driver_api_area
                0x00000000080090a0        0x0
                0x00000000080090a0                _emul_bbram_driver_api_list_start = .
 *(SORT_BY_NAME(SORT_BY_ALIGNMENT(._emul_bbram_driver_api.static.*)))
                0x00000000080090a0                _emul_bbram_driver_api_list_end = .

fuel_gauge_emul_driver_api_area
                0x00000000080090a0        0x0
                0x00000000080090a0                _fuel_gauge_emul_driver_api_list_start = .
 *(SORT_BY_NAME(SORT_BY_ALIGNMENT(._fuel_gauge_emul_driver_api.static.*)))
                0x00000000080090a0                _fuel_gauge_emul_driver_api_list_end = .

emul_sensor_driver_api_area
                0x00000000080090a0        0x0
                0x00000000080090a0                _emul_sensor_driver_api_list_start = .
 *(SORT_BY_NAME(SORT_BY_ALIGNMENT(._emul_sensor_driver_api.static.*)))
                0x00000000080090a0                _emul_sensor_driver_api_list_end = .

entropy_driver_api_area
                0x00000000080090a0        0x0
                0x00000000080090a0                _entropy_driver_api_list_start = .
 *(SORT_BY_NAME(SORT_BY_ALIGNMENT(._entropy_driver_api.static.*)))
                0x00000000080090a0                _entropy_driver_api_list_end = .

espi_driver_api_area
                0x00000000080090a0        0x0
                0x00000000080090a0                _espi_driver_api_list_start = .
 *(SORT_BY_NAME(SORT_BY_ALIGNMENT(._espi_driver_api.static.*)))
                0x00000000080090a0                _espi_driver_api_list_end = .

espi_saf_driver_api_area
                0x00000000080090a0        0x0
                0x00000000080090a0                _espi_saf_driver_api_list_start = .
 *(SORT_BY_NAME(SORT_BY_ALIGNMENT(._espi_saf_driver_api.static.*)))
                0x00000000080090a0                _espi_saf_driver_api_list_end = .

flash_driver_api_area
                0x00000000080090a0        0x0
                0x00000000080090a0                _flash_driver_api_list_start = .
 *(SORT_BY_NAME(SORT_BY_ALIGNMENT(._flash_driver_api.static.*)))
                0x00000000080090a0                _flash_driver_api_list_end = .

fpga_driver_api_area
                0x00000000080090a0        0x0
                0x00000000080090a0                _fpga_driver_api_list_start = .
 *(SORT_BY_NAME(SORT_BY_ALIGNMENT(._fpga_driver_api.static.*)))
                0x00000000080090a0                _fpga_driver_api_list_end = .

fuel_gauge_driver_api_area
                0x00000000080090a0        0x0
                0x00000000080090a0                _fuel_gauge_driver_api_list_start = .
 *(SORT_BY_NAME(SORT_BY_ALIGNMENT(._fuel_gauge_driver_api.static.*)))
                0x00000000080090a0                _fuel_gauge_driver_api_list_end = .

gnss_driver_api_area
                0x00000000080090a0        0x0
                0x00000000080090a0                _gnss_driver_api_list_start = .
 *(SORT_BY_NAME(SORT_BY_ALIGNMENT(._gnss_driver_api.static.*)))
                0x00000000080090a0                _gnss_driver_api_list_end = .

haptics_driver_api_area
                0x00000000080090a0        0x0
                0x00000000080090a0                _haptics_driver_api_list_start = .
 *(SORT_BY_NAME(SORT_BY_ALIGNMENT(._haptics_driver_api.static.*)))
                0x00000000080090a0                _haptics_driver_api_list_end = .

hwspinlock_driver_api_area
                0x00000000080090a0        0x0
                0x00000000080090a0                _hwspinlock_driver_api_list_start = .
 *(SORT_BY_NAME(SORT_BY_ALIGNMENT(._hwspinlock_driver_api.static.*)))
                0x00000000080090a0                _hwspinlock_driver_api_list_end = .

i2c_driver_api_area
                0x00000000080090a0        0x0
                0x00000000080090a0                _i2c_driver_api_list_start = .
 *(SORT_BY_NAME(SORT_BY_ALIGNMENT(._i2c_driver_api.static.*)))
                0x00000000080090a0                _i2c_driver_api_list_end = .

i2c_target_driver_api_area
                0x00000000080090a0        0x0
                0x00000000080090a0                _i2c_target_driver_api_list_start = .
 *(SORT_BY_NAME(SORT_BY_ALIGNMENT(._i2c_target_driver_api.static.*)))
                0x00000000080090a0                _i2c_target_driver_api_list_end = .

i2s_driver_api_area
                0x00000000080090a0        0x0
                0x00000000080090a0                _i2s_driver_api_list_start = .
 *(SORT_BY_NAME(SORT_BY_ALIGNMENT(._i2s_driver_api.static.*)))
                0x00000000080090a0                _i2s_driver_api_list_end = .

i3c_driver_api_area
                0x00000000080090a0        0x0
                0x00000000080090a0                _i3c_driver_api_list_start = .
 *(SORT_BY_NAME(SORT_BY_ALIGNMENT(._i3c_driver_api.static.*)))
                0x00000000080090a0                _i3c_driver_api_list_end = .

ipm_driver_api_area
                0x00000000080090a0        0x0
                0x00000000080090a0                _ipm_driver_api_list_start = .
 *(SORT_BY_NAME(SORT_BY_ALIGNMENT(._ipm_driver_api.static.*)))
                0x00000000080090a0                _ipm_driver_api_list_end = .

led_driver_api_area
                0x00000000080090a0        0x0
                0x00000000080090a0                _led_driver_api_list_start = .
 *(SORT_BY_NAME(SORT_BY_ALIGNMENT(._led_driver_api.static.*)))
                0x00000000080090a0                _led_driver_api_list_end = .

led_strip_driver_api_area
                0x00000000080090a0        0x0
                0x00000000080090a0                _led_strip_driver_api_list_start = .
 *(SORT_BY_NAME(SORT_BY_ALIGNMENT(._led_strip_driver_api.static.*)))
                0x00000000080090a0                _led_strip_driver_api_list_end = .

lora_driver_api_area
                0x00000000080090a0        0x0
                0x00000000080090a0                _lora_driver_api_list_start = .
 *(SORT_BY_NAME(SORT_BY_ALIGNMENT(._lora_driver_api.static.*)))
                0x00000000080090a0                _lora_driver_api_list_end = .

mbox_driver_api_area
                0x00000000080090a0        0x0
                0x00000000080090a0                _mbox_driver_api_list_start = .
 *(SORT_BY_NAME(SORT_BY_ALIGNMENT(._mbox_driver_api.static.*)))
                0x00000000080090a0                _mbox_driver_api_list_end = .

mdio_driver_api_area
                0x00000000080090a0        0x0
                0x00000000080090a0                _mdio_driver_api_list_start = .
 *(SORT_BY_NAME(SORT_BY_ALIGNMENT(._mdio_driver_api.static.*)))
                0x00000000080090a0                _mdio_driver_api_list_end = .

mipi_dbi_driver_api_area
                0x00000000080090a0        0x0
                0x00000000080090a0                _mipi_dbi_driver_api_list_start = .
 *(SORT_BY_NAME(SORT_BY_ALIGNMENT(._mipi_dbi_driver_api.static.*)))
                0x00000000080090a0                _mipi_dbi_driver_api_list_end = .

mipi_dsi_driver_api_area
                0x00000000080090a0        0x0
                0x00000000080090a0                _mipi_dsi_driver_api_list_start = .
 *(SORT_BY_NAME(SORT_BY_ALIGNMENT(._mipi_dsi_driver_api.static.*)))
                0x00000000080090a0                _mipi_dsi_driver_api_list_end = .

mspi_driver_api_area
                0x00000000080090a0        0x0
                0x00000000080090a0                _mspi_driver_api_list_start = .
 *(SORT_BY_NAME(SORT_BY_ALIGNMENT(._mspi_driver_api.static.*)))
                0x00000000080090a0                _mspi_driver_api_list_end = .

opamp_driver_api_area
                0x00000000080090a0        0x0
                0x00000000080090a0                _opamp_driver_api_list_start = .
 *(SORT_BY_NAME(SORT_BY_ALIGNMENT(._opamp_driver_api.static.*)))
                0x00000000080090a0                _opamp_driver_api_list_end = .

peci_driver_api_area
                0x00000000080090a0        0x0
                0x00000000080090a0                _peci_driver_api_list_start = .
 *(SORT_BY_NAME(SORT_BY_ALIGNMENT(._peci_driver_api.static.*)))
                0x00000000080090a0                _peci_driver_api_list_end = .

ps2_driver_api_area
                0x00000000080090a0        0x0
                0x00000000080090a0                _ps2_driver_api_list_start = .
 *(SORT_BY_NAME(SORT_BY_ALIGNMENT(._ps2_driver_api.static.*)))
                0x00000000080090a0                _ps2_driver_api_list_end = .

ptp_clock_driver_api_area
                0x00000000080090a0        0x0
                0x00000000080090a0                _ptp_clock_driver_api_list_start = .
 *(SORT_BY_NAME(SORT_BY_ALIGNMENT(._ptp_clock_driver_api.static.*)))
                0x00000000080090a0                _ptp_clock_driver_api_list_end = .

pwm_driver_api_area
                0x00000000080090a0        0x0
                0x00000000080090a0                _pwm_driver_api_list_start = .