Archive member included to satisfy reference by file (symbol)

app/libapp.a(main.c.obj)      (--whole-archive)
app/libapp.a(cdc_handler.c.obj)
                              (--whole-archive)
app/libapp.a(pfet_control.c.obj)
                              (--whole-archive)
app/libapp.a(gs_usb_can.c.obj)
                              (--whole-archive)
app/libapp.a(usb_gs_usb_class.c.obj)
                              (--whole-archive)
zephyr/libzephyr.a(validate_libc.c.obj)
                              (--whole-archive)
zephyr/libzephyr.a(heap.c.obj)
                              (--whole-archive)
zephyr/libzephyr.a(cbprintf_packaged.c.obj)
                              (--whole-archive)
zephyr/libzephyr.a(clock.c.obj)
                              (--whole-archive)
zephyr/libzephyr.a(printk.c.obj)
                              (--whole-archive)
zephyr/libzephyr.a(sem.c.obj)
                              (--whole-archive)
zephyr/libzephyr.a(thread_entry.c.obj)
                              (--whole-archive)
zephyr/libzephyr.a(cbprintf_complete.c.obj)
                              (--whole-archive)
zephyr/libzephyr.a(assert.c.obj)
                              (--whole-archive)
zephyr/libzephyr.a(mpsc_pbuf.c.obj)
                              (--whole-archive)
zephyr/libzephyr.a(dec.c.obj)
                              (--whole-archive)
zephyr/libzephyr.a(hex.c.obj)
                              (--whole-archive)
zephyr/libzephyr.a(rb.c.obj)  (--whole-archive)
zephyr/libzephyr.a(timeutil.c.obj)
                              (--whole-archive)
zephyr/libzephyr.a(bitarray.c.obj)
                              (--whole-archive)
zephyr/libzephyr.a(bitmask.c.obj)
                              (--whole-archive)
zephyr/libzephyr.a(ring_buffer.c.obj)
                              (--whole-archive)
zephyr/libzephyr.a(last_section_id.c.obj)
                              (--whole-archive)
zephyr/libzephyr.a(configs.c.obj)
                              (--whole-archive)
zephyr/libzephyr.a(stm32cube_hal.c.obj)
                              (--whole-archive)
zephyr/libzephyr.a(soc_config.c.obj)
                              (--whole-archive)
zephyr/libzephyr.a(stm32_backup_domain.c.obj)
                              (--whole-archive)
zephyr/libzephyr.a(soc.c.obj)
                              (--whole-archive)
zephyr/libzephyr.a(log_core.c.obj)
                              (--whole-archive)
zephyr/libzephyr.a(log_mgmt.c.obj)
                              (--whole-archive)
zephyr/libzephyr.a(log_cache.c.obj)
                              (--whole-archive)
zephyr/libzephyr.a(log_msg.c.obj)
                              (--whole-archive)
zephyr/libzephyr.a(log_output.c.obj)
                              (--whole-archive)
zephyr/libzephyr.a(log_backend_uart.c.obj)
                              (--whole-archive)
zephyr/libzephyr.a(tracing_none.c.obj)
                              (--whole-archive)
zephyr/libzephyr.a(usb_device.c.obj)
                              (--whole-archive)
zephyr/libzephyr.a(usb_descriptor.c.obj)
                              (--whole-archive)
zephyr/libzephyr.a(usb_transfer.c.obj)
                              (--whole-archive)
zephyr/arch/common/libarch__common.a(sw_isr_common.c.obj)
                              (--whole-archive)
zephyr/arch/common/libarch__common.a(init.c.obj)
                              (--whole-archive)
zephyr/arch/common/libarch__common.a(xip.c.obj)
                              (--whole-archive)
zephyr/arch/arch/arm/core/libarch__arm__core.a(fatal.c.obj)
                              (--whole-archive)
zephyr/arch/arch/arm/core/libarch__arm__core.a(nmi.c.obj)
                              (--whole-archive)
zephyr/arch/arch/arm/core/libarch__arm__core.a(nmi_on_reset.S.obj)
                              (--whole-archive)
zephyr/arch/arch/arm/core/libarch__arm__core.a(tls.c.obj)
                              (--whole-archive)
zephyr/arch/arch/arm/core/cortex_m/libarch__arm__core__cortex_m.a(exc_exit.c.obj)
                              (--whole-archive)
zephyr/arch/arch/arm/core/cortex_m/libarch__arm__core__cortex_m.a(fault.c.obj)
                              (--whole-archive)
zephyr/arch/arch/arm/core/cortex_m/libarch__arm__core__cortex_m.a(fault_s.S.obj)
                              (--whole-archive)
zephyr/arch/arch/arm/core/cortex_m/libarch__arm__core__cortex_m.a(fpu.c.obj)
                              (--whole-archive)
zephyr/arch/arch/arm/core/cortex_m/libarch__arm__core__cortex_m.a(reset.S.obj)
                              (--whole-archive)
zephyr/arch/arch/arm/core/cortex_m/libarch__arm__core__cortex_m.a(scb.c.obj)
                              (--whole-archive)
zephyr/arch/arch/arm/core/cortex_m/libarch__arm__core__cortex_m.a(thread_abort.c.obj)
                              (--whole-archive)
zephyr/arch/arch/arm/core/cortex_m/libarch__arm__core__cortex_m.a(vector_table.S.obj)
                              (--whole-archive)
[...]
Memory Configuration

Name             Origin             Length             Attributes
FLASH            0x0000000008000000 0x0000000000080000 xr
RAM              0x0000000020000000 0x0000000000024000 xw
SRAM0            0x0000000020000000 0x0000000000024000 rw
IDT_LIST         0x00000000ffff7fff 0x0000000000008000 xw
*default*        0x0000000000000000 0xffffffffffffffff

Linker script and memory map

                0x000000000800725c                vfprintf = __l_vfprintf
                0x0000000000000000                vfscanf = __l_vfscanf
LOAD zephyr/CMakeFiles/zephyr_final.dir/misc/empty_file.c.obj
LOAD zephyr/CMakeFiles/zephyr_final.dir/isr_tables.c.obj
LOAD zephyr/CMakeFiles/offsets.dir/./arch/arm/core/offsets/offsets.c.obj
LOAD app/libapp.a
LOAD zephyr/libzephyr.a
LOAD zephyr/arch/common/libarch__common.a
LOAD zephyr/arch/arch/arm/core/libarch__arm__core.a
LOAD zephyr/arch/arch/arm/core/cortex_m/libarch__arm__core__cortex_m.a
LOAD zephyr/lib/libc/picolibc/liblib__libc__picolibc.a
LOAD zephyr/lib/libc/common/liblib__libc__common.a
LOAD zephyr/lib/posix/c_lib_ext/liblib__posix__c_lib_ext.a
LOAD zephyr/drivers/interrupt_controller/libdrivers__interrupt_controller.a
LOAD zephyr/drivers/usb/device/libdrivers__usb__device.a
LOAD zephyr/drivers/can/libdrivers__can.a
LOAD zephyr/drivers/clock_control/libdrivers__clock_control.a
LOAD zephyr/drivers/console/libdrivers__console.a
LOAD zephyr/drivers/gpio/libdrivers__gpio.a
LOAD zephyr/drivers/hwinfo/libdrivers__hwinfo.a
LOAD zephyr/drivers/pinctrl/libdrivers__pinctrl.a
LOAD zephyr/drivers/reset/libdrivers__reset.a
LOAD zephyr/drivers/serial/libdrivers__serial.a
LOAD zephyr/drivers/timer/libdrivers__timer.a
LOAD modules/hal_stm32/stm32cube/lib..__modules__hal__stm32__stm32cube.a
LOAD zephyr/kernel/libkernel.a
LOAD zephyr/arch/common/libisr_tables.a
LOAD c:\users\iteedi\zephyr-sdk-0.17.4\arm-zephyr-eabi\bin\../lib/gcc/../../picolibc/arm-zephyr-eabi/lib/thumb/v6-m/nofp\libc.a
LOAD c:/users/iteedi/zephyr-sdk-0.17.4/arm-zephyr-eabi/bin/../lib/gcc/arm-zephyr-eabi/12.2.0/thumb/v6-m/nofp\libgcc.a
                0x0000000000000004                _region_min_align = 0x4

.rel.plt        0x0000000008000000        0x0
 *(SORT_BY_ALIGNMENT(.rel.plt))
                [!provide]                        PROVIDE (__rel_iplt_start = .)
 *(SORT_BY_ALIGNMENT(.rel.iplt))
 .rel.iplt      0x0000000008000000        0x0 zephyr/CMakeFiles/zephyr_final.dir/isr_tables.c.obj
                [!provide]                        PROVIDE (__rel_iplt_end = .)

.rela.plt       0x0000000000000000        0x0
 *(SORT_BY_ALIGNMENT(.rela.plt))
                [!provide]                        PROVIDE (__rela_iplt_start = .)
 *(SORT_BY_ALIGNMENT(.rela.iplt))
                [!provide]                        PROVIDE (__rela_iplt_end = .)

.rel.dyn
 *(SORT_BY_ALIGNMENT(.rel.*))

.rela.dyn
 *(SORT_BY_ALIGNMENT(.rela.*))

/DISCARD/
 *(SORT_BY_ALIGNMENT(.plt))

/DISCARD/
 *(SORT_BY_ALIGNMENT(.iplt))
                0x0000000008000000                __rom_region_start = 0x8000000

rom_start       0x0000000008000000       0xbc
                0x0000000008000000                __rom_start_address = .
 FILL mask 0x00
                0x0000000008000000                . = (. + (0x0 - (. - __rom_start_address)))
                0x0000000008000000                . = ALIGN (0x4)
                0x0000000008000000                . = ALIGN (0x100)
                0x0000000008000000                . = ALIGN (0x100)
                0x0000000008000000                _vector_start = .
 *(SORT_BY_ALIGNMENT(.exc_vector_table))
 *(SORT_BY_ALIGNMENT(.exc_vector_table.*))
 .exc_vector_table._vector_table_section
                0x0000000008000000       0x40 zephyr/arch/arch/arm/core/cortex_m/libarch__arm__core__cortex_m.a(vector_table.S.obj)
                0x0000000008000000                _vector_table
 *(SORT_BY_ALIGNMENT(.vectors))
                0x00000000080000bc                _vector_end = .
                0x0000000008000040                . = ALIGN (0x4)
 *(SORT_BY_ALIGNMENT(.gnu.linkonce.irq_vector_table*))
 .gnu.linkonce.irq_vector_table
                0x0000000008000040       0x7c zephyr/CMakeFiles/zephyr_final.dir/isr_tables.c.obj
                0x0000000008000040                _irq_vector_table
                0x00000000080000bc                _vector_end = .

text            0x00000000080000bc     0x8d4c
                0x00000000080000bc                __text_region_start = .
 *(SORT_BY_ALIGNMENT(.text))
 .text          0x00000000080000bc       0x14 c:/users/iteedi/zephyr-sdk-0.17.4/arm-zephyr-eabi/bin/../lib/gcc/arm-zephyr-eabi/12.2.0/thumb/v6-m/nofp\libgcc.a(_thumb1_case_sqi.o)
                0x00000000080000bc                __gnu_thumb1_case_sqi
 .text          0x00000000080000d0       0x14 c:/users/iteedi/zephyr-sdk-0.17.4/arm-zephyr-eabi/bin/../lib/gcc/arm-zephyr-eabi/12.2.0/thumb/v6-m/nofp\libgcc.a(_thumb1_case_uqi.o)
                0x00000000080000d0                __gnu_thumb1_case_uqi
 .text          0x00000000080000e4       0x8c c:/users/iteedi/zephyr-sdk-0.17.4/arm-zephyr-eabi/bin/../lib/gcc/arm-zephyr-eabi/12.2.0/thumb/v6-m/nofp\libgcc.a(_udivsi3.o)
                0x00000000080000e4                __aeabi_uidiv
                0x00000000080000e4                __udivsi3
                0x000000000800015c                __aeabi_uidivmod
 .text          0x0000000008000170        0x4 c:/users/iteedi/zephyr-sdk-0.17.4/arm-zephyr-eabi/bin/../lib/gcc/arm-zephyr-eabi/12.2.0/thumb/v6-m/nofp\libgcc.a(_dvmd_tls.o)
                0x0000000008000170                __aeabi_idiv0
                0x0000000008000170                __aeabi_ldiv0
 .text          0x0000000008000174       0x3c c:/users/iteedi/zephyr-sdk-0.17.4/arm-zephyr-eabi/bin/../lib/gcc/arm-zephyr-eabi/12.2.0/thumb/v6-m/nofp\libgcc.a(_clzsi2.o)
                0x0000000008000174                __clzsi2
 .text          0x00000000080001b0       0x40 c:/users/iteedi/zephyr-sdk-0.17.4/arm-zephyr-eabi/bin/../lib/gcc/arm-zephyr-eabi/12.2.0/thumb/v6-m/nofp\libgcc.a(_ctzsi2.o)
                0x00000000080001b0                __ctzsi2
 .text          0x00000000080001f0       0x40 c:/users/iteedi/zephyr-sdk-0.17.4/arm-zephyr-eabi/bin/../lib/gcc/arm-zephyr-eabi/12.2.0/thumb/v6-m/nofp\libgcc.a(_aeabi_uldivmod.o)
                0x00000000080001f0                __aeabi_uldivmod
 .text          0x0000000008000230       0x18 c:/users/iteedi/zephyr-sdk-0.17.4/arm-zephyr-eabi/bin/../lib/gcc/arm-zephyr-eabi/12.2.0/thumb/v6-m/nofp\libgcc.a(_lshrdi3.o)
                0x0000000008000230                __lshrdi3
                0x0000000008000230                __aeabi_llsr
 .text          0x0000000008000248       0x18 c:/users/iteedi/zephyr-sdk-0.17.4/arm-zephyr-eabi/bin/../lib/gcc/arm-zephyr-eabi/12.2.0/thumb/v6-m/nofp\libgcc.a(_ashldi3.o)
                0x0000000008000248                __aeabi_llsl
                0x0000000008000248                __ashldi3
 .text          0x0000000008000260       0x18 c:/users/iteedi/zephyr-sdk-0.17.4/arm-zephyr-eabi/bin/../lib/gcc/arm-zephyr-eabi/12.2.0/thumb/v6-m/nofp\libgcc.a(_clzdi2.o)
                0x0000000008000260                __clzdi2
 .text          0x0000000008000278       0x10 c:\users\iteedi\zephyr-sdk-0.17.4\arm-zephyr-eabi\bin\../lib/gcc/../../picolibc/arm-zephyr-eabi/lib/thumb/v6-m/nofp\libc.a(strcpy.S.o)
                0x0000000008000278                strcpy
 .text          0x0000000008000288        0xe c:\users\iteedi\zephyr-sdk-0.17.4\arm-zephyr-eabi\bin\../lib/gcc/../../picolibc/arm-zephyr-eabi/lib/thumb/v6-m/nofp\libc.a(strlen.S.o)
                0x0000000008000288                strlen
 .text          0x0000000008000296       0xde c:/users/iteedi/zephyr-sdk-0.17.4/arm-zephyr-eabi/bin/../lib/gcc/arm-zephyr-eabi/12.2.0/thumb/v6-m/nofp\libgcc.a(_udivmoddi4.o)
                0x0000000008000296                __udivmoddi4
 *(SORT_BY_ALIGNMENT(.text.*))
 .text.main     0x0000000008000374       0xd4 app/libapp.a(main.c.obj)
                0x0000000008000374                main
 .text.cdc_handler_init
                0x0000000008000448       0x38 app/libapp.a(cdc_handler.c.obj)
                0x0000000008000448                cdc_handler_init
 .text.cdc_handler_process
                0x0000000008000480      0x158 app/libapp.a(cdc_handler.c.obj)
                0x0000000008000480                cdc_handler_process
 .text.gpio_pin_configure_dt.constprop.0
                0x00000000080005d8       0x4c app/libapp.a(pfet_control.c.obj)
 .text.pfet_control_init
                0x0000000008000624       0x84 app/libapp.a(pfet_control.c.obj)
                0x0000000008000624                pfet_control_init
 .text.pfet_set_state
                0x00000000080006a8       0xa0 app/libapp.a(pfet_control.c.obj)
                0x00000000080006a8                pfet_set_state
 .text.pfet_get_state
                0x0000000008000748       0x20 app/libapp.a(pfet_control.c.obj)
                0x0000000008000748                pfet_get_state
 .text.can_rx_callback
                0x0000000008000768       0xd4 app/libapp.a(gs_usb_can.c.obj)
 .text.gs_usb_can_init
                0x000000000800083c       0x98 app/libapp.a(gs_usb_can.c.obj)
                0x000000000800083c                gs_usb_can_init
 .text.gs_usb_class_init.part.0
                0x00000000080008d4       0x24 app/libapp.a(usb_gs_usb_class.c.obj)
 .text.gs_usb_bulk_in_callback.part.0
                0x00000000080008f8       0x34 app/libapp.a(usb_gs_usb_class.c.obj)
 .text.gs_usb_send_frame_to_host
                0x000000000800092c       0x4c app/libapp.a(usb_gs_usb_class.c.obj)
                0x000000000800092c                gs_usb_send_frame_to_host
 .text.gs_usb_class_init
                0x0000000008000978       0x3c app/libapp.a(usb_gs_usb_class.c.obj)
                0x0000000008000978                gs_usb_class_init
 .text.usb_gs_usb_init
                0x00000000080009b4       0x3c app/libapp.a(usb_gs_usb_class.c.obj)
                0x00000000080009b4                usb_gs_usb_init
 .text.cbvprintf_package
                0x00000000080009f0      0x3b8 zephyr/libzephyr.a(cbprintf_packaged.c.obj)
                0x00000000080009f0                cbvprintf_package
 .text.cbprintf_package_convert
                0x0000000008000da8      0x430 zephyr/libzephyr.a(cbprintf_packaged.c.obj)
                0x0000000008000da8                cbprintf_package_convert
 .text.__printk_hook_install
                0x00000000080011d8        0xc zephyr/libzephyr.a(printk.c.obj)
                0x00000000080011d8                __printk_hook_install
 .text.z_thread_entry
                0x00000000080011e4       0x30 zephyr/libzephyr.a(thread_entry.c.obj)
                0x00000000080011e4                z_thread_entry
 .text.st_stm32_common_config
                0x0000000008001214       0x3c zephyr/libzephyr.a(soc_config.c.obj)
 .text.soc_early_init_hook
                0x0000000008001250       0x4c zephyr/libzephyr.a(soc.c.obj)
                0x0000000008001250                soc_early_init_hook
 .text.activate_foreach_backend
                0x000000000800129c       0x58 zephyr/libzephyr.a(log_core.c.obj)
 .text.enable_logger
                0x00000000080012f4       0x5c zephyr/libzephyr.a(log_core.c.obj)
 .text.log_process_thread_timer_expiry_fn
                0x0000000008001350       0x10 zephyr/libzephyr.a(log_core.c.obj)
 .text.z_log_init
                0x0000000008001360       0x90 zephyr/libzephyr.a(log_core.c.obj)
 .text.log_format_func_t_get
                0x00000000080013f0        0xc zephyr/libzephyr.a(log_core.c.obj)
                0x00000000080013f0                log_format_func_t_get
 .text.log_set_timestamp_func
                0x00000000080013fc       0x20 zephyr/libzephyr.a(log_core.c.obj)
                0x00000000080013fc                log_set_timestamp_func
 .text.z_log_notify_backend_enabled
                0x000000000800141c       0x20 zephyr/libzephyr.a(log_core.c.obj)
                0x000000000800141c                z_log_notify_backend_enabled
 .text.z_log_dropped
                0x000000000800143c       0x34 zephyr/libzephyr.a(log_core.c.obj)
                0x000000000800143c                z_log_dropped
 .text.z_log_dropped_read_and_clear
                0x0000000008001470       0x10 zephyr/libzephyr.a(log_core.c.obj)
                0x0000000008001470                z_log_dropped_read_and_clear
 .text.dropped_notify
                0x0000000008001480       0x34 zephyr/libzephyr.a(log_core.c.obj)
                0x0000000008001480                dropped_notify
 .text.z_log_msg_init
                0x00000000080014b4       0x20 zephyr/libzephyr.a(log_core.c.obj)
                0x00000000080014b4                z_log_msg_init
 .text.log_core_init
                0x00000000080014d4       0x50 zephyr/libzephyr.a(log_core.c.obj)
                0x00000000080014d4                log_core_init
 .text.z_log_msg_alloc
                0x0000000008001524       0x18 zephyr/libzephyr.a(log_core.c.obj)
                0x0000000008001524                z_log_msg_alloc
 .text.z_log_msg_local_claim
                0x000000000800153c       0x10 zephyr/libzephyr.a(log_core.c.obj)
                0x000000000800153c                z_log_msg_local_claim
 .text.z_log_msg_free
                0x000000000800154c       0x14 zephyr/libzephyr.a(log_core.c.obj)
                0x000000000800154c                z_log_msg_free
 .text.z_log_msg_pending
                0x0000000008001560       0x10 zephyr/libzephyr.a(log_core.c.obj)
                0x0000000008001560                z_log_msg_pending
 .text.z_impl_log_process
                0x0000000008001570       0x9c zephyr/libzephyr.a(log_core.c.obj)
                0x0000000008001570                z_impl_log_process
 .text.z_impl_log_panic
                0x000000000800160c       0x48 zephyr/libzephyr.a(log_core.c.obj)
                0x000000000800160c                z_impl_log_panic
 .text.log_process_thread_func
                0x0000000008001654       0xa4 zephyr/libzephyr.a(log_core.c.obj)
 .text.z_log_msg_post_finalize
                0x00000000080016f8       0x70 zephyr/libzephyr.a(log_core.c.obj)
 .text.z_log_msg_commit
                0x0000000008001768       0x24 zephyr/libzephyr.a(log_core.c.obj)
                0x0000000008001768                z_log_msg_commit
 .text.log_source_name_get
                0x000000000800178c       0x1c zephyr/libzephyr.a(log_mgmt.c.obj)
                0x000000000800178c                log_source_name_get
 .text.z_log_msg_simple_create
                0x00000000080017a8       0x70 zephyr/libzephyr.a(log_msg.c.obj)
 .text.z_impl_z_log_msg_static_create
                0x0000000008001818      0x130 zephyr/libzephyr.a(log_msg.c.obj)
                0x0000000008001818                z_impl_z_log_msg_static_create
 .text.z_log_msg_runtime_vcreate
                0x0000000008001948       0x9c zephyr/libzephyr.a(log_msg.c.obj)
                0x0000000008001948                z_log_msg_runtime_vcreate
 .text.log_msg_get_source_id
                0x00000000080019e4       0x1c zephyr/libzephyr.a(log_msg.c.obj)
                0x00000000080019e4                log_msg_get_source_id
 .text.print_formatted
                0x0000000008001a00       0x20 zephyr/libzephyr.a(log_output.c.obj)
 .text.newline_print
                0x0000000008001a20       0x20 zephyr/libzephyr.a(log_output.c.obj)
 .text.log_output_process
                0x0000000008001a40      0x2cc zephyr/libzephyr.a(log_output.c.obj)
                0x0000000008001a40                log_output_process
 .text.log_output_dropped_process
                0x0000000008001d0c       0x58 zephyr/libzephyr.a(log_output.c.obj)
                0x0000000008001d0c                log_output_dropped_process
 .text.log_output_timestamp_freq_set
                0x0000000008001d64       0x34 zephyr/libzephyr.a(log_output.c.obj)
                0x0000000008001d64                log_output_timestamp_freq_set
 .text.char_out
                0x0000000008001d98       0x24 zephyr/libzephyr.a(log_backend_uart.c.obj)
 .text.arch_bss_zero
                0x0000000008001dbc       0x18 zephyr/arch/common/libarch__common.a(init.c.obj)
                0x0000000008001dbc                arch_bss_zero
 .text.arch_data_copy
                0x0000000008001dd4       0x34 zephyr/arch/common/libarch__common.a(xip.c.obj)
                0x0000000008001dd4                arch_data_copy
 .text.z_arm_fatal_error
                0x0000000008001e08       0xb8 zephyr/arch/arch/arm/core/libarch__arm__core.a(fatal.c.obj)
                0x0000000008001e08                z_arm_fatal_error
 .text.z_SysNmiOnReset
                0x0000000008001ec0        0x4 zephyr/arch/arch/arm/core/libarch__arm__core.a(nmi_on_reset.S.obj)
                0x0000000008001ec0                z_SysNmiOnReset
 .text.arch_tls_stack_setup
                0x0000000008001ec4       0x38 zephyr/arch/arch/arm/core/libarch__arm__core.a(tls.c.obj)
                0x0000000008001ec4                arch_tls_stack_setup
 .text._HandlerModeExit
                0x0000000008001efc       0x20 zephyr/arch/arch/arm/core/cortex_m/libarch__arm__core__cortex_m.a(exc_exit.c.obj)
                0x0000000008001efc                z_arm_int_exit
                0x0000000008001efc                z_arm_exc_exit
 .text.z_arm_fault
                0x0000000008001f1c      0x138 zephyr/arch/arch/arm/core/cortex_m/libarch__arm__core__cortex_m.a(fault.c.obj)
                0x0000000008001f1c                z_arm_fault
 .text.z_arm_fault_init
                0x0000000008002054       0x10 zephyr/arch/arch/arm/core/cortex_m/libarch__arm__core__cortex_m.a(fault.c.obj)
                0x0000000008002054                z_arm_fault_init
 .text.__fault  0x0000000008002064       0x14 zephyr/arch/arch/arm/core/cortex_m/libarch__arm__core__cortex_m.a(fault_s.S.obj)
                0x0000000008002064                z_arm_hard_fault
                0x0000000008002064                z_arm_exc_spurious
 .text._reset_section
                0x0000000008002078       0x34 zephyr/arch/arch/arm/core/cortex_m/libarch__arm__core__cortex_m.a(reset.S.obj)
                0x0000000008002078                __start
                0x0000000008002078                z_arm_reset
 .text.z_impl_k_thread_abort
                0x00000000080020ac       0x38 zephyr/arch/arch/arm/core/cortex_m/libarch__arm__core__cortex_m.a(thread_abort.c.obj)
                0x00000000080020ac                z_impl_k_thread_abort
 .text.z_arm_pendsv
                0x00000000080020e4       0x70 zephyr/arch/arch/arm/core/cortex_m/libarch__arm__core__cortex_m.a(swap_helper.S.obj)
                0x00000000080020e4                z_arm_pendsv
 .text.z_arm_svc
                0x0000000008002154       0x28 zephyr/arch/arch/arm/core/cortex_m/libarch__arm__core__cortex_m.a(swap_helper.S.obj)
                0x0000000008002154                z_arm_svc
 .text.arm_irq_enable
                0x000000000800217c       0x18 zephyr/arch/arch/arm/core/cortex_m/libarch__arm__core__cortex_m.a(irq_manage.c.obj)
                0x000000000800217c                arm_irq_enable
 .text.arm_irq_priority_set
                0x0000000008002194       0x54 zephyr/arch/arch/arm/core/cortex_m/libarch__arm__core__cortex_m.a(irq_manage.c.obj)
                0x0000000008002194                arm_irq_priority_set
 .text.relocate_vector_table
                0x00000000080021e8       0x1c zephyr/arch/arch/arm/core/cortex_m/libarch__arm__core__cortex_m.a(prep_c.c.obj)
                0x00000000080021e8                relocate_vector_table
 .text.arch_new_thread
                0x0000000008002204       0x2c zephyr/arch/arch/arm/core/cortex_m/libarch__arm__core__cortex_m.a(thread.c.obj)
                0x0000000008002204                arch_new_thread
 .text.arch_switch_to_main_thread
                0x0000000008002230       0x38 zephyr/arch/arch/arm/core/cortex_m/libarch__arm__core__cortex_m.a(thread.c.obj)
                0x0000000008002230                arch_switch_to_main_thread
 .text.z_arm_cpu_idle_init
                0x0000000008002268        0xc zephyr/arch/arch/arm/core/cortex_m/libarch__arm__core__cortex_m.a(cpu_idle.c.obj)
                0x0000000008002268                z_arm_cpu_idle_init
 .text.z_arm_interrupt_init
                0x0000000008002274       0x30 zephyr/arch/arch/arm/core/cortex_m/libarch__arm__core__cortex_m.a(irq_init.c.obj)
                0x0000000008002274                z_arm_interrupt_init
 .text._isr_wrapper
                0x00000000080022a4       0x20 zephyr/arch/arch/arm/core/cortex_m/libarch__arm__core__cortex_m.a(isr_wrapper.c.obj)
                0x00000000080022a4                _isr_wrapper
 .text.cbvprintf
                0x00000000080022c4       0x38 zephyr/lib/libc/picolibc/liblib__libc__picolibc.a(cbprintf.c.obj)
                0x00000000080022c4                cbvprintf
 .text.z_impl_zephyr_fputc
                0x00000000080022fc       0x10 zephyr/lib/libc/picolibc/liblib__libc__picolibc.a(stdio.c.obj)
                0x00000000080022fc                z_impl_zephyr_fputc
 .text.__stdout_hook_install
                0x000000000800230c       0x18 zephyr/lib/libc/picolibc/liblib__libc__picolibc.a(stdio.c.obj)
                0x000000000800230c                __stdout_hook_install
 .text.malloc_prepare
                0x0000000008002324       0x24 zephyr/lib/libc/common/liblib__libc__common.a(malloc.c.obj)
 .text.stm32_intc_gpio_isr
                0x0000000008002348       0x48 zephyr/drivers/interrupt_controller/libdrivers__interrupt_controller.a(intc_gpio_stm32.c.obj)
 .text.stm32_exti_gpio_intc_init
                0x0000000008002390       0x40 zephyr/drivers/interrupt_controller/libdrivers__interrupt_controller.a(intc_gpio_stm32.c.obj)
 .text.stm32_gpio_intc_enable_line
                0x00000000080023d0       0x30 zephyr/drivers/interrupt_controller/libdrivers__interrupt_controller.a(intc_gpio_stm32.c.obj)
                0x00000000080023d0                stm32_gpio_intc_enable_line
 .text.stm32_gpio_intc_disable_line
                0x0000000008002400       0x10 zephyr/drivers/interrupt_controller/libdrivers__interrupt_controller.a(intc_gpio_stm32.c.obj)
                0x0000000008002400                stm32_gpio_intc_disable_line
 .text.stm32_gpio_intc_select_line_trigger
                0x0000000008002410       0x48 zephyr/drivers/interrupt_controller/libdrivers__interrupt_controller.a(intc_gpio_stm32.c.obj)
                0x0000000008002410                stm32_gpio_intc_select_line_trigger
 .text.stm32_gpio_intc_set_irq_callback
                0x0000000008002458       0x40 zephyr/drivers/interrupt_controller/libdrivers__interrupt_controller.a(intc_gpio_stm32.c.obj)
                0x0000000008002458                stm32_gpio_intc_set_irq_callback
 .text.stm32_gpio_intc_remove_irq_callback
                0x0000000008002498       0x24 zephyr/drivers/interrupt_controller/libdrivers__interrupt_controller.a(intc_gpio_stm32.c.obj)
                0x0000000008002498                stm32_gpio_intc_remove_irq_callback
 .text.stm32_exti_set_line_src_port
                0x00000000080024bc       0x30 zephyr/drivers/interrupt_controller/libdrivers__interrupt_controller.a(intc_gpio_stm32.c.obj)
                0x00000000080024bc                stm32_exti_set_line_src_port
 .text.stm32_exti_get_line_src_port
                0x00000000080024ec       0x28 zephyr/drivers/interrupt_controller/libdrivers__interrupt_controller.a(intc_gpio_stm32.c.obj)
                0x00000000080024ec                stm32_exti_get_line_src_port
 .text.stm32_exti_init
                0x0000000008002514       0x48 zephyr/drivers/interrupt_controller/libdrivers__interrupt_controller.a(intc_exti_stm32.c.obj)
 .text.stm32_exti_is_pending
                0x000000000800255c       0x54 zephyr/drivers/interrupt_controller/libdrivers__interrupt_controller.a(intc_exti_stm32.c.obj)
                0x000000000800255c                stm32_exti_is_pending
 .text.stm32_exti_clear_pending
                0x00000000080025b0       0x40 zephyr/drivers/interrupt_controller/libdrivers__interrupt_controller.a(intc_exti_stm32.c.obj)
                0x00000000080025b0                stm32_exti_clear_pending
 .text.usb_dc_stm32_get_ep_state
                0x00000000080025f0       0x2c zephyr/drivers/usb/device/libdrivers__usb__device.a(usb_dc_stm32.c.obj)
 .text.usb_dc_stm32_isr
                0x000000000800261c       0x10 zephyr/drivers/usb/device/libdrivers__usb__device.a(usb_dc_stm32.c.obj)
 .text.usb_dc_ep_get_read_count.part.0
                0x000000000800262c       0x1c zephyr/drivers/usb/device/libdrivers__usb__device.a(usb_dc_stm32.c.obj)
 .text.usb_dc_ep_start_read
                0x0000000008002648       0x70 zephyr/drivers/usb/device/libdrivers__usb__device.a(usb_dc_stm32.c.obj)
                0x0000000008002648                usb_dc_ep_start_read
 .text.usb_dc_ep_get_read_count
                0x00000000080026b8       0x28 zephyr/drivers/usb/device/libdrivers__usb__device.a(usb_dc_stm32.c.obj)
                0x00000000080026b8                usb_dc_ep_get_read_count
 .text.HAL_PCD_ResetCallback
                0x00000000080026e0       0x4c zephyr/drivers/usb/device/libdrivers__usb__device.a(usb_dc_stm32.c.obj)
                0x00000000080026e0                HAL_PCD_ResetCallback
 .text.HAL_PCD_SuspendCallback
                0x000000000800272c       0x1c zephyr/drivers/usb/device/libdrivers__usb__device.a(usb_dc_stm32.c.obj)
                0x000000000800272c                HAL_PCD_SuspendCallback
 .text.HAL_PCD_ResumeCallback
                0x0000000008002748       0x1c zephyr/drivers/usb/device/libdrivers__usb__device.a(usb_dc_stm32.c.obj)
                0x0000000008002748                HAL_PCD_ResumeCallback
 .text.HAL_PCD_SetupStageCallback
                0x0000000008002764       0x58 zephyr/drivers/usb/device/libdrivers__usb__device.a(usb_dc_stm32.c.obj)
                0x0000000008002764                HAL_PCD_SetupStageCallback
 .text.can_calc_timing_internal
                0x00000000080027bc      0x1f0 zephyr/drivers/can/libdrivers__can.a(can_common.c.obj)
 .text.can_add_rx_filter
                0x00000000080029ac       0x9c zephyr/drivers/can/libdrivers__can.a(can_common.c.obj)
                0x00000000080029ac                can_add_rx_filter
 .text.z_impl_can_calc_timing
                0x0000000008002a48       0x28 zephyr/drivers/can/libdrivers__can.a(can_common.c.obj)
                0x0000000008002a48                z_impl_can_calc_timing
 .text.z_impl_can_calc_timing_data
                0x0000000008002a70       0x28 zephyr/drivers/can/libdrivers__can.a(can_common.c.obj)
                0x0000000008002a70                z_impl_can_calc_timing_data
 .text.can_mcan_read_reg
                0x0000000008002a98       0x2c zephyr/drivers/can/libdrivers__can.a(can_mcan.c.obj)
                0x0000000008002a98                can_mcan_read_reg
 .text.can_mcan_write_reg
                0x0000000008002ac4       0x2c zephyr/drivers/can/libdrivers__can.a(can_mcan.c.obj)
                0x0000000008002ac4                can_mcan_write_reg
 .text.can_mcan_get_message
                0x0000000008002af0      0x158 zephyr/drivers/can/libdrivers__can.a(can_mcan.c.obj)
 .text.can_mcan_exit_sleep_mode
                0x0000000008002c48       0x94 zephyr/drivers/can/libdrivers__can.a(can_mcan.c.obj)
 .text.can_mcan_set_timing
                0x0000000008002cdc       0x64 zephyr/drivers/can/libdrivers__can.a(can_mcan.c.obj)
                0x0000000008002cdc                can_mcan_set_timing
 .text.can_mcan_start
                0x0000000008002d40       0xfc zephyr/drivers/can/libdrivers__can.a(can_mcan.c.obj)
                0x0000000008002d40                can_mcan_start
 .text.can_mcan_set_mode
                0x0000000008002e3c       0xc8 zephyr/drivers/can/libdrivers__can.a(can_mcan.c.obj)
                0x0000000008002e3c                can_mcan_set_mode
 .text.can_mcan_line_1_isr
                0x0000000008002f04       0x8c zephyr/drivers/can/libdrivers__can.a(can_mcan.c.obj)
                0x0000000008002f04                can_mcan_line_1_isr
 .text.can_mcan_line_0_isr
                0x0000000008002f90      0x1b0 zephyr/drivers/can/libdrivers__can.a(can_mcan.c.obj)
                0x0000000008002f90                can_mcan_line_0_isr
 .text.can_mcan_send
                0x0000000008003140      0x220 zephyr/drivers/can/libdrivers__can.a(can_mcan.c.obj)
                0x0000000008003140                can_mcan_send
 .text.can_mcan_add_rx_filter_std
                0x0000000008003360       0xcc zephyr/drivers/can/libdrivers__can.a(can_mcan.c.obj)
                0x0000000008003360                can_mcan_add_rx_filter_std
 .text.can_mcan_add_rx_filter
                0x000000000800342c      0x114 zephyr/drivers/can/libdrivers__can.a(can_mcan.c.obj)
                0x000000000800342c                can_mcan_add_rx_filter
 .text.can_mcan_remove_rx_filter
                0x0000000008003540       0xa4 zephyr/drivers/can/libdrivers__can.a(can_mcan.c.obj)
                0x0000000008003540                can_mcan_remove_rx_filter
 .text.can_mcan_stop
                0x00000000080035e4       0xb0 zephyr/drivers/can/libdrivers__can.a(can_mcan.c.obj)
                0x00000000080035e4                can_mcan_stop
 .text.can_mcan_init
                0x0000000008003694      0x1b4 zephyr/drivers/can/libdrivers__can.a(can_mcan.c.obj)
                0x0000000008003694                can_mcan_init
 .text.can_stm32fd_remap_reg
                0x0000000008003848       0xc0 zephyr/drivers/can/libdrivers__can.a(can_stm32_fdcan.c.obj)
 .text.can_stm32fd_read_reg
                0x0000000008003908       0x8c zephyr/drivers/can/libdrivers__can.a(can_stm32_fdcan.c.obj)
 .text.can_stm32fd_write_reg
                0x0000000008003994       0x8c zephyr/drivers/can/libdrivers__can.a(can_stm32_fdcan.c.obj)
 .text.can_stm32fd_init
                0x0000000008003a20      0x118 zephyr/drivers/can/libdrivers__can.a(can_stm32_fdcan.c.obj)
 .text.can_stm32fd_get_core_clock
                0x0000000008003b38       0x88 zephyr/drivers/can/libdrivers__can.a(can_stm32_fdcan.c.obj)
 .text.LL_RCC_HSI_IsReady
                0x0000000008003bc0       0x10 zephyr/drivers/clock_control/libdrivers__clock_control.a(clock_stm32_ll_common.c.obj)
 .text.stm32_clock_control_on
                0x0000000008003bd0       0x40 zephyr/drivers/clock_control/libdrivers__clock_control.a(clock_stm32_ll_common.c.obj)
 .text.stm32_clock_control_off
                0x0000000008003c10       0x30 zephyr/drivers/clock_control/libdrivers__clock_control.a(clock_stm32_ll_common.c.obj)
 .text.stm32_clock_control_get_subsys_rate
                0x0000000008003c40       0x98 zephyr/drivers/clock_control/libdrivers__clock_control.a(clock_stm32_ll_common.c.obj)
 .text.enabled_clock
                0x0000000008003cd8       0x1c zephyr/drivers/clock_control/libdrivers__clock_control.a(clock_stm32_ll_common.c.obj)
                0x0000000008003cd8                enabled_clock
 .text.stm32_clock_control_configure
                0x0000000008003cf4       0x58 zephyr/drivers/clock_control/libdrivers__clock_control.a(clock_stm32_ll_common.c.obj)
 .text.stm32_clock_control_get_status
                0x0000000008003d4c       0x34 zephyr/drivers/clock_control/libdrivers__clock_control.a(clock_stm32_ll_common.c.obj)
 .text.stm32_clock_control_init
                0x0000000008003d80      0x178 zephyr/drivers/clock_control/libdrivers__clock_control.a(clock_stm32_ll_common.c.obj)
                0x0000000008003d80                stm32_clock_control_init
 .text.get_pllsrc_frequency
                0x0000000008003ef8        0x8 zephyr/drivers/clock_control/libdrivers__clock_control.a(clock_stm32g0_u0.c.obj)
                0x0000000008003ef8                get_pllsrc_frequency
 .text.config_pll_sysclock
                0x0000000008003f00       0x28 zephyr/drivers/clock_control/libdrivers__clock_control.a(clock_stm32g0_u0.c.obj)
                0x0000000008003f00                config_pll_sysclock
 .text.config_enable_default_clocks
                0x0000000008003f28       0x48 zephyr/drivers/clock_control/libdrivers__clock_control.a(clock_stm32g0_u0.c.obj)
                0x0000000008003f28                config_enable_default_clocks
 .text.uart_console_init
                0x0000000008003f70       0x2c zephyr/drivers/console/libdrivers__console.a(uart_console.c.obj)
 .text.console_out
                0x0000000008003f9c       0x28 zephyr/drivers/console/libdrivers__console.a(uart_console.c.obj)
 .text.gpio_stm32_pin_interrupt_configure
                0x0000000008003fc4       0xb0 zephyr/drivers/gpio/libdrivers__gpio.a(gpio_stm32.c.obj)
 .text.gpio_stm32_init
                0x0000000008004074       0x3c zephyr/drivers/gpio/libdrivers__gpio.a(gpio_stm32.c.obj)
 .text.pinctrl_configure_pins
                0x00000000080040b0       0x8c zephyr/drivers/pinctrl/libdrivers__pinctrl.a(pinctrl_stm32.c.obj)
                0x00000000080040b0                pinctrl_configure_pins
 .text.uart_stm32_config_get
                0x000000000800413c       0xa4 zephyr/drivers/serial/libdrivers__serial.a(uart_stm32.c.obj)
 .text.uart_stm32_set_baudrate
                0x00000000080041e0       0xac zephyr/drivers/serial/libdrivers__serial.a(uart_stm32.c.obj)
 .text.uart_stm32_parameters_set
                0x000000000800428c      0x168 zephyr/drivers/serial/libdrivers__serial.a(uart_stm32.c.obj)
 .text.uart_stm32_init
                0x00000000080043f4      0x220 zephyr/drivers/serial/libdrivers__serial.a(uart_stm32.c.obj)
 .text.uart_stm32_configure
                0x0000000008004614      0x17c zephyr/drivers/serial/libdrivers__serial.a(uart_stm32.c.obj)
 .text.elapsed  0x0000000008004790       0x54 zephyr/drivers/timer/libdrivers__timer.a(cortex_m_systick.c.obj)
 .text.sys_clock_driver_init
                0x00000000080047e4       0x40 zephyr/drivers/timer/libdrivers__timer.a(cortex_m_systick.c.obj)
 .text.sys_clock_isr
                0x0000000008004824       0x58 zephyr/drivers/timer/libdrivers__timer.a(cortex_m_systick.c.obj)
                0x0000000008004824                sys_clock_isr
 .text.sys_clock_set_timeout
                0x000000000800487c      0x114 zephyr/drivers/timer/libdrivers__timer.a(cortex_m_systick.c.obj)
                0x000000000800487c                sys_clock_set_timeout
 .text.sys_clock_elapsed
                0x0000000008004990       0x34 zephyr/drivers/timer/libdrivers__timer.a(cortex_m_systick.c.obj)
                0x0000000008004990                sys_clock_elapsed
 .text.sys_clock_cycle_get_32
                0x00000000080049c4       0x24 zephyr/drivers/timer/libdrivers__timer.a(cortex_m_systick.c.obj)
                0x00000000080049c4                sys_clock_cycle_get_32
 .text.HAL_RCC_GetSysClockFreq
                0x00000000080049e8       0x88 modules/hal_stm32/stm32cube/lib..__modules__hal__stm32__stm32cube.a(stm32g0xx_hal_rcc.c.obj)
                0x00000000080049e8                HAL_RCC_GetSysClockFreq
 .text.PCD_GET_EP_DBUF0_CNT.constprop.0
                0x0000000008004a70       0x28 modules/hal_stm32/stm32cube/lib..__modules__hal__stm32__stm32cube.a(stm32g0xx_hal_pcd.c.obj)
 .text.PCD_GET_EP_RX_CNT.constprop.0
                0x0000000008004a98       0x28 modules/hal_stm32/stm32cube/lib..__modules__hal__stm32__stm32cube.a(stm32g0xx_hal_pcd.c.obj)
 .text.HAL_PCD_IRQHandler
                0x0000000008004ac0      0x9d8 modules/hal_stm32/stm32cube/lib..__modules__hal__stm32__stm32cube.a(stm32g0xx_hal_pcd.c.obj)
                0x0000000008004ac0                HAL_PCD_IRQHandler
 .text.USB_ActivateEndpoint
                0x0000000008005498      0x2ac modules/hal_stm32/stm32cube/lib..__modules__hal__stm32__stm32cube.a(stm32g0xx_ll_usb.c.obj)
                0x0000000008005498                USB_ActivateEndpoint
 .text.USB_WritePMA
                0x0000000008005744       0x68 modules/hal_stm32/stm32cube/lib..__modules__hal__stm32__stm32cube.a(stm32g0xx_ll_usb.c.obj)
                0x0000000008005744                USB_WritePMA
 .text.USB_EPStartXfer
                0x00000000080057ac      0x588 modules/hal_stm32/stm32cube/lib..__modules__hal__stm32__stm32cube.a(stm32g0xx_ll_usb.c.obj)
                0x00000000080057ac                USB_EPStartXfer
 .text.USB_ReadPMA
                0x0000000008005d34       0x5c modules/hal_stm32/stm32cube/lib..__modules__hal__stm32__stm32cube.a(stm32g0xx_ll_usb.c.obj)
                0x0000000008005d34                USB_ReadPMA
 .text.LL_SetFlashLatency
                0x0000000008005d90       0x50 modules/hal_stm32/stm32cube/lib..__modules__hal__stm32__stm32cube.a(stm32g0xx_ll_utils.c.obj)
                0x0000000008005d90                LL_SetFlashLatency
 .text.k_sys_fatal_error_handler
                0x0000000008005de0       0x20 zephyr/kernel/libkernel.a(fatal.c.obj)
                0x0000000008005de0                k_sys_fatal_error_handler
 .text.z_fatal_error
                0x0000000008005e00       0xf4 zephyr/kernel/libkernel.a(fatal.c.obj)
                0x0000000008005e00                z_fatal_error
 .text.z_sys_init_run_level
                0x0000000008005ef4       0x34 zephyr/kernel/libkernel.a(init.c.obj)
 .text.bg_thread_main
                0x0000000008005f28       0xa8 zephyr/kernel/libkernel.a(init.c.obj)
 .text.z_init_cpu
                0x0000000008005fd0       0x68 zephyr/kernel/libkernel.a(init.c.obj)
                0x0000000008005fd0                z_init_cpu
 .text.z_cstart
                0x0000000008006038       0xb4 zephyr/kernel/libkernel.a(init.c.obj)
                0x0000000008006038                z_cstart
 .text.z_impl_k_mutex_lock
                0x00000000080060ec       0xf0 zephyr/kernel/libkernel.a(mutex.c.obj)
                0x00000000080060ec                z_impl_k_mutex_lock
 .text.z_impl_k_mutex_unlock
                0x00000000080061dc       0x98 zephyr/kernel/libkernel.a(mutex.c.obj)
                0x00000000080061dc                z_impl_k_mutex_unlock
 .text.z_impl_k_sem_give
                0x0000000008006274       0x64 zephyr/kernel/libkernel.a(sem.c.obj)
                0x0000000008006274                z_impl_k_sem_give
 .text.z_impl_k_sem_take
                0x00000000080062d8       0x4c zephyr/kernel/libkernel.a(sem.c.obj)
                0x00000000080062d8                z_impl_k_sem_take
 .text.k_sys_work_q_init
                0x0000000008006324       0x28 zephyr/kernel/libkernel.a(system_work_q.c.obj)
 .text.work_queue_main
                0x000000000800634c      0x144 zephyr/kernel/libkernel.a(work.c.obj)
 .text.k_work_queue_start
                0x0000000008006490       0x88 zephyr/kernel/libkernel.a(work.c.obj)
                0x0000000008006490                k_work_queue_start
 .text.z_setup_new_thread
                0x0000000008006518       0x74 zephyr/kernel/libkernel.a(thread.c.obj)
                0x0000000008006518                z_setup_new_thread
 .text.z_impl_k_thread_create
                0x000000000800658c       0x58 zephyr/kernel/libkernel.a(thread.c.obj)
                0x000000000800658c                z_impl_k_thread_create
 .text.z_dummy_thread_init
                0x00000000080065e4       0x18 zephyr/kernel/libkernel.a(thread.c.obj)
                0x00000000080065e4                z_dummy_thread_init
 .text.z_swap_irqlock
                0x00000000080065fc       0x2c zephyr/kernel/libkernel.a(sched.c.obj)
 .text.ready_thread
                0x0000000008006628       0x8c zephyr/kernel/libkernel.a(sched.c.obj)
 .text.unready_thread
                0x00000000080066b4       0x58 zephyr/kernel/libkernel.a(sched.c.obj)
 .text.add_thread_timeout
                0x000000000800670c       0x18 zephyr/kernel/libkernel.a(sched.c.obj)
 .text.move_thread_to_end_of_prio_q
                0x0000000008006724       0x98 zephyr/kernel/libkernel.a(sched.c.obj)
                0x0000000008006724                move_thread_to_end_of_prio_q
 .text.z_pend_curr
                0x00000000080067bc       0x38 zephyr/kernel/libkernel.a(sched.c.obj)
                0x00000000080067bc                z_pend_curr
 .text.z_thread_prio_set
                0x00000000080067f4       0xe8 zephyr/kernel/libkernel.a(sched.c.obj)
                0x00000000080067f4                z_thread_prio_set
 .text.z_reschedule
                0x00000000080068dc       0x2c zephyr/kernel/libkernel.a(sched.c.obj)
                0x00000000080068dc                z_reschedule
 .text.z_reschedule_irqlock
                0x0000000008006908       0x2c zephyr/kernel/libkernel.a(sched.c.obj)
                0x0000000008006908                z_reschedule_irqlock
 .text.k_sched_lock
                0x0000000008006934       0x20 zephyr/kernel/libkernel.a(sched.c.obj)
                0x0000000008006934                k_sched_lock
 .text.k_sched_unlock
                0x0000000008006954       0x60 zephyr/kernel/libkernel.a(sched.c.obj)
                0x0000000008006954                k_sched_unlock
 .text.z_sched_init
                0x00000000080069b4       0x14 zephyr/kernel/libkernel.a(sched.c.obj)
                0x00000000080069b4                z_sched_init
 .text.z_impl_k_yield
                0x00000000080069c8       0x84 zephyr/kernel/libkernel.a(sched.c.obj)
                0x00000000080069c8                z_impl_k_yield
 .text.z_tick_sleep
                0x0000000008006a4c       0x74 zephyr/kernel/libkernel.a(sched.c.obj)
 .text.z_impl_k_sleep
                0x0000000008006ac0       0x40 zephyr/kernel/libkernel.a(sched.c.obj)
                0x0000000008006ac0                z_impl_k_sleep
 .text.z_impl_k_wakeup
                0x0000000008006b00       0x40 zephyr/kernel/libkernel.a(sched.c.obj)
                0x0000000008006b00                z_impl_k_wakeup
 .text.z_impl_k_sched_current_thread_query
                0x0000000008006b40        0xc zephyr/kernel/libkernel.a(sched.c.obj)
                0x0000000008006b40                z_impl_k_sched_current_thread_query
 .text.z_thread_abort
                0x0000000008006b4c      0x12c zephyr/kernel/libkernel.a(sched.c.obj)
                0x0000000008006b4c                z_thread_abort
 .text.z_sched_wait
                0x0000000008006c78       0x24 zephyr/kernel/libkernel.a(sched.c.obj)
                0x0000000008006c78                z_sched_wait
 .text.slice_timeout
                0x0000000008006c9c       0x20 zephyr/kernel/libkernel.a(timeslicing.c.obj)
 .text.thread_is_sliceable
                0x0000000008006cbc       0x40 zephyr/kernel/libkernel.a(timeslicing.c.obj)
                0x0000000008006cbc                thread_is_sliceable
 .text.z_reset_time_slice
                0x0000000008006cfc       0x4c zephyr/kernel/libkernel.a(timeslicing.c.obj)
                0x0000000008006cfc                z_reset_time_slice
 .text.z_time_slice
                0x0000000008006d48       0x58 zephyr/kernel/libkernel.a(timeslicing.c.obj)
                0x0000000008006d48                z_time_slice
 .text.first    0x0000000008006da0       0x10 zephyr/kernel/libkernel.a(timeout.c.obj)
 .text.next_timeout
                0x0000000008006db0       0x38 zephyr/kernel/libkernel.a(timeout.c.obj)
 .text.elapsed  0x0000000008006de8       0x18 zephyr/kernel/libkernel.a(timeout.c.obj)
 .text.remove_timeout
                0x0000000008006e00       0x38 zephyr/kernel/libkernel.a(timeout.c.obj)
 .text.z_add_timeout
                0x0000000008006e38      0x120 zephyr/kernel/libkernel.a(timeout.c.obj)
                0x0000000008006e38                z_add_timeout
 .text.sys_clock_announce
                0x0000000008006f58       0xd4 zephyr/kernel/libkernel.a(timeout.c.obj)
                0x0000000008006f58                sys_clock_announce
 .text.sys_clock_tick_get
                0x000000000800702c       0x2c zephyr/kernel/libkernel.a(timeout.c.obj)
                0x000000000800702c                sys_clock_tick_get
 .text.z_timer_expiration_handler
                0x0000000008007058      0x108 zephyr/kernel/libkernel.a(timer.c.obj)
                0x0000000008007058                z_timer_expiration_handler
 .text.z_impl_k_timer_start
                0x0000000008007160       0x68 zephyr/kernel/libkernel.a(timer.c.obj)
                0x0000000008007160                z_impl_k_timer_start
 .text.k_thread_system_pool_assign
                0x00000000080071c8        0xc zephyr/kernel/libkernel.a(mempool.c.obj)
                0x00000000080071c8                k_thread_system_pool_assign
 .text.boot_banner
                0x00000000080071d4       0x10 zephyr/kernel/libkernel.a(banner.c.obj)
                0x00000000080071d4                boot_banner
 .text.statics_init
                0x00000000080071e4       0x24 zephyr/kernel/libkernel.a(kheap.c.obj)
 .text.snprintf
                0x0000000008007208       0x54 c:\users\iteedi\zephyr-sdk-0.17.4\arm-zephyr-eabi\bin\../lib/gcc/../../picolibc/arm-zephyr-eabi/lib/thumb/v6-m/nofp\libc.a(libc_tinystdio_snprintf.c.o)
                0x0000000008007208                snprintf
 .text.__l_vfprintf
                0x000000000800725c      0x4d0 c:\users\iteedi\zephyr-sdk-0.17.4\arm-zephyr-eabi\bin\../lib/gcc/../../picolibc/arm-zephyr-eabi/lib/thumb/v6-m/nofp\libc.a(libc_tinystdio_vflprintf.c.o)
                0x000000000800725c                __l_vfprintf
 .text._OffsetAbsSyms
                0x000000000800772c        0x2 zephyr/CMakeFiles/offsets.dir/./arch/arm/core/offsets/offsets.c.obj
                0x000000000800772c                _OffsetAbsSyms
 .text.gpio_pin_set_dt
                0x000000000800772e       0x2e app/libapp.a(pfet_control.c.obj)
 .text.gs_usb_bulk_in_callback
                0x000000000800775c        0xc app/libapp.a(usb_gs_usb_class.c.obj)
 .text.chunk_size
                0x0000000008007768        0xa zephyr/libzephyr.a(heap.c.obj)
 .text.free_list_add
                0x0000000008007772       0x4e zephyr/libzephyr.a(heap.c.obj)
 .text.sys_heap_init
                0x00000000080077c0       0x74 zephyr/libzephyr.a(heap.c.obj)
                0x00000000080077c0                sys_heap_init
 .text.cbpprintf_external
                0x0000000008007834       0x68 zephyr/libzephyr.a(cbprintf_packaged.c.obj)
                0x0000000008007834                cbpprintf_external
 .text.is_ptr   0x000000000800789c       0x4a zephyr/libzephyr.a(cbprintf_packaged.c.obj)
                0x000000000800789c                is_ptr
 .text.arch_printk_char_out
                0x00000000080078e6        0x4 zephyr/libzephyr.a(printk.c.obj)
                0x00000000080078e6                arch_printk_char_out
 .text.printk   0x00000000080078ea       0x16 zephyr/libzephyr.a(printk.c.obj)
                0x00000000080078ea                printk
 .text.free_space
                0x0000000008007900       0x2c zephyr/libzephyr.a(mpsc_pbuf.c.obj)
 .text.get_usage
                0x000000000800792c       0x22 zephyr/libzephyr.a(mpsc_pbuf.c.obj)
 .text.idx_inc  0x000000000800794e       0x1c zephyr/libzephyr.a(mpsc_pbuf.c.obj)
 .text.rd_idx_inc
                0x000000000800796a       0x18 zephyr/libzephyr.a(mpsc_pbuf.c.obj)
 .text.add_skip_item
                0x0000000008007982       0x3a zephyr/libzephyr.a(mpsc_pbuf.c.obj)
 .text.drop_item_locked
                0x00000000080079bc       0xf0 zephyr/libzephyr.a(mpsc_pbuf.c.obj)
 .text.post_drop_action
                0x0000000008007aac       0x38 zephyr/libzephyr.a(mpsc_pbuf.c.obj)
 .text.max_utilization_update
                0x0000000008007ae4       0x1a zephyr/libzephyr.a(mpsc_pbuf.c.obj)
 .text.mpsc_pbuf_init
                0x0000000008007afe       0x42 zephyr/libzephyr.a(mpsc_pbuf.c.obj)
                0x0000000008007afe                mpsc_pbuf_init
 .text.mpsc_pbuf_alloc
                0x0000000008007b40       0xfc zephyr/libzephyr.a(mpsc_pbuf.c.obj)
                0x0000000008007b40                mpsc_pbuf_alloc
 .text.mpsc_pbuf_commit
                0x0000000008007c3c       0x38 zephyr/libzephyr.a(mpsc_pbuf.c.obj)
                0x0000000008007c3c                mpsc_pbuf_commit
 .text.mpsc_pbuf_claim
                0x0000000008007c74       0xa2 zephyr/libzephyr.a(mpsc_pbuf.c.obj)
                0x0000000008007c74                mpsc_pbuf_claim
 .text.mpsc_pbuf_free
                0x0000000008007d16       0x72 zephyr/libzephyr.a(mpsc_pbuf.c.obj)
                0x0000000008007d16                mpsc_pbuf_free
 .text.mpsc_pbuf_is_pending
                0x0000000008007d88       0x2e zephyr/libzephyr.a(mpsc_pbuf.c.obj)
                0x0000000008007d88                mpsc_pbuf_is_pending
 .text._ConfigAbsSyms
                0x0000000008007db6        0x2 zephyr/libzephyr.a(configs.c.obj)
                0x0000000008007db6                _ConfigAbsSyms
 .text.log_msg_generic_get_wlen
                0x0000000008007db8       0x22 zephyr/libzephyr.a(log_core.c.obj)
 .text.dummy_timestamp
                0x0000000008007dda        0x4 zephyr/libzephyr.a(log_core.c.obj)
 .text.atomic_inc
                0x0000000008007dde        0xa zephyr/libzephyr.a(log_core.c.obj)
 .text.default_lf_get_timestamp
                0x0000000008007de8       0x10 zephyr/libzephyr.a(log_core.c.obj)
 .text.z_log_vprintk
                0x0000000008007df8       0x1a zephyr/libzephyr.a(log_core.c.obj)
                0x0000000008007df8                z_log_vprintk
 .text.z_log_notify_drop
                0x0000000008007e12        0xa zephyr/libzephyr.a(log_core.c.obj)
 .text.z_log_get_tag
                0x0000000008007e1c        0x4 zephyr/libzephyr.a(log_core.c.obj)
                0x0000000008007e1c                z_log_get_tag
 .text.log_backend_enable
                0x0000000008007e20       0x16 zephyr/libzephyr.a(log_mgmt.c.obj)
                0x0000000008007e20                log_backend_enable
 .text.z_cbprintf_cpy
                0x0000000008007e36       0x32 zephyr/libzephyr.a(log_msg.c.obj)
 .text.z_log_msg_finalize
                0x0000000008007e68       0x32 zephyr/libzephyr.a(log_msg.c.obj)
                0x0000000008007e68                z_log_msg_finalize
 .text.z_impl_z_log_msg_simple_create_0
                0x0000000008007e9a        0xe zephyr/libzephyr.a(log_msg.c.obj)
                0x0000000008007e9a                z_impl_z_log_msg_simple_create_0
 .text.z_impl_z_log_msg_simple_create_1
                0x0000000008007ea8       0x10 zephyr/libzephyr.a(log_msg.c.obj)
                0x0000000008007ea8                z_impl_z_log_msg_simple_create_1
 .text.z_impl_z_log_msg_simple_create_2
                0x0000000008007eb8       0x16 zephyr/libzephyr.a(log_msg.c.obj)
                0x0000000008007eb8                z_impl_z_log_msg_simple_create_2
 .text.log_output_write
                0x0000000008007ece       0x1e zephyr/libzephyr.a(log_output.c.obj)
 .text.log_output_flush
                0x0000000008007eec       0x18 zephyr/libzephyr.a(log_output.c.obj)
 .text.out_func
                0x0000000008007f04       0x26 zephyr/libzephyr.a(log_output.c.obj)
 .text.cr_out_func
                0x0000000008007f2a       0x1c zephyr/libzephyr.a(log_output.c.obj)
 .text.log_output_msg_process
                0x0000000008007f46       0x62 zephyr/libzephyr.a(log_output.c.obj)
                0x0000000008007f46                log_output_msg_process
 .text.format_set
                0x0000000008007fa8        0xc zephyr/libzephyr.a(log_backend_uart.c.obj)
 .text.log_backend_uart_init
                0x0000000008007fb4        0xc zephyr/libzephyr.a(log_backend_uart.c.obj)
 .text.panic    0x0000000008007fc0       0x32 zephyr/libzephyr.a(log_backend_uart.c.obj)
 .text.dropped  0x0000000008007ff2        0xe zephyr/libzephyr.a(log_backend_uart.c.obj)
 .text.process  0x0000000008008000       0x1c zephyr/libzephyr.a(log_backend_uart.c.obj)
 .text.arch_early_memset
                0x000000000800801c        0x8 zephyr/arch/common/libarch__common.a(init.c.obj)
                0x000000000800801c                arch_early_memset
 .text.arch_early_memcpy
                0x0000000008008024        0x8 zephyr/arch/common/libarch__common.a(init.c.obj)
                0x0000000008008024                arch_early_memcpy
 .text.z_do_kernel_oops
                0x000000000800802c        0xc zephyr/arch/arch/arm/core/libarch__arm__core.a(fatal.c.obj)
                0x000000000800802c                z_do_kernel_oops
 .text.z_arm_nmi
                0x0000000008008038        0xc zephyr/arch/arch/arm/core/libarch__arm__core.a(nmi.c.obj)
                0x0000000008008038                z_arm_nmi
 .text.z_irq_spurious
                0x0000000008008044        0xc zephyr/arch/arch/arm/core/cortex_m/libarch__arm__core__cortex_m.a(irq_manage.c.obj)
                0x0000000008008044                z_irq_spurious
 .text.z_prep_c
                0x0000000008008050       0x16 zephyr/arch/arch/arm/core/cortex_m/libarch__arm__core__cortex_m.a(prep_c.c.obj)
                0x0000000008008050                z_prep_c
 .text.arch_coprocessors_disable
                0x0000000008008066        0x6 zephyr/arch/arch/arm/core/cortex_m/libarch__arm__core__cortex_m.a(thread.c.obj)
                0x0000000008008066                arch_coprocessors_disable
 .text.arch_irq_unlock_outlined
                0x000000000800806c        0xc zephyr/arch/arch/arm/core/cortex_m/libarch__arm__core__cortex_m.a(thread.c.obj)
                0x000000000800806c                arch_irq_unlock_outlined
 .text.arch_cpu_idle
                0x0000000008008078        0xe zephyr/arch/arch/arm/core/cortex_m/libarch__arm__core__cortex_m.a(cpu_idle.c.obj)
                0x0000000008008078                arch_cpu_idle
 .text.cbputc   0x0000000008008086        0xc zephyr/lib/libc/picolibc/liblib__libc__picolibc.a(cbprintf.c.obj)
 .text.picolibc_put
                0x0000000008008092        0xa zephyr/lib/libc/picolibc/liblib__libc__picolibc.a(stdio.c.obj)
 .text.stm32_gpio_intc_get_pin_irq_line
                0x000000000800809c        0xa zephyr/drivers/interrupt_controller/libdrivers__interrupt_controller.a(intc_gpio_stm32.c.obj)
                0x000000000800809c                stm32_gpio_intc_get_pin_irq_line
 .text.z_log_msg_simple_create_1.constprop.0
                0x00000000080080a6        0xe zephyr/drivers/usb/device/libdrivers__usb__device.a(usb_dc_stm32.c.obj)
 .text.usb_dc_ep_set_callback
                0x00000000080080b4       0x18 zephyr/drivers/usb/device/libdrivers__usb__device.a(usb_dc_stm32.c.obj)
                0x00000000080080b4                usb_dc_ep_set_callback
 .text.HAL_PCD_DataOutStageCallback
                0x00000000080080cc       0x2a zephyr/drivers/usb/device/libdrivers__usb__device.a(usb_dc_stm32.c.obj)
                0x00000000080080cc                HAL_PCD_DataOutStageCallback
 .text.HAL_PCD_DataInStageCallback
                0x00000000080080f6       0x22 zephyr/drivers/usb/device/libdrivers__usb__device.a(usb_dc_stm32.c.obj)
                0x00000000080080f6                HAL_PCD_DataInStageCallback
 .text.check_timing_in_range
                0x0000000008008118       0x5c zephyr/drivers/can/libdrivers__can.a(can_common.c.obj)
 .text.z_impl_can_set_timing
                0x0000000008008174       0x24 zephyr/drivers/can/libdrivers__can.a(can_common.c.obj)
                0x0000000008008174                z_impl_can_set_timing
 .text.z_impl_can_set_timing_data
                0x0000000008008198       0x2e zephyr/drivers/can/libdrivers__can.a(can_common.c.obj)
                0x0000000008008198                z_impl_can_set_timing_data
 .text.can_mcan_read_mram
                0x00000000080081c6        0xc zephyr/drivers/can/libdrivers__can.a(can_mcan.c.obj)
 .text.can_mcan_write_mram
                0x00000000080081d2        0xc zephyr/drivers/can/libdrivers__can.a(can_mcan.c.obj)
 .text.can_mcan_clear_mram
                0x00000000080081de        0xc zephyr/drivers/can/libdrivers__can.a(can_mcan.c.obj)
 .text.z_log_msg_simple_create_0
                0x00000000080081ea        0x8 zephyr/drivers/can/libdrivers__can.a(can_mcan.c.obj)
 .text.z_log_msg_simple_create_1.constprop.0
                0x00000000080081f2        0xe zephyr/drivers/can/libdrivers__can.a(can_mcan.c.obj)
 .text.k_mutex_lock.constprop.0.isra.0
                0x0000000008008200        0x8 zephyr/drivers/can/libdrivers__can.a(can_mcan.c.obj)
 .text.k_mutex_unlock.isra.0
                0x0000000008008208        0x8 zephyr/drivers/can/libdrivers__can.a(can_mcan.c.obj)
 .text.can_mcan_enter_init_mode.constprop.0
                0x0000000008008210       0xa4 zephyr/drivers/can/libdrivers__can.a(can_mcan.c.obj)
 .text.can_mcan_set_timing_data
                0x00000000080082b4       0x98 zephyr/drivers/can/libdrivers__can.a(can_mcan.c.obj)
                0x00000000080082b4                can_mcan_set_timing_data
 .text.can_mcan_get_capabilities
                0x000000000800834c        0x8 zephyr/drivers/can/libdrivers__can.a(can_mcan.c.obj)
                0x000000000800834c                can_mcan_get_capabilities
 .text.can_mcan_get_state
                0x0000000008008354       0x6a zephyr/drivers/can/libdrivers__can.a(can_mcan.c.obj)
                0x0000000008008354                can_mcan_get_state
 .text.can_mcan_get_max_filters
                0x00000000080083be       0x10 zephyr/drivers/can/libdrivers__can.a(can_mcan.c.obj)
                0x00000000080083be                can_mcan_get_max_filters
 .text.can_mcan_set_state_change_callback
                0x00000000080083ce        0x8 zephyr/drivers/can/libdrivers__can.a(can_mcan.c.obj)
                0x00000000080083ce                can_mcan_set_state_change_callback
 .text.can_mcan_enable_configuration_change
                0x00000000080083d6       0x3a zephyr/drivers/can/libdrivers__can.a(can_mcan.c.obj)
                0x00000000080083d6                can_mcan_enable_configuration_change
 .text.can_stm32fd_read_mram
                0x0000000008008410       0x20 zephyr/drivers/can/libdrivers__can.a(can_stm32_fdcan.c.obj)
 .text.can_stm32fd_write_mram
                0x0000000008008430       0x1e zephyr/drivers/can/libdrivers__can.a(can_stm32_fdcan.c.obj)
 .text.can_stm32fd_clear_mram
                0x000000000800844e       0x1c zephyr/drivers/can/libdrivers__can.a(can_stm32_fdcan.c.obj)
 .text.config_can_0_irq
                0x000000000800846a       0x24 zephyr/drivers/can/libdrivers__can.a(can_stm32_fdcan.c.obj)
 .text.config_regulator_voltage
                0x000000000800848e        0x2 zephyr/drivers/clock_control/libdrivers__clock_control.a(clock_stm32_ll_common.c.obj)
                0x000000000800848e                config_regulator_voltage
 .text.gpio_stm32_port_get_raw
                0x0000000008008490        0xc zephyr/drivers/gpio/libdrivers__gpio.a(gpio_stm32.c.obj)
 .text.gpio_stm32_port_set_masked_raw
                0x000000000800849c       0x12 zephyr/drivers/gpio/libdrivers__gpio.a(gpio_stm32.c.obj)
 .text.gpio_stm32_port_set_bits_raw
                0x00000000080084ae        0xa zephyr/drivers/gpio/libdrivers__gpio.a(gpio_stm32.c.obj)
 .text.gpio_stm32_port_clear_bits_raw
                0x00000000080084b8        0xa zephyr/drivers/gpio/libdrivers__gpio.a(gpio_stm32.c.obj)
 .text.gpio_stm32_port_toggle_bits
                0x00000000080084c2        0xe zephyr/drivers/gpio/libdrivers__gpio.a(gpio_stm32.c.obj)
 .text.gpio_stm32_manage_callback
                0x00000000080084d0       0x58 zephyr/drivers/gpio/libdrivers__gpio.a(gpio_stm32.c.obj)
 .text.gpio_stm32_configure_raw.isra.0
                0x0000000008008528       0xa0 zephyr/drivers/gpio/libdrivers__gpio.a(gpio_stm32.c.obj)
 .text.gpio_stm32_config
                0x00000000080085c8       0xee zephyr/drivers/gpio/libdrivers__gpio.a(gpio_stm32.c.obj)
 .text.gpio_stm32_isr
                0x00000000080086b6       0x32 zephyr/drivers/gpio/libdrivers__gpio.a(gpio_stm32.c.obj)
 .text.gpio_stm32_configure
                0x00000000080086e8       0x2a zephyr/drivers/gpio/libdrivers__gpio.a(gpio_stm32.c.obj)
                0x00000000080086e8                gpio_stm32_configure
 .text.pinctrl_lookup_state
                0x0000000008008712       0x26 zephyr/drivers/pinctrl/libdrivers__pinctrl.a(common.c.obj)
                0x0000000008008712                pinctrl_lookup_state
 .text.reset_stm32_status
                0x0000000008008738       0x20 zephyr/drivers/reset/libdrivers__reset.a(reset_stm32.c.obj)
 .text.reset_stm32_line_assert
                0x0000000008008758       0x1c zephyr/drivers/reset/libdrivers__reset.a(reset_stm32.c.obj)
 .text.reset_stm32_line_deassert
                0x0000000008008774       0x1c zephyr/drivers/reset/libdrivers__reset.a(reset_stm32.c.obj)
 .text.reset_stm32_line_toggle
                0x0000000008008790       0x16 zephyr/drivers/reset/libdrivers__reset.a(reset_stm32.c.obj)
 .text.uart_stm32_ll2cfg_databits
                0x00000000080087a6       0x2c zephyr/drivers/serial/libdrivers__serial.a(uart_stm32.c.obj)
 .text.uart_stm32_err_check
                0x00000000080087d2       0x5e zephyr/drivers/serial/libdrivers__serial.a(uart_stm32.c.obj)
 .text.uart_stm32_poll_out
                0x0000000008008830       0x36 zephyr/drivers/serial/libdrivers__serial.a(uart_stm32.c.obj)
 .text.uart_stm32_poll_in
                0x0000000008008866       0x22 zephyr/drivers/serial/libdrivers__serial.a(uart_stm32.c.obj)
 .text.HAL_PCD_SOFCallback
                0x0000000008008888        0x2 modules/hal_stm32/stm32cube/lib..__modules__hal__stm32__stm32cube.a(stm32g0xx_hal_pcd.c.obj)
                0x0000000008008888                HAL_PCD_SOFCallback
 .text.HAL_PCD_SetAddress
                0x000000000800888a       0x22 modules/hal_stm32/stm32cube/lib..__modules__hal__stm32__stm32cube.a(stm32g0xx_hal_pcd.c.obj)
                0x000000000800888a                HAL_PCD_SetAddress
 .text.HAL_PCD_EP_Open
                0x00000000080088ac       0x58 modules/hal_stm32/stm32cube/lib..__modules__hal__stm32__stm32cube.a(stm32g0xx_hal_pcd.c.obj)
                0x00000000080088ac                HAL_PCD_EP_Open
 .text.HAL_PCD_EP_Receive
                0x0000000008008904       0x36 modules/hal_stm32/stm32cube/lib..__modules__hal__stm32__stm32cube.a(stm32g0xx_hal_pcd.c.obj)
                0x0000000008008904                HAL_PCD_EP_Receive
 .text.HAL_PCD_EP_GetRxCount
                0x000000000800893a       0x10 modules/hal_stm32/stm32cube/lib..__modules__hal__stm32__stm32cube.a(stm32g0xx_hal_pcd.c.obj)
                0x000000000800893a                HAL_PCD_EP_GetRxCount
 .text.HAL_PCDEx_LPM_Callback
                0x000000000800894a        0x2 modules/hal_stm32/stm32cube/lib..__modules__hal__stm32__stm32cube.a(stm32g0xx_hal_pcd_ex.c.obj)
                0x000000000800894a                HAL_PCDEx_LPM_Callback
 .text.USB_SetDevAddress
                0x000000000800894c        0xc modules/hal_stm32/stm32cube/lib..__modules__hal__stm32__stm32cube.a(stm32g0xx_ll_usb.c.obj)
                0x000000000800894c                USB_SetDevAddress
 .text.USB_ReadInterrupts
                0x0000000008008958        0x4 modules/hal_stm32/stm32cube/lib..__modules__hal__stm32__stm32cube.a(stm32g0xx_ll_usb.c.obj)
                0x0000000008008958                USB_ReadInterrupts
 .text.do_device_init
                0x000000000800895c       0x32 zephyr/kernel/libkernel.a(device.c.obj)
                0x000000000800895c                do_device_init
 .text.z_impl_device_is_ready
                0x000000000800898e       0x1a zephyr/kernel/libkernel.a(device.c.obj)
                0x000000000800898e                z_impl_device_is_ready
 .text.arch_system_halt
                0x00000000080089a8        0x8 zephyr/kernel/libkernel.a(fatal.c.obj)
                0x00000000080089a8                arch_system_halt
 .text.idle     0x00000000080089b0        0xe zephyr/kernel/libkernel.a(idle.c.obj)
                0x00000000080089b0                idle
 .text.adjust_owner_prio.isra.0
                0x00000000080089be       0x16 zephyr/kernel/libkernel.a(mutex.c.obj)
 .text.z_impl_k_mutex_init
                0x00000000080089d4        0xe zephyr/kernel/libkernel.a(mutex.c.obj)
                0x00000000080089d4                z_impl_k_mutex_init
 .text.z_impl_k_sem_init
                0x00000000080089e2       0x1a zephyr/kernel/libkernel.a(sem.c.obj)
                0x00000000080089e2                z_impl_k_sem_init
 .text.flag_test_and_clear
                0x00000000080089fc       0x18 zephyr/kernel/libkernel.a(work.c.obj)
 .text.k_is_in_isr
                0x0000000008008a14        0xc zephyr/kernel/libkernel.a(thread.c.obj)
                0x0000000008008a14                k_is_in_isr
 .text.z_impl_k_thread_name_set
                0x0000000008008a20        0x6 zephyr/kernel/libkernel.a(thread.c.obj)
                0x0000000008008a20                z_impl_k_thread_name_set
 .text.k_thread_name_get
                0x0000000008008a26        0x4 zephyr/kernel/libkernel.a(thread.c.obj)
                0x0000000008008a26                k_thread_name_get
 .text.sys_dlist_remove
                0x0000000008008a2a       0x10 zephyr/kernel/libkernel.a(sched.c.obj)
 .text.unpend_thread_no_timeout
                0x0000000008008a3a       0x16 zephyr/kernel/libkernel.a(sched.c.obj)
 .text.add_to_waitq_locked
                0x0000000008008a50       0x52 zephyr/kernel/libkernel.a(sched.c.obj)
 .text.z_ready_thread
                0x0000000008008aa2       0x18 zephyr/kernel/libkernel.a(sched.c.obj)
                0x0000000008008aa2                z_ready_thread
 .text.z_unpend_thread_no_timeout
                0x0000000008008aba       0x1e zephyr/kernel/libkernel.a(sched.c.obj)
                0x0000000008008aba                z_unpend_thread_no_timeout
 .text.z_sched_wake_thread
                0x0000000008008ad8       0x36 zephyr/kernel/libkernel.a(sched.c.obj)
                0x0000000008008ad8                z_sched_wake_thread
 .text.z_thread_timeout
                0x0000000008008b0e        0xc zephyr/kernel/libkernel.a(sched.c.obj)
                0x0000000008008b0e                z_thread_timeout
 .text.z_unpend1_no_timeout
                0x0000000008008b1a       0x2a zephyr/kernel/libkernel.a(sched.c.obj)
                0x0000000008008b1a                z_unpend1_no_timeout
 .text.z_sched_wake
                0x0000000008008b44       0x3c zephyr/kernel/libkernel.a(sched.c.obj)
                0x0000000008008b44                z_sched_wake
 .text.z_abort_timeout
                0x0000000008008b80       0x4c zephyr/kernel/libkernel.a(timeout.c.obj)
                0x0000000008008b80                z_abort_timeout
 .text.sys_clock_tick_get_32
                0x0000000008008bcc        0x8 zephyr/kernel/libkernel.a(timeout.c.obj)
                0x0000000008008bcc                sys_clock_tick_get_32
 .text.z_impl_k_uptime_ticks
                0x0000000008008bd4        0x8 zephyr/kernel/libkernel.a(timeout.c.obj)
                0x0000000008008bd4                z_impl_k_uptime_ticks
 .text.k_timer_init
                0x0000000008008bdc       0x18 zephyr/kernel/libkernel.a(timer.c.obj)
                0x0000000008008bdc                k_timer_init
 .text.z_impl_k_timer_stop
                0x0000000008008bf4       0x32 zephyr/kernel/libkernel.a(timer.c.obj)
                0x0000000008008bf4                z_impl_k_timer_stop
 .text.z_impl_atomic_add
                0x0000000008008c26       0x1a zephyr/kernel/libkernel.a(atomic_c.c.obj)
                0x0000000008008c26                z_impl_atomic_add
 .text.z_impl_atomic_sub
                0x0000000008008c40       0x1a zephyr/kernel/libkernel.a(atomic_c.c.obj)
                0x0000000008008c40                z_impl_atomic_sub
 .text.z_impl_atomic_set
                0x0000000008008c5a       0x18 zephyr/kernel/libkernel.a(atomic_c.c.obj)
                0x0000000008008c5a                z_impl_atomic_set
 .text.k_heap_init
                0x0000000008008c72       0x10 zephyr/kernel/libkernel.a(kheap.c.obj)
                0x0000000008008c72                k_heap_init
 .text.memcpy   0x0000000008008c82       0x12 c:\users\iteedi\zephyr-sdk-0.17.4\arm-zephyr-eabi\bin\../lib/gcc/../../picolibc/arm-zephyr-eabi/lib/thumb/v6-m/nofp\libc.a(memcpy.c.o)
                0x0000000008008c82                __aeabi_memcpy
                0x0000000008008c82                __aeabi_memcpy4
                0x0000000008008c82                __aeabi_memcpy8
                0x0000000008008c82                memcpy
 .text.memset   0x0000000008008c94       0x10 c:\users\iteedi\zephyr-sdk-0.17.4\arm-zephyr-eabi\bin\../lib/gcc/../../picolibc/arm-zephyr-eabi/lib/thumb/v6-m/nofp\libc.a(memset.c.o)
                0x0000000008008c94                memset
 .text.strncmp  0x0000000008008ca4       0x22 c:\users\iteedi\zephyr-sdk-0.17.4\arm-zephyr-eabi\bin\../lib/gcc/../../picolibc/arm-zephyr-eabi/lib/thumb/v6-m/nofp\libc.a(libc_string_strncmp.c.o)
                0x0000000008008ca4                strncmp
 .text.strnlen  0x0000000008008cc6       0x16 c:\users\iteedi\zephyr-sdk-0.17.4\arm-zephyr-eabi\bin\../lib/gcc/../../picolibc/arm-zephyr-eabi/lib/thumb/v6-m/nofp\libc.a(libc_string_strnlen.c.o)
                0x0000000008008cc6                strnlen
 .text.__ultoa_invert
                0x0000000008008cdc      0x10e c:\users\iteedi\zephyr-sdk-0.17.4\arm-zephyr-eabi\bin\../lib/gcc/../../picolibc/arm-zephyr-eabi/lib/thumb/v6-m/nofp\libc.a(libc_tinystdio_vflprintf.c.o)
 .text.__file_str_put
                0x0000000008008dea       0x10 c:\users\iteedi\zephyr-sdk-0.17.4\arm-zephyr-eabi\bin\../lib/gcc/../../picolibc/arm-zephyr-eabi/lib/thumb/v6-m/nofp\libc.a(libc_tinystdio_filestrput.c.o)
                0x0000000008008dea                __file_str_put
 *(SORT_BY_ALIGNMENT(.TEXT.*))
 *fill*         0x0000000008008dfa        0x2 
 .TEXT.__aeabi_read_tp
                0x0000000008008dfc        0xc zephyr/arch/arch/arm/core/cortex_m/libarch__arm__core__cortex_m.a(__aeabi_read_tp.S.obj)
                0x0000000008008dfc                __aeabi_read_tp
 *(SORT_BY_ALIGNMENT(.gnu.linkonce.t.*))
 *(SORT_BY_ALIGNMENT(.glue_7t))
 .glue_7t       0x0000000008008e08        0x0 linker stubs
 *(SORT_BY_ALIGNMENT(.glue_7))
 .glue_7        0x0000000008008e08        0x0 linker stubs
 *(SORT_BY_ALIGNMENT(.vfp11_veneer))
 .vfp11_veneer  0x0000000008008e08        0x0 linker stubs
 *(SORT_BY_ALIGNMENT(.v4_bx))
 .v4_bx         0x0000000008008e08        0x0 linker stubs
                0x0000000008008e08                . = ALIGN (0x4)
                0x0000000008008e08                __text_region_end = .

.ARM.exidx      0x0000000008008e08        0x8
                0x0000000008008e08                __exidx_start = .
 *(SORT_BY_ALIGNMENT(.ARM.exidx*) SORT_BY_ALIGNMENT(gnu.linkonce.armexidx.*))
 .ARM.exidx     0x0000000008008e08        0x8 c:/users/iteedi/zephyr-sdk-0.17.4/arm-zephyr-eabi/bin/../lib/gcc/arm-zephyr-eabi/12.2.0/thumb/v6-m/nofp\libgcc.a(_udivmoddi4.o)
                0x0000000008008e10                __exidx_end = .
                0x0000000008008e10                __rodata_region_start = .

initlevel       0x0000000008008e10       0x98
                0x0000000008008e10                __init_start = .
                0x0000000008008e10                __init_EARLY_start = .
 *(SORT_BY_NAME(SORT_BY_ALIGNMENT(.z_init_EARLY_P_?_*)))
 *(SORT_BY_NAME(SORT_BY_ALIGNMENT(.z_init_EARLY_P_??_*)))
 *(SORT_BY_NAME(SORT_BY_ALIGNMENT(.z_init_EARLY_P_???_*)))
                0x0000000008008e10                __init_PRE_KERNEL_1_start = .
 *(SORT_BY_NAME(SORT_BY_ALIGNMENT(.z_init_PRE_KERNEL_1_P_?_*)))
 .z_init_PRE_KERNEL_1_P_1_SUB_00008_
                0x0000000008008e10        0x8 zephyr/drivers/clock_control/libdrivers__clock_control.a(clock_stm32_ll_common.c.obj)
 .z_init_PRE_KERNEL_1_P_1_SUB_0_
                0x0000000008008e18        0x8 zephyr/libzephyr.a(soc_config.c.obj)
 *(SORT_BY_NAME(SORT_BY_ALIGNMENT(.z_init_PRE_KERNEL_1_P_??_*)))
 .z_init_PRE_KERNEL_1_P_30_SUB_0_
                0x0000000008008e20        0x8 zephyr/kernel/libkernel.a(kheap.c.obj)
 .z_init_PRE_KERNEL_1_P_35_SUB_00049_
                0x0000000008008e28        0x8 zephyr/drivers/reset/libdrivers__reset.a(reset_stm32.c.obj)
 .z_init_PRE_KERNEL_1_P_40_SUB_00030_
                0x0000000008008e30        0x8 zephyr/drivers/gpio/libdrivers__gpio.a(gpio_stm32.c.obj)
 .z_init_PRE_KERNEL_1_P_40_SUB_00031_
                0x0000000008008e38        0x8 zephyr/drivers/gpio/libdrivers__gpio.a(gpio_stm32.c.obj)
 .z_init_PRE_KERNEL_1_P_40_SUB_00048_
                0x0000000008008e40        0x8 zephyr/drivers/interrupt_controller/libdrivers__interrupt_controller.a(intc_exti_stm32.c.obj)
 .z_init_PRE_KERNEL_1_P_40_SUB_00079_
                0x0000000008008e48        0x8 zephyr/drivers/gpio/libdrivers__gpio.a(gpio_stm32.c.obj)
 .z_init_PRE_KERNEL_1_P_40_SUB_00080_
                0x0000000008008e50        0x8 zephyr/drivers/gpio/libdrivers__gpio.a(gpio_stm32.c.obj)
 .z_init_PRE_KERNEL_1_P_40_SUB_00081_
                0x0000000008008e58        0x8 zephyr/drivers/gpio/libdrivers__gpio.a(gpio_stm32.c.obj)
 .z_init_PRE_KERNEL_1_P_40_SUB_00082_
                0x0000000008008e60        0x8 zephyr/drivers/gpio/libdrivers__gpio.a(gpio_stm32.c.obj)
 .z_init_PRE_KERNEL_1_P_40_SUB_0_
                0x0000000008008e68        0x8 zephyr/drivers/interrupt_controller/libdrivers__interrupt_controller.a(intc_gpio_stm32.c.obj)
 .z_init_PRE_KERNEL_1_P_50_SUB_00058_
                0x0000000008008e70        0x8 zephyr/drivers/serial/libdrivers__serial.a(uart_stm32.c.obj)
 .z_init_PRE_KERNEL_1_P_60_SUB_0_
                0x0000000008008e78        0x8 zephyr/drivers/console/libdrivers__console.a(uart_console.c.obj)
 *(SORT_BY_NAME(SORT_BY_ALIGNMENT(.z_init_PRE_KERNEL_1_P_???_*)))
                0x0000000008008e80                __init_PRE_KERNEL_2_start = .
 *(SORT_BY_NAME(SORT_BY_ALIGNMENT(.z_init_PRE_KERNEL_2_P_?_*)))
 .z_init_PRE_KERNEL_2_P_0_SUB_0_
                0x0000000008008e80        0x8 zephyr/drivers/timer/libdrivers__timer.a(cortex_m_systick.c.obj)
 *(SORT_BY_NAME(SORT_BY_ALIGNMENT(.z_init_PRE_KERNEL_2_P_??_*)))
 *(SORT_BY_NAME(SORT_BY_ALIGNMENT(.z_init_PRE_KERNEL_2_P_???_*)))
                0x0000000008008e88                __init_POST_KERNEL_start = .
 *(SORT_BY_NAME(SORT_BY_ALIGNMENT(.z_init_POST_KERNEL_P_?_*)))
 .z_init_POST_KERNEL_P_0_SUB_0_
                0x0000000008008e88        0x8 zephyr/libzephyr.a(log_core.c.obj)
 *(SORT_BY_NAME(SORT_BY_ALIGNMENT(.z_init_POST_KERNEL_P_??_*)))
 .z_init_POST_KERNEL_P_35_SUB_0_
                0x0000000008008e90        0x8 zephyr/lib/libc/common/liblib__libc__common.a(malloc.c.obj)
 .z_init_POST_KERNEL_P_40_SUB_0_
                0x0000000008008e98        0x8 zephyr/kernel/libkernel.a(system_work_q.c.obj)
 .z_init_POST_KERNEL_P_80_SUB_00043_
                0x0000000008008ea0        0x8 zephyr/drivers/can/libdrivers__can.a(can_stm32_fdcan.c.obj)
 *(SORT_BY_NAME(SORT_BY_ALIGNMENT(.z_init_POST_KERNEL_P_???_*)))
                0x0000000008008ea8                __init_APPLICATION_start = .
 *(SORT_BY_NAME(SORT_BY_ALIGNMENT(.z_init_APPLICATION_P_?_*)))
 *(SORT_BY_NAME(SORT_BY_ALIGNMENT(.z_init_APPLICATION_P_??_*)))
 *(SORT_BY_NAME(SORT_BY_ALIGNMENT(.z_init_APPLICATION_P_???_*)))
                0x0000000008008ea8                __init_SMP_start = .
 *(SORT_BY_NAME(SORT_BY_ALIGNMENT(.z_init_SMP_P_?_*)))
 *(SORT_BY_NAME(SORT_BY_ALIGNMENT(.z_init_SMP_P_??_*)))
 *(SORT_BY_NAME(SORT_BY_ALIGNMENT(.z_init_SMP_P_???_*)))
                0x0000000008008ea8                __init_end = .

device_area     0x0000000008008ea8      0x160
                0x0000000008008ea8                _device_list_start = .
 *(SORT_BY_NAME(SORT_BY_ALIGNMENT(._device.static.*_?_*)))
 ._device.static.1_1_
                0x0000000008008ea8       0x20 zephyr/drivers/clock_control/libdrivers__clock_control.a(clock_stm32_ll_common.c.obj)
                0x0000000008008ea8                __device_dts_ord_8
 *(SORT_BY_NAME(SORT_BY_ALIGNMENT(._device.static.*_??_*)))
 ._device.static.1_35_
                0x0000000008008ec8       0x20 zephyr/drivers/reset/libdrivers__reset.a(reset_stm32.c.obj)
                0x0000000008008ec8                __device_dts_ord_49
 ._device.static.1_40_
                0x0000000008008ee8       0x20 zephyr/drivers/interrupt_controller/libdrivers__interrupt_controller.a(intc_exti_stm32.c.obj)
                0x0000000008008ee8                __device_dts_ord_48
 ._device.static.1_40_
                0x0000000008008f08       0xc0 zephyr/drivers/gpio/libdrivers__gpio.a(gpio_stm32.c.obj)
                0x0000000008008f08                __device_dts_ord_80
                0x0000000008008f28                __device_dts_ord_82
                0x0000000008008f48                __device_dts_ord_79
                0x0000000008008f68                __device_dts_ord_81
                0x0000000008008f88                __device_dts_ord_31
                0x0000000008008fa8                __device_dts_ord_30
 ._device.static.1_50_
                0x0000000008008fc8       0x20 zephyr/drivers/serial/libdrivers__serial.a(uart_stm32.c.obj)
                0x0000000008008fc8                __device_dts_ord_58
 ._device.static.3_80_
                0x0000000008008fe8       0x20 zephyr/drivers/can/libdrivers__can.a(can_stm32_fdcan.c.obj)
                0x0000000008008fe8                __device_dts_ord_43
 *(SORT_BY_NAME(SORT_BY_ALIGNMENT(._device.static.*_???_*)))
 *(SORT_BY_NAME(SORT_BY_ALIGNMENT(._device.static.*_????_*)))
 *(SORT_BY_NAME(SORT_BY_ALIGNMENT(._device.static.*_?????_*)))
                0x0000000008009008                _device_list_end = .

sw_isr_table    0x0000000008009008       0xf8
                0x0000000008009008                . = ALIGN (0x4)
 *(SORT_BY_ALIGNMENT(.gnu.linkonce.sw_isr_table*))
 .gnu.linkonce.sw_isr_table
                0x0000000008009008       0xf8 zephyr/CMakeFiles/zephyr_final.dir/isr_tables.c.obj
                0x0000000008009008                _sw_isr_table

initlevel_error
                0x0000000008008e10        0x0
 *(SORT_BY_NAME(SORT_BY_ALIGNMENT(.z_init_*)))
                0x0000000000000001                ASSERT ((SIZEOF (initlevel_error) == 0x0), Undefined initialization levels used.)

app_shmem_regions
                0x0000000008009100        0x0
                0x0000000008009100                __app_shmem_regions_start = .
 *(SORT_BY_NAME(SORT_BY_ALIGNMENT(.app_regions.*)))
                0x0000000008009100                __app_shmem_regions_end = .

k_p4wq_initparam_area
                0x0000000008009100        0x0
                0x0000000008009100                _k_p4wq_initparam_list_start = .
 *(SORT_BY_NAME(SORT_BY_ALIGNMENT(._k_p4wq_initparam.static.*)))
                0x0000000008009100                _k_p4wq_initparam_list_end = .

_static_thread_data_area
                0x0000000008009100        0x0
                0x0000000008009100                __static_thread_data_list_start = .
 *(SORT_BY_NAME(SORT_BY_ALIGNMENT(.__static_thread_data.static.*)))
                0x0000000008009100                __static_thread_data_list_end = .

device_deps     0x0000000008009100        0x0
                0x0000000008009100                __device_deps_start = .
 *(SORT_BY_NAME(SORT_BY_ALIGNMENT(.__device_deps_pass2*)))
                0x0000000008009100                __device_deps_end = .

can_driver_api_area
                0x0000000008009100       0x5c
                0x0000000008009100                _can_driver_api_list_start = .
 *(SORT_BY_NAME(SORT_BY_ALIGNMENT(._can_driver_api.static.*)))
 ._can_driver_api.static.can_stm32fd_driver_api_
                0x0000000008009100       0x5c zephyr/drivers/can/libdrivers__can.a(can_stm32_fdcan.c.obj)
                0x000000000800915c                _can_driver_api_list_end = .

gpio_driver_api_area
                0x000000000800915c       0x24
                0x000000000800915c                _gpio_driver_api_list_start = .
 *(SORT_BY_NAME(SORT_BY_ALIGNMENT(._gpio_driver_api.static.*)))
 ._gpio_driver_api.static.gpio_stm32_driver_
                0x000000000800915c       0x24 zephyr/drivers/gpio/libdrivers__gpio.a(gpio_stm32.c.obj)
                0x0000000008009180                _gpio_driver_api_list_end = .

reset_driver_api_area
                0x0000000008009180       0x10
                0x0000000008009180                _reset_driver_api_list_start = .
 *(SORT_BY_NAME(SORT_BY_ALIGNMENT(._reset_driver_api.static.*)))
 ._reset_driver_api.static.reset_stm32_driver_api_
                0x0000000008009180       0x10 zephyr/drivers/reset/libdrivers__reset.a(reset_stm32.c.obj)
                0x0000000008009190                _reset_driver_api_list_end = .

shared_irq_driver_api_area
                0x0000000008009190        0x0
                0x0000000008009190                _shared_irq_driver_api_list_start = .
 *(SORT_BY_NAME(SORT_BY_ALIGNMENT(._shared_irq_driver_api.static.*)))
                0x0000000008009190                _shared_irq_driver_api_list_end = .

crypto_driver_api_area
                0x0000000008009190        0x0
                0x0000000008009190                _crypto_driver_api_list_start = .
 *(SORT_BY_NAME(SORT_BY_ALIGNMENT(._crypto_driver_api.static.*)))
                0x0000000008009190                _crypto_driver_api_list_end = .

adc_driver_api_area
                0x0000000008009190        0x0
                0x0000000008009190                _adc_driver_api_list_start = .
 *(SORT_BY_NAME(SORT_BY_ALIGNMENT(._adc_driver_api.static.*)))
                0x0000000008009190                _adc_driver_api_list_end = .

auxdisplay_driver_api_area
                0x0000000008009190        0x0
                0x0000000008009190                _auxdisplay_driver_api_list_start = .
 *(SORT_BY_NAME(SORT_BY_ALIGNMENT(._auxdisplay_driver_api.static.*)))
                0x0000000008009190                _auxdisplay_driver_api_list_end = .

bbram_driver_api_area
                0x0000000008009190        0x0
                0x0000000008009190                _bbram_driver_api_list_start = .
 *(SORT_BY_NAME(SORT_BY_ALIGNMENT(._bbram_driver_api.static.*)))
                0x0000000008009190                _bbram_driver_api_list_end = .

bt_hci_driver_api_area
                0x0000000008009190        0x0
                0x0000000008009190                _bt_hci_driver_api_list_start = .
 *(SORT_BY_NAME(SORT_BY_ALIGNMENT(._bt_hci_driver_api.static.*)))
                0x0000000008009190                _bt_hci_driver_api_list_end = .

cellular_driver_api_area
                0x0000000008009190        0x0
                0x0000000008009190                _cellular_driver_api_list_start = .
 *(SORT_BY_NAME(SORT_BY_ALIGNMENT(._cellular_driver_api.static.*)))
                0x0000000008009190                _cellular_driver_api_list_end = .

charger_driver_api_area
                0x0000000008009190        0x0
                0x0000000008009190                _charger_driver_api_list_start = .
 *(SORT_BY_NAME(SORT_BY_ALIGNMENT(._charger_driver_api.static.*)))
                0x0000000008009190                _charger_driver_api_list_end = .

clock_control_driver_api_area
                0x0000000008009190       0x1c
                0x0000000008009190                _clock_control_driver_api_list_start = .
 *(SORT_BY_NAME(SORT_BY_ALIGNMENT(._clock_control_driver_api.static.*)))
 ._clock_control_driver_api.static.stm32_clock_control_api_
                0x0000000008009190       0x1c zephyr/drivers/clock_control/libdrivers__clock_control.a(clock_stm32_ll_common.c.obj)
                0x00000000080091ac                _clock_control_driver_api_list_end = .

comparator_driver_api_area
                0x00000000080091ac        0x0
                0x00000000080091ac                _comparator_driver_api_list_start = .
 *(SORT_BY_NAME(SORT_BY_ALIGNMENT(._comparator_driver_api.static.*)))
                0x00000000080091ac                _comparator_driver_api_list_end = .

coredump_driver_api_area
                0x00000000080091ac        0x0
                0x00000000080091ac                _coredump_driver_api_list_start = .
 *(SORT_BY_NAME(SORT_BY_ALIGNMENT(._coredump_driver_api.static.*)))
                0x00000000080091ac                _coredump_driver_api_list_end = .

counter_driver_api_area
                0x00000000080091ac        0x0
                0x00000000080091ac                _counter_driver_api_list_start = .
 *(SORT_BY_NAME(SORT_BY_ALIGNMENT(._counter_driver_api.static.*)))
                0x00000000080091ac                _counter_driver_api_list_end = .

crc_driver_api_area
                0x00000000080091ac        0x0
                0x00000000080091ac                _crc_driver_api_list_start = .
 *(SORT_BY_NAME(SORT_BY_ALIGNMENT(._crc_driver_api.static.*)))
                0x00000000080091ac                _crc_driver_api_list_end = .

dac_driver_api_area
                0x00000000080091ac        0x0
                0x00000000080091ac                _dac_driver_api_list_start = .
 *(SORT_BY_NAME(SORT_BY_ALIGNMENT(._dac_driver_api.static.*)))
                0x00000000080091ac                _dac_driver_api_list_end = .

dai_driver_api_area
                0x00000000080091ac        0x0
                0x00000000080091ac                _dai_driver_api_list_start = .
 *(SORT_BY_NAME(SORT_BY_ALIGNMENT(._dai_driver_api.static.*)))
                0x00000000080091ac                _dai_driver_api_list_end = .

display_driver_api_area
                0x00000000080091ac        0x0
                0x00000000080091ac                _display_driver_api_list_start = .
 *(SORT_BY_NAME(SORT_BY_ALIGNMENT(._display_driver_api.static.*)))
                0x00000000080091ac                _display_driver_api_list_end = .

dma_driver_api_area
                0x00000000080091ac        0x0
                0x00000000080091ac                _dma_driver_api_list_start = .
 *(SORT_BY_NAME(SORT_BY_ALIGNMENT(._dma_driver_api.static.*)))
                0x00000000080091ac                _dma_driver_api_list_end = .

edac_driver_api_area
                0x00000000080091ac        0x0
                0x00000000080091ac                _edac_driver_api_list_start = .
 *(SORT_BY_NAME(SORT_BY_ALIGNMENT(._edac_driver_api.static.*)))
                0x00000000080091ac                _edac_driver_api_list_end = .

eeprom_driver_api_area
                0x00000000080091ac        0x0
                0x00000000080091ac                _eeprom_driver_api_list_start = .
 *(SORT_BY_NAME(SORT_BY_ALIGNMENT(._eeprom_driver_api.static.*)))
                0x00000000080091ac                _eeprom_driver_api_list_end = .

emul_bbram_driver_api_area
                0x00000000080091ac        0x0
                0x00000000080091ac                _emul_bbram_driver_api_list_start = .
 *(SORT_BY_NAME(SORT_BY_ALIGNMENT(._emul_bbram_driver_api.static.*)))
                0x00000000080091ac                _emul_bbram_driver_api_list_end = .

fuel_gauge_emul_driver_api_area
                0x00000000080091ac        0x0
                0x00000000080091ac                _fuel_gauge_emul_driver_api_list_start = .
 *(SORT_BY_NAME(SORT_BY_ALIGNMENT(._fuel_gauge_emul_driver_api.static.*)))
                0x00000000080091ac                _fuel_gauge_emul_driver_api_list_end = .

emul_sensor_driver_api_area
                0x00000000080091ac        0x0
                0x00000000080091ac                _emul_sensor_driver_api_list_start = .
 *(SORT_BY_NAME(SORT_BY_ALIGNMENT(._emul_sensor_driver_api.static.*)))
                0x00000000080091ac                _emul_sensor_driver_api_list_end = .

entropy_driver_api_area
                0x00000000080091ac        0x0
                0x00000000080091ac                _entropy_driver_api_list_start = .
 *(SORT_BY_NAME(SORT_BY_ALIGNMENT(._entropy_driver_api.static.*)))
                0x00000000080091ac                _entropy_driver_api_list_end = .

espi_driver_api_area
                0x00000000080091ac        0x0
                0x00000000080091ac                _espi_driver_api_list_start = .
 *(SORT_BY_NAME(SORT_BY_ALIGNMENT(._espi_driver_api.static.*)))
                0x00000000080091ac                _espi_driver_api_list_end = .

espi_saf_driver_api_area
                0x00000000080091ac        0x0
                0x00000000080091ac                _espi_saf_driver_api_list_start = .
 *(SORT_BY_NAME(SORT_BY_ALIGNMENT(._espi_saf_driver_api.static.*)))
                0x00000000080091ac                _espi_saf_driver_api_list_end = .

flash_driver_api_area
                0x00000000080091ac        0x0
                0x00000000080091ac                _flash_driver_api_list_start = .
 *(SORT_BY_NAME(SORT_BY_ALIGNMENT(._flash_driver_api.static.*)))
                0x00000000080091ac                _flash_driver_api_list_end = .

fpga_driver_api_area
                0x00000000080091ac        0x0
                0x00000000080091ac                _fpga_driver_api_list_start = .
 *(SORT_BY_NAME(SORT_BY_ALIGNMENT(._fpga_driver_api.static.*)))
                0x00000000080091ac                _fpga_driver_api_list_end = .

fuel_gauge_driver_api_area
                0x00000000080091ac        0x0
                0x00000000080091ac                _fuel_gauge_driver_api_list_start = .
 *(SORT_BY_NAME(SORT_BY_ALIGNMENT(._fuel_gauge_driver_api.static.*)))
                0x00000000080091ac                _fuel_gauge_driver_api_list_end = .

gnss_driver_api_area
                0x00000000080091ac        0x0
                0x00000000080091ac                _gnss_driver_api_list_start = .
 *(SORT_BY_NAME(SORT_BY_ALIGNMENT(._gnss_driver_api.static.*)))
                0x00000000080091ac                _gnss_driver_api_list_end = .

haptics_driver_api_area
                0x00000000080091ac        0x0
                0x00000000080091ac                _haptics_driver_api_list_start = .
 *(SORT_BY_NAME(SORT_BY_ALIGNMENT(._haptics_driver_api.static.*)))
                0x00000000080091ac                _haptics_driver_api_list_end = .

hwspinlock_driver_api_area
                0x00000000080091ac        0x0
                0x00000000080091ac                _hwspinlock_driver_api_list_start = .
 *(SORT_BY_NAME(SORT_BY_ALIGNMENT(._hwspinlock_driver_api.static.*)))
                0x00000000080091ac                _hwspinlock_driver_api_list_end = .

i2c_driver_api_area
                0x00000000080091ac        0x0
                0x00000000080091ac                _i2c_driver_api_list_start = .
 *(SORT_BY_NAME(SORT_BY_ALIGNMENT(._i2c_driver_api.static.*)))
                0x00000000080091ac                _i2c_driver_api_list_end = .

i2c_target_driver_api_area
                0x00000000080091ac        0x0
                0x00000000080091ac                _i2c_target_driver_api_list_start = .
 *(SORT_BY_NAME(SORT_BY_ALIGNMENT(._i2c_target_driver_api.static.*)))
                0x00000000080091ac                _i2c_target_driver_api_list_end = .

i2s_driver_api_area
                0x00000000080091ac        0x0
                0x00000000080091ac                _i2s_driver_api_list_start = .
 *(SORT_BY_NAME(SORT_BY_ALIGNMENT(._i2s_driver_api.static.*)))
                0x00000000080091ac                _i2s_driver_api_list_end = .

i3c_driver_api_area
                0x00000000080091ac        0x0
                0x00000000080091ac                _i3c_driver_api_list_start = .
 *(SORT_BY_NAME(SORT_BY_ALIGNMENT(._i3c_driver_api.static.*)))
                0x00000000080091ac                _i3c_driver_api_list_end = .

ipm_driver_api_area
                0x00000000080091ac        0x0
                0x00000000080091ac                _ipm_driver_api_list_start = .
 *(SORT_BY_NAME(SORT_BY_ALIGNMENT(._ipm_driver_api.static.*)))
                0x00000000080091ac                _ipm_driver_api_list_end = .

led_driver_api_area
                0x00000000080091ac        0x0
                0x00000000080091ac                _led_driver_api_list_start = .
 *(SORT_BY_NAME(SORT_BY_ALIGNMENT(._led_driver_api.static.*)))
                0x00000000080091ac                _led_driver_api_list_end = .

led_strip_driver_api_area
                0x00000000080091ac        0x0
                0x00000000080091ac                _led_strip_driver_api_list_start = .
 *(SORT_BY_NAME(SORT_BY_ALIGNMENT(._led_strip_driver_api.static.*)))
                0x00000000080091ac                _led_strip_driver_api_list_end = .

lora_driver_api_area
                0x00000000080091ac        0x0
                0x00000000080091ac                _lora_driver_api_list_start = .
 *(SORT_BY_NAME(SORT_BY_ALIGNMENT(._lora_driver_api.static.*)))
                0x00000000080091ac                _lora_driver_api_list_end = .

mbox_driver_api_area
                0x00000000080091ac        0x0
                0x00000000080091ac                _mbox_driver_api_list_start = .
 *(SORT_BY_NAME(SORT_BY_ALIGNMENT(._mbox_driver_api.static.*)))
                0x00000000080091ac                _mbox_driver_api_list_end = .

mdio_driver_api_area
                0x00000000080091ac        0x0
                0x00000000080091ac                _mdio_driver_api_list_start = .
 *(SORT_BY_NAME(SORT_BY_ALIGNMENT(._mdio_driver_api.static.*)))
                0x00000000080091ac                _mdio_driver_api_list_end = .

mipi_dbi_driver_api_area
                0x00000000080091ac        0x0
                0x00000000080091ac                _mipi_dbi_driver_api_list_start = .
 *(SORT_BY_NAME(SORT_BY_ALIGNMENT(._mipi_dbi_driver_api.static.*)))
                0x00000000080091ac                _mipi_dbi_driver_api_list_end = .

mipi_dsi_driver_api_area
                0x00000000080091ac        0x0
                0x00000000080091ac                _mipi_dsi_driver_api_list_start = .
 *(SORT_BY_NAME(SORT_BY_ALIGNMENT(._mipi_dsi_driver_api.static.*)))
                0x00000000080091ac                _mipi_dsi_driver_api_list_end = .

mspi_driver_api_area
                0x00000000080091ac        0x0
                0x00000000080091ac                _mspi_driver_api_list_start = .
 *(SORT_BY_NAME(SORT_BY_ALIGNMENT(._mspi_driver_api.static.*)))
                0x00000000080091ac                _mspi_driver_api_list_end = .

opamp_driver_api_area
                0x00000000080091ac        0x0
                0x00000000080091ac                _opamp_driver_api_list_start = .
 *(SORT_BY_NAME(SORT_BY_ALIGNMENT(._opamp_driver_api.static.*)))
                0x00000000080091ac                _opamp_driver_api_list_end = .

peci_driver_api_area
                0x00000000080091ac        0x0
                0x00000000080091ac                _peci_driver_api_list_start = .
 *(SORT_BY_NAME(SORT_BY_ALIGNMENT(._peci_driver_api.static.*)))